114.138.228.73 - - [17/Apr/2013:17:18:54 +0800] "GET /sxzn/images/logo.jpg HTTP/1.1" 200 41120 "http://www.zxsxsample.com/sxzn/inc/topFrame.jsp" "Mozilla/5.0 (Windows NT 5.1) AppleWebKit/537.1 (KHTML, like Gecko) Chrome/7.3.2201.9 Safari/537.1"
114.138.228.73 - - [17/Apr/2013:17:18:54 +0800] "GET /clim/advanced/images/vertline.gif HTTP/1.1" 200 63 "http://www.zxsxsample.com/clim/advanced/left.jsp" "Mozilla/5.0 (Windows NT 5.1) AppleWebKit/537.1 (KHTML, like Gecko) Chrome/7.3.2201.9 Safari/537.1"
114.138.228.73 - - [17/Apr/2013:17:18:54 +0800] "GET /clim/advanced/images/line_05.gif HTTP/1.1" 200 65 "http://www.zxsxsample.com/clim/advanced/left.jsp" "Mozilla/5.0 (Windows NT 5.1) AppleWebKit/537.1 (KHTML, like Gecko) Chrome/7.3.2201.9 Safari/537.1"
114.138.228.73 - - [17/Apr/2013:17:18:54 +0800] "GET /clim/advanced/images/grid.gif HTTP/1.1" 200 987 "http://www.zxsxsample.com/clim/advanced/left.jsp" "Mozilla/5.0 (Windows NT 5.1) AppleWebKit/537.1 (KHTML, like Gecko) Chrome/7.3.2201.9 Safari/537.1"
114.138.228.73 - - [17/Apr/2013:17:18:54 +0800] "GET /clim/advanced/images/line_05_last.gif HTTP/1.1" 200 62 "http://www.zxsxsample.com/clim/advanced/left.jsp" "Mozilla/5.0 (Windows NT 5.1) AppleWebKit/537.1 (KHTML, like Gecko) Chrome/7.3.2201.9 Safari/537.1"
114.138.228.73 - - [17/Apr/2013:17:18:54 +0800] "GET /clim/advanced/images/open_folder.gif HTTP/1.1" 200 568 "http://www.zxsxsample.com/clim/advanced/left.jsp" "Mozilla/5.0 (Windows NT 5.1) AppleWebKit/537.1 (KHTML, like Gecko) Chrome/7.3.2201.9 Safari/537.1"
114.138.228.73 - - [17/Apr/2013:17:18:54 +0800] "GET /clim/images/climintro4.jpg HTTP/1.1" 200 29824 "http://www.zxsxsample.com/clim/climintro.jsp" "Mozilla/5.0 (Windows NT 5.1) AppleWebKit/537.1 (KHTML, like Gecko) Chrome/7.3.2201.9 Safari/537.1"
114.138.228.73 - - [17/Apr/2013:17:18:54 +0800] "GET /clim/advanced/images/open_lastnode.gif HTTP/1.1" 200 78 "http://www.zxsxsample.com/clim/advanced/left.jsp" "Mozilla/5.0 (Windows NT 5.1) AppleWebKit/537.1 (KHTML, like Gecko) Chrome/7.3.2201.9 Safari/537.1"
114.138.228.73 - - [17/Apr/2013:17:18:54 +0800] "GET /clim/advanced/images/blank.gif HTTP/1.1" 200 135 "http://www.zxsxsample.com/clim/advanced/left.jsp" "Mozilla/5.0 (Windows NT 5.1) AppleWebKit/537.1 (KHTML, like Gecko) Chrome/7.3.2201.9 Safari/537.1"
114.138.228.73 - - [17/Apr/2013:17:18:54 +0800] "GET /clim/advanced/images/doc.gif HTTP/1.1" 200 1014 "http://www.zxsxsample.com/clim/advanced/left.jsp" "Mozilla/5.0 (Windows NT 5.1) AppleWebKit/537.1 (KHTML, like Gecko) Chrome/7.3.2201.9 Safari/537.1"
114.138.228.73 - - [17/Apr/2013:17:18:54 +0800] "GET /clim/advanced/images/lastnode.gif HTTP/1.1" 200 80 "http://www.zxsxsample.com/clim/advanced/left.jsp" "Mozilla/5.0 (Windows NT 5.1) AppleWebKit/537.1 (KHTML, like Gecko) Chrome/7.3.2201.9 Safari/537.1"
114.138.228.73 - - [17/Apr/2013:17:18:54 +0800] "GET /clim/advanced/images/node.gif HTTP/1.1" 200 82 "http://www.zxsxsample.com/clim/advanced/left.jsp" "Mozilla/5.0 (Windows NT 5.1) AppleWebKit/537.1 (KHTML, like Gecko) Chrome/7.3.2201.9 Safari/537.1"
114.138.228.73 - - [17/Apr/2013:17:18:54 +0800] "GET /clim/advanced/images/tf.gif HTTP/1.1" 200 992 "http://www.zxsxsample.com/clim/advanced/left.jsp" "Mozilla/5.0 (Windows NT 5.1) AppleWebKit/537.1 (KHTML, like Gecko) Chrome/7.3.2201.9 Safari/537.1"
114.138.228.73 - - [17/Apr/2013:17:18:54 +0800] "GET /clim/advanced/images/folder.gif HTTP/1.1" 200 560 "http://www.zxsxsample.com/clim/advanced/left.jsp" "Mozilla/5.0 (Windows NT 5.1) AppleWebKit/537.1 (KHTML, like Gecko) Chrome/7.3.2201.9 Safari/537.1"
114.138.228.73 - - [17/Apr/2013:17:18:54 +0800] "GET /favicon.ico HTTP/1.1" 404 209 "-" "Mozilla/5.0 (Windows NT 5.1) AppleWebKit/537.1 (KHTML, like Gecko) Chrome/7.3.2201.9 Safari/537.1"
61.149.37.106 - - [17/Apr/2013:17:20:13 +0800] "GET / HTTP/1.1" 302 - "-" "Jakarta Commons-HttpClient/3.1"
61.149.37.106 - - [17/Apr/2013:17:20:13 +0800] "GET /sxzn/index.action HTTP/1.1" 200 18352 "-" "Jakarta Commons-HttpClient/3.1"
66.249.75.10 - - [17/Apr/2013:17:20:43 +0800] "GET /sxzn/foreground/listDataOfMD.action?id=6 HTTP/1.1" 302 - "-" "Mozilla/5.0 (compatible; Googlebot/2.1; +http://www.google.com/bot.html)"
66.249.75.7 - - [17/Apr/2013:17:20:44 +0800] "GET /sxzn/login.action;jsessionid=2A729AF91C6D66CC864B5E1EEDD90434 HTTP/1.1" 200 7450 "-" "Mozilla/5.0 (compatible; Googlebot/2.1; +http://www.google.com/bot.html)"
61.149.37.239 - - [17/Apr/2013:17:20:45 +0800] "GET / HTTP/1.1" 302 - "-" "Jakarta Commons-HttpClient/3.1"
61.149.37.239 - - [17/Apr/2013:17:20:45 +0800] "GET /sxzn/index.action HTTP/1.1" 200 18352 "-" "Jakarta Commons-HttpClient/3.1"
111.206.71.69 - - [17/Apr/2013:17:20:50 +0800] "GET /http_type/tm/docments/LT51200232007271MGR01%20Metadata.htm HTTP/1.1" 200 16134 "-" "Mozilla/5.0 (compatible; Baiduspider/2.0; +http://www.baidu.com/search/spider.html)"
221.208.255.233 - - [17/Apr/2013:17:21:45 +0800] "GET /clim/images/climintro4.jpg HTTP/1.1" 200 29824 "http://image.baidu.com/i?ct=503316480&z=&tn=baiduimagedetail&word=%E5%8C%97%E4%BA%AC%E6%88%BF%E4%BB%B7%E7%AD%89%E5%80%BC%E7%BA%BF%E5%9B%BE&ie=utf-8&in=13064&cl=2&lm=-1&st=&pn=9&rn=1&di=95450028752&ln=1977&fr=&fm=rs5&fmq=1366190124437_R&ic=&s=&se=&sme=0&tab=&width=&height=&face=&is=&istype=&hit=" "Mozilla/5.0 (Windows NT 6.1) AppleWebKit/537.1 (KHTML, like Gecko) Chrome/7.3.2201.9 Safari/537.1"
183.19.146.204 - - [17/Apr/2013:17:24:21 +0800] "GET /clim/images/climintro2.jpg HTTP/1.1" 200 11519 "http://image.baidu.com/i?ct=503316480&z=&tn=baiduimagedetail&word=%E6%B0%94%E5%80%99%E5%88%86%E5%8C%BA%E5%9B%BE&ie=utf-8&in=3574&cl=2&lm=-1&st=&pn=7&rn=1&di=271496907850&ln=1983&fr=&fm=&fmq=1366190708156_R&ic=&s=&se=&sme=0&tab=&width=&height=&face=&is=&istype=&hit=" "Mozilla/4.0 (compatible; MSIE 7.0; Windows NT 5.1; .NET CLR 2.0.50727; BIDUBrowser 2.x)"
61.149.37.106 - - [17/Apr/2013:17:25:14 +0800] "GET / HTTP/1.1" 302 - "-" "Jakarta Commons-HttpClient/3.1"
61.149.37.106 - - [17/Apr/2013:17:25:14 +0800] "GET /sxzn/index.action HTTP/1.1" 200 18352 "-" "Jakarta Commons-HttpClient/3.1"
61.149.37.239 - - [17/Apr/2013:17:25:37 +0800] "GET / HTTP/1.1" 302 - "-" "Jakarta Commons-HttpClient/3.1"
61.149.37.239 - - [17/Apr/2013:17:25:37 +0800] "GET /sxzn/index.action HTTP/1.1" 200 18352 "-" "Jakarta Commons-HttpClient/3.1"
114.248.162.51 - - [17/Apr/2013:17:26:49 +0800] "GET / HTTP/1.0" 302 - "-" "hqthCrawler"
66.249.75.7 - - [17/Apr/2013:17:28:39 +0800] "GET /stat/images/open_folder.gif HTTP/1.1" 304 - "-" "Googlebot-Image/1.0"
61.149.37.106 - - [17/Apr/2013:17:30:13 +0800] "GET / HTTP/1.1" 302 - "-" "Jakarta Commons-HttpClient/3.1"
61.149.37.106 - - [17/Apr/2013:17:30:13 +0800] "GET /sxzn/index.action HTTP/1.1" 200 18352 "-" "Jakarta Commons-HttpClient/3.1"
218.30.103.140 - - [17/Apr/2013:17:30:30 +0800] "GET /sxzn/foreground/browseMetadata.action?id=30 HTTP/1.1" 200 14400 "-" "Sogou web spider/4.0(+http://www.sogou.com/docs/help/webmasters.htm#07)"
66.249.75.7 - - [17/Apr/2013:17:30:35 +0800] "GET /clim/climintro.jsp HTTP/1.1" 200 3270 "-" "Mozilla/5.0 (compatible; Googlebot/2.1; +http://www.google.com/bot.html)"
61.149.37.239 - - [17/Apr/2013:17:30:37 +0800] "GET / HTTP/1.1" 302 - "-" "Jakarta Commons-HttpClient/3.1"
61.149.37.239 - - [17/Apr/2013:17:30:37 +0800] "GET /sxzn/index.action HTTP/1.1" 200 18352 "-" "Jakarta Commons-HttpClient/3.1"
111.206.71.59 - - [17/Apr/2013:17:35:13 +0800] "GET /http_type/tm/docments/LT51200361995110XXX00%20Metadata.htm HTTP/1.1" 200 16131 "-" "Mozilla/5.0 (compatible; Baiduspider/2.0; +http://www.baidu.com/search/spider.html)"
1.202.218.91 - - [17/Apr/2013:17:35:29 +0800] "GET /sxzn/foreground/browseMetadata.action HTTP/1.1" 200 25601 "-" "Mozilla/5.0 (compatible; JikeSpider; +http://shoulu.jike.com/spider.html)"
61.149.37.106 - - [17/Apr/2013:17:35:42 +0800] "GET / HTTP/1.1" 302 - "-" "Jakarta Commons-HttpClient/3.1"
61.149.37.106 - - [17/Apr/2013:17:35:42 +0800] "GET /sxzn/index.action HTTP/1.1" 200 18352 "-" "Jakarta Commons-HttpClient/3.1"
61.149.37.239 - - [17/Apr/2013:17:35:51 +0800] "GET / HTTP/1.1" 302 - "-" "Jakarta Commons-HttpClient/3.1"
61.149.37.239 - - [17/Apr/2013:17:35:51 +0800] "GET /sxzn/index.action HTTP/1.1" 200 18352 "-" "Jakarta Commons-HttpClient/3.1"
178.154.179.250 - - [17/Apr/2013:17:39:04 +0800] "GET /zszx/map/standard/level1/digital_loes_swc.doc HTTP/1.1" 200 1323520 "-" "Mozilla/5.0 (compatible; YandexBot/3.0; +http://yandex.com/bots)"
61.149.37.106 - - [17/Apr/2013:17:40:12 +0800] "GET / HTTP/1.1" 302 - "-" "Jakarta Commons-HttpClient/3.1"
61.149.37.106 - - [17/Apr/2013:17:40:13 +0800] "GET /sxzn/index.action HTTP/1.1" 200 18352 "-" "Jakarta Commons-HttpClient/3.1"
61.149.37.239 - - [17/Apr/2013:17:40:37 +0800] "GET / HTTP/1.1" 302 - "-" "Jakarta Commons-HttpClient/3.1"
61.149.37.239 - - [17/Apr/2013:17:40:37 +0800] "GET /sxzn/index.action HTTP/1.1" 200 18352 "-" "Jakarta Commons-HttpClient/3.1"
218.30.103.140 - - [17/Apr/2013:17:42:47 +0800] "GET /sxzn/foreground/browseMetadata.action?id=45 HTTP/1.1" 200 18017 "-" "Sogou web spider/4.0(+http://www.sogou.com/docs/help/webmasters.htm#07)"
114.248.162.51 - - [17/Apr/2013:17:42:47 +0800] "GET / HTTP/1.1" 302 - "-" "Java/1.6.0_10-rc2"
114.248.162.51 - - [17/Apr/2013:17:42:47 +0800] "GET /sxzn/index.action HTTP/1.1" 200 18528 "-" "Java/1.6.0_10-rc2"
61.150.82.98 - - [17/Apr/2013:17:43:53 +0800] "GET /html/shanxi-shuibaoruo.htm HTTP/1.1" 200 896 "http://rsr.csdb.cn/rsl01010Action.do?keyType=1&urltype=1&keyword=%E5%BB%B6%E5%AE%89" "Mozilla/4.0 (compatible; MSIE 6.0; Windows NT 5.1; SV1; 360SE)"
61.150.82.98 - - [17/Apr/2013:17:43:53 +0800] "GET /sxzn/inc/topFrame.jsp HTTP/1.1" 200 2567 "http://www.zxsxsample.com/html/shanxi-shuibaoruo.htm" "Mozilla/4.0 (compatible; MSIE 6.0; Windows NT 5.1; SV1; 360SE)"
61.150.82.98 - - [17/Apr/2013:17:43:53 +0800] "GET /sxzn/css/layout.css HTTP/1.1" 200 6591 "http://www.zxsxsample.com/sxzn/inc/topFrame.jsp" "Mozilla/4.0 (compatible; MSIE 6.0; Windows NT 5.1; SV1; 360SE)"
61.150.82.98 - - [17/Apr/2013:17:43:53 +0800] "GET /sxzn/css/index.css HTTP/1.1" 200 1730 "http://www.zxsxsample.com/sxzn/inc/topFrame.jsp" "Mozilla/4.0 (compatible; MSIE 6.0; Windows NT 5.1; SV1; 360SE)"
61.150.82.98 - - [17/Apr/2013:17:43:53 +0800] "GET /sxzn/images/doc_02.gif HTTP/1.1" 200 55 "http://www.zxsxsample.com/sxzn/inc/topFrame.jsp" "Mozilla/4.0 (compatible; MSIE 6.0; Windows NT 5.1; SV1; 360SE)"
61.150.82.98 - - [17/Apr/2013:17:43:53 +0800] "GET /sxzn/images/logo.jpg HTTP/1.1" 200 41120 "http://www.zxsxsample.com/sxzn/inc/topFrame.jsp" "Mozilla/4.0 (compatible; MSIE 6.0; Windows NT 5.1; SV1; 360SE)"
61.150.82.98 - - [17/Apr/2013:17:44:00 +0800] "GET /favicon.ico HTTP/1.1" 404 209 "-" "Mozilla/4.0 (compatible; MSIE 6.0; Windows NT 5.1; SV1; 360SE)"
61.149.37.106 - - [17/Apr/2013:17:45:12 +0800] "GET / HTTP/1.1" 302 - "-" "Jakarta Commons-HttpClient/3.1"
61.149.37.106 - - [17/Apr/2013:17:45:12 +0800] "GET /sxzn/index.action HTTP/1.1" 200 18352 "-" "Jakarta Commons-HttpClient/3.1"
61.149.37.239 - - [17/Apr/2013:17:45:37 +0800] "GET / HTTP/1.1" 302 - "-" "Jakarta Commons-HttpClient/3.1"
61.149.37.239 - - [17/Apr/2013:17:45:37 +0800] "GET /sxzn/index.action HTTP/1.1" 200 18352 "-" "Jakarta Commons-HttpClient/3.1"
106.120.75.106 - - [17/Apr/2013:17:45:37 +0800] "GET /zszx/map/photo/cgzai/slop.bmp HTTP/1.1" 200 867098 "http://image.baidu.com/i?ct=503316480&z=&tn=baiduimagedetail&word=%E5%9D%A1%E5%BA%A6%E5%9B%BE&ie=utf-8&in=23898&cl=2&lm=-1&st=&pn=1&rn=1&di=151303786200&ln=1989&fr=&fm=&fmq=1366191879938_R&ic=&s=&se=&sme=0&tab=&width=&height=&face=&is=&istype=&hit=" "Mozilla/5.0 (Windows NT 6.1) AppleWebKit/537.17 (KHTML, like Gecko) Chrome/24.0.1312.57 Safari/537.17"
106.120.75.106 - - [17/Apr/2013:17:47:32 +0800] "GET /zszx/map/photo/cw/veg.bmp HTTP/1.1" 200 867098 "http://image.baidu.com/i?ct=503316480&z=&tn=baiduimagedetail&word=%E5%9D%A1%E5%BA%A6%E5%9B%BE&ie=utf-8&in=23898&cl=2&lm=-1&st=&pn=1&rn=1&di=151303786200&ln=1989&fr=&fm=&fmq=1366191879938_R&ic=&s=&se=&sme=0&tab=&width=&height=&face=&is=&istype=&hit=" "Mozilla/5.0 (Windows NT 6.1) AppleWebKit/537.17 (KHTML, like Gecko) Chrome/24.0.1312.57 Safari/537.17"
218.30.103.140 - - [17/Apr/2013:17:48:37 +0800] "GET /obd/showDataSet.jsp?id=1036 HTTP/1.1" 500 2143 "-" "Sogou web spider/4.0(+http://www.sogou.com/docs/help/webmasters.htm#07)"
218.30.103.140 - - [17/Apr/2013:17:48:58 +0800] "GET /sxzn/foreground/listDataOfMD.action?id=149 HTTP/1.1" 302 - "-" "Sogou web spider/4.0(+http://www.sogou.com/docs/help/webmasters.htm#07)"
111.206.71.108 - - [17/Apr/2013:17:49:33 +0800] "GET /http_type/tm/docments/LT51200392006140BJC00%20Metadata.htm HTTP/1.1" 200 16155 "-" "Mozilla/5.0 (compatible; Baiduspider/2.0; +http://www.baidu.com/search/spider.html)"
61.135.169.9 - - [17/Apr/2013:17:50:00 +0800] "HEAD /zszx/index7.htm HTTP/1.0" 404 - "http://image.baidu.com" "-"
106.120.75.106 - - [17/Apr/2013:17:50:01 +0800] "GET /zszx/index7.htm HTTP/1.1" 404 213 "http://image.baidu.com/i?ct=503316480&z=&tn=baiduimagedetail&word=%E5%9D%A1%E5%BA%A6%E5%9B%BE&ie=utf-8&in=23898&cl=2&lm=-1&st=&pn=1&rn=1&di=151303786200&ln=1989&fr=&fm=&fmq=1366191879938_R&ic=&s=&se=&sme=0&tab=&width=&height=&face=&is=&istype=&hit=" "Mozilla/5.0 (Windows NT 6.1) AppleWebKit/537.17 (KHTML, like Gecko) Chrome/24.0.1312.57 Safari/537.17"
106.120.75.106 - - [17/Apr/2013:17:50:01 +0800] "GET /favicon.ico HTTP/1.1" 404 209 "-" "Mozilla/5.0 (Windows NT 6.1) AppleWebKit/537.17 (KHTML, like Gecko) Chrome/24.0.1312.57 Safari/537.17"
61.149.37.106 - - [17/Apr/2013:17:50:22 +0800] "GET / HTTP/1.1" 302 - "-" "Jakarta Commons-HttpClient/3.1"
61.149.37.106 - - [17/Apr/2013:17:50:22 +0800] "GET /sxzn/index.action HTTP/1.1" 200 18352 "-" "Jakarta Commons-HttpClient/3.1"
218.30.103.140 - - [17/Apr/2013:17:50:35 +0800] "GET /sxzn/login.action;jsessionid=4B26929E30F3B9CAAEEBF85FB34F52F2 HTTP/1.1" 200 7318 "-" "Sogou web spider/4.0(+http://www.sogou.com/docs/help/webmasters.htm#07)"
61.149.37.239 - - [17/Apr/2013:17:50:47 +0800] "GET / HTTP/1.1" 302 - "-" "Jakarta Commons-HttpClient/3.1"
61.149.37.239 - - [17/Apr/2013:17:50:47 +0800] "GET /sxzn/index.action HTTP/1.1" 200 18352 "-" "Jakarta Commons-HttpClient/3.1"
218.30.103.140 - - [17/Apr/2013:17:54:36 +0800] "GET / HTTP/1.1" 302 - "-" "Sogou web spider/4.0(+http://www.sogou.com/docs/help/webmasters.htm#07)"
61.149.37.106 - - [17/Apr/2013:17:55:22 +0800] "GET / HTTP/1.1" 302 - "-" "Jakarta Commons-HttpClient/3.1"
61.149.37.106 - - [17/Apr/2013:17:55:22 +0800] "GET /sxzn/index.action HTTP/1.1" 200 18352 "-" "Jakarta Commons-HttpClient/3.1"
61.149.37.239 - - [17/Apr/2013:17:55:47 +0800] "GET / HTTP/1.1" 302 - "-" "Jakarta Commons-HttpClient/3.1"
61.149.37.239 - - [17/Apr/2013:17:55:47 +0800] "GET /sxzn/index.action HTTP/1.1" 200 18352 "-" "Jakarta Commons-HttpClient/3.1"
218.30.103.140 - - [17/Apr/2013:17:56:12 +0800] "GET /sxzn/index.action HTTP/1.1" 200 18352 "-" "Sogou web spider/4.0(+http://www.sogou.com/docs/help/webmasters.htm#07)"
218.30.103.140 - - [17/Apr/2013:17:58:58 +0800] "GET /sxzn/foreground/viewMetadata.action?id=98 HTTP/1.1" 200 8966 "-" "Sogou web spider/4.0(+http://www.sogou.com/docs/help/webmasters.htm#07)"
114.248.162.51 - - [17/Apr/2013:18:00:10 +0800] "GET / HTTP/1.0" 302 - "-" "hqthCrawler"
61.149.12.161 - - [17/Apr/2013:18:00:15 +0800] "GET / HTTP/1.1" 302 - "-" "Jakarta Commons-HttpClient/3.0"
61.149.12.161 - - [17/Apr/2013:18:00:15 +0800] "GET /sxzn/index.action HTTP/1.1" 200 18352 "-" "Jakarta Commons-HttpClient/3.0"
61.149.37.106 - - [17/Apr/2013:18:00:22 +0800] "GET / HTTP/1.1" 302 - "-" "Jakarta Commons-HttpClient/3.1"
61.149.37.106 - - [17/Apr/2013:18:00:22 +0800] "GET /sxzn/index.action HTTP/1.1" 200 18352 "-" "Jakarta Commons-HttpClient/3.1"
61.149.37.239 - - [17/Apr/2013:18:00:47 +0800] "GET / HTTP/1.1" 302 - "-" "Jakarta Commons-HttpClient/3.1"
61.149.37.239 - - [17/Apr/2013:18:00:47 +0800] "GET /sxzn/index.action HTTP/1.1" 200 18352 "-" "Jakarta Commons-HttpClient/3.1"
218.30.103.140 - - [17/Apr/2013:18:03:05 +0800] "GET /sxzn/foreground/viewMetadata.action?id=90 HTTP/1.1" 200 9079 "-" "Sogou web spider/4.0(+http://www.sogou.com/docs/help/webmasters.htm#07)"
111.206.71.71 - - [17/Apr/2013:18:03:54 +0800] "GET /http_type/tm/docments/LT51210232007182IKR00%20Metadata.htm HTTP/1.1" 200 16135 "-" "Mozilla/5.0 (compatible; Baiduspider/2.0; +http://www.baidu.com/search/spider.html)"
61.149.37.106 - - [17/Apr/2013:18:05:13 +0800] "GET / HTTP/1.1" 302 - "-" "Jakarta Commons-HttpClient/3.1"
61.149.37.106 - - [17/Apr/2013:18:05:14 +0800] "GET /sxzn/index.action HTTP/1.1" 200 18352 "-" "Jakarta Commons-HttpClient/3.1"
61.149.37.239 - - [17/Apr/2013:18:05:37 +0800] "GET / HTTP/1.1" 302 - "-" "Jakarta Commons-HttpClient/3.1"
61.149.37.239 - - [17/Apr/2013:18:05:37 +0800] "GET /sxzn/index.action HTTP/1.1" 200 18352 "-" "Jakarta Commons-HttpClient/3.1"
114.248.162.51 - - [17/Apr/2013:18:06:03 +0800] "GET / HTTP/1.1" 302 - "-" "Java/1.6.0_10-rc2"
114.248.162.51 - - [17/Apr/2013:18:06:03 +0800] "GET /sxzn/index.action HTTP/1.1" 200 18528 "-" "Java/1.6.0_10-rc2"
218.30.103.140 - - [17/Apr/2013:18:07:01 +0800] "GET /sxzn/foreground/viewMetadata.action?id=100 HTTP/1.1" 200 8968 "-" "Sogou web spider/4.0(+http://www.sogou.com/docs/help/webmasters.htm#07)"
218.30.103.140 - - [17/Apr/2013:18:09:08 +0800] "GET /sxzn/viewMetadata.action?id=23 HTTP/1.1" 200 8866 "-" "Sogou web spider/4.0(+http://www.sogou.com/docs/help/webmasters.htm#07)"
61.149.37.106 - - [17/Apr/2013:18:10:57 +0800] "GET / HTTP/1.1" 302 - "-" "Jakarta Commons-HttpClient/3.1"
61.149.37.106 - - [17/Apr/2013:18:10:57 +0800] "GET /sxzn/index.action HTTP/1.1" 200 18352 "-" "Jakarta Commons-HttpClient/3.1"
61.149.37.239 - - [17/Apr/2013:18:11:00 +0800] "GET / HTTP/1.1" 302 - "-" "Jakarta Commons-HttpClient/3.1"
61.149.37.239 - - [17/Apr/2013:18:11:00 +0800] "GET /sxzn/index.action HTTP/1.1" 200 18352 "-" "Jakarta Commons-HttpClient/3.1"
220.181.108.184 - - [17/Apr/2013:18:11:02 +0800] "GET /http_type/tm/docments/LT51210312006259IKR00%20Metadata.htm HTTP/1.1" 200 16131 "-" "Mozilla/5.0 (compatible; Baiduspider/2.0; +http://www.baidu.com/search/spider.html)"
220.181.51.79 - - [17/Apr/2013:18:11:06 +0800] "GET /zszx/map/photo/cw/veg.bmp HTTP/1.1" 200 867098 "http://image.baidu.com/" "Mozilla/5.0 (Windows NT 5.1; rv:6.0.2) Gecko/20100101 Firefox/6.0.2"
218.30.103.140 - - [17/Apr/2013:18:13:07 +0800] "GET /obd/showEntity.jsp?id=1429 HTTP/1.1" 500 2129 "-" "Sogou web spider/4.0(+http://www.sogou.com/docs/help/webmasters.htm#07)"
218.30.103.140 - - [17/Apr/2013:18:13:44 +0800] "GET /sxzn/foreground/listDataOfMD.action?id=128 HTTP/1.1" 302 - "-" "Sogou web spider/4.0(+http://www.sogou.com/docs/help/webmasters.htm#07)"
218.30.103.140 - - [17/Apr/2013:18:15:26 +0800] "GET /sxzn/login.action;jsessionid=DDC4CDD889010D98DB9F47A0503CF26B HTTP/1.1" 200 7318 "-" "Sogou web spider/4.0(+http://www.sogou.com/docs/help/webmasters.htm#07)"
61.149.37.106 - - [17/Apr/2013:18:15:46 +0800] "GET / HTTP/1.1" 302 - "-" "Jakarta Commons-HttpClient/3.1"
61.149.37.106 - - [17/Apr/2013:18:15:46 +0800] "GET /sxzn/index.action HTTP/1.1" 200 18352 "-" "Jakarta Commons-HttpClient/3.1"
61.149.37.239 - - [17/Apr/2013:18:16:05 +0800] "GET / HTTP/1.1" 302 - "-" "Jakarta Commons-HttpClient/3.1"
61.149.37.239 - - [17/Apr/2013:18:16:05 +0800] "GET /sxzn/index.action HTTP/1.1" 200 18352 "-" "Jakarta Commons-HttpClient/3.1"
218.30.103.140 - - [17/Apr/2013:18:19:18 +0800] "GET /sxzn/foreground/browseMetadata.action?id=7&d-49747-p=1 HTTP/1.1" 200 23484 "-" "Sogou web spider/4.0(+http://www.sogou.com/docs/help/webmasters.htm#07)"
61.149.37.106 - - [17/Apr/2013:18:20:32 +0800] "GET / HTTP/1.1" 302 - "-" "Jakarta Commons-HttpClient/3.1"
61.149.37.106 - - [17/Apr/2013:18:20:32 +0800] "GET /sxzn/index.action HTTP/1.1" 200 18352 "-" "Jakarta Commons-HttpClient/3.1"
61.149.37.239 - - [17/Apr/2013:18:21:09 +0800] "GET / HTTP/1.1" 302 - "-" "Jakarta Commons-HttpClient/3.1"
61.149.37.239 - - [17/Apr/2013:18:21:09 +0800] "GET /sxzn/index.action HTTP/1.1" 200 18352 "-" "Jakarta Commons-HttpClient/3.1"
220.181.108.162 - - [17/Apr/2013:18:25:18 +0800] "GET /http_type/tm/docments/LT51210402005272BJC00%20Metadata.htm HTTP/1.1" 200 16154 "-" "Mozilla/5.0 (compatible; Baiduspider/2.0; +http://www.baidu.com/search/spider.html)"
61.149.37.106 - - [17/Apr/2013:18:25:32 +0800] "GET / HTTP/1.1" 302 - "-" "Jakarta Commons-HttpClient/3.1"
61.149.37.106 - - [17/Apr/2013:18:25:32 +0800] "GET /sxzn/index.action HTTP/1.1" 200 18352 "-" "Jakarta Commons-HttpClient/3.1"
61.149.37.239 - - [17/Apr/2013:18:25:57 +0800] "GET / HTTP/1.1" 302 - "-" "Jakarta Commons-HttpClient/3.1"
61.149.37.239 - - [17/Apr/2013:18:25:57 +0800] "GET /sxzn/index.action HTTP/1.1" 200 18352 "-" "Jakarta Commons-HttpClient/3.1"
114.248.162.51 - - [17/Apr/2013:18:27:22 +0800] "GET / HTTP/1.0" 302 - "-" "hqthCrawler"
173.199.120.59 - - [17/Apr/2013:18:27:39 +0800] "GET /clim/advanced/index.jsp HTTP/1.1" 200 719 "-" "Mozilla/5.0 (compatible; AhrefsBot/4.0; +http://ahrefs.com/robot/)"
221.10.76.189 - - [17/Apr/2013:18:28:32 +0800] "GET /favicon.ico HTTP/1.1" 404 209 "-" "Mozilla/4.0 (compatible; MSIE 7.0; Windows NT 5.1; Trident/4.0; .NET CLR 2.0.50727; 360space)"
114.248.162.51 - - [17/Apr/2013:18:29:48 +0800] "GET / HTTP/1.1" 302 - "-" "Java/1.6.0_10-rc2"
114.248.162.51 - - [17/Apr/2013:18:29:48 +0800] "GET /sxzn/index.action HTTP/1.1" 200 18528 "-" "Java/1.6.0_10-rc2"
61.149.37.106 - - [17/Apr/2013:18:30:32 +0800] "GET / HTTP/1.1" 302 - "-" "Jakarta Commons-HttpClient/3.1"
61.149.37.106 - - [17/Apr/2013:18:30:32 +0800] "GET /sxzn/index.action HTTP/1.1" 200 18352 "-" "Jakarta Commons-HttpClient/3.1"
61.149.37.239 - - [17/Apr/2013:18:30:57 +0800] "GET / HTTP/1.1" 302 - "-" "Jakarta Commons-HttpClient/3.1"
61.149.37.239 - - [17/Apr/2013:18:30:57 +0800] "GET /sxzn/index.action HTTP/1.1" 200 18352 "-" "Jakarta Commons-HttpClient/3.1"
111.206.67.206 - - [17/Apr/2013:18:33:27 +0800] "GET /clim/images/climintro2.jpg HTTP/1.1" 200 11519 "http://image.baidu.com/" "Mozilla/5.0 (Windows NT 5.1; rv:6.0.2) Gecko/20100101 Firefox/6.0.2"
173.199.120.59 - - [17/Apr/2013:18:34:47 +0800] "GET /tlp/index.jsp HTTP/1.1" 302 - "-" "Mozilla/5.0 (compatible; AhrefsBot/4.0; +http://ahrefs.com/robot/)"
65.55.215.101 - - [17/Apr/2013:18:35:21 +0800] "GET /robots.txt HTTP/1.1" 404 208 "-" "msnbot-media/1.1 (+http://search.msn.com/msnbot.htm)"
65.55.215.101 - - [17/Apr/2013:18:35:21 +0800] "GET /zszx/handbook/handbook1.files/image094.jpg HTTP/1.1" 200 9991 "-" "msnbot-media/1.1 (+http://search.msn.com/msnbot.htm)"
61.149.37.106 - - [17/Apr/2013:18:35:32 +0800] "GET / HTTP/1.1" 302 - "-" "Jakarta Commons-HttpClient/3.1"
61.149.37.106 - - [17/Apr/2013:18:35:32 +0800] "GET /sxzn/index.action HTTP/1.1" 200 18352 "-" "Jakarta Commons-HttpClient/3.1"
221.11.32.133 - - [17/Apr/2013:18:35:51 +0800] "GET /stat/stat_txt_2.htm HTTP/1.1" 200 38194 "http://www.baidu.com/s?wd=%E9%BB%84%E5%9C%9F%E7%9A%84%E7%BB%84%E6%88%90&pn=10&ie=utf-8&dsp=baidubrowser" "Mozilla/4.0 (compatible; MSIE 8.0; Windows NT 6.1; WOW64; Trident/4.0; MLDD1; .NET CLR 2.0.50727; .NET CLR 2.0.34991; .NET CLR 3.0.30729; Media Center PC 6.0; .NET4.0C; BIDUBrowser 2.x)"
221.11.32.133 - - [17/Apr/2013:18:35:52 +0800] "GET /favicon.ico HTTP/1.1" 404 209 "-" "{C8308501-2F21-4EAC-9859-11EBB7BD6BFB}"
61.149.17.29 - - [17/Apr/2013:18:35:54 +0800] "GET / HTTP/1.0" 302 - "-" "Wget/1.11.4 Red Hat modified"
61.149.17.29 - - [17/Apr/2013:18:35:55 +0800] "GET /sxzn/index.action HTTP/1.0" 200 18352 "-" "Wget/1.11.4 Red Hat modified"
61.149.37.239 - - [17/Apr/2013:18:35:57 +0800] "GET / HTTP/1.1" 302 - "-" "Jakarta Commons-HttpClient/3.1"
61.149.37.239 - - [17/Apr/2013:18:35:57 +0800] "GET /sxzn/index.action HTTP/1.1" 200 18352 "-" "Jakarta Commons-HttpClient/3.1"
66.249.75.7 - - [17/Apr/2013:18:37:31 +0800] "GET /sxzn/sxzn-userGuide.doc HTTP/1.1" 304 - "-" "Mozilla/5.0 (iPhone; U; CPU iPhone OS 4_1 like Mac OS X; en-us) AppleWebKit/532.9 (KHTML, like Gecko) Version/4.0.5 Mobile/8B117 Safari/6531.22.7 (compatible; Googlebot-Mobile/2.1; +http://www.google.com/bot.html)"
173.199.120.59 - - [17/Apr/2013:18:38:04 +0800] "GET /index.jsp?app=stat HTTP/1.1" 302 - "-" "Mozilla/5.0 (compatible; AhrefsBot/4.0; +http://ahrefs.com/robot/)"
111.206.71.39 - - [17/Apr/2013:18:39:41 +0800] "GET /http_type/tm/docments/LT51220342006250IKR00%20Metadata.htm HTTP/1.1" 200 16133 "-" "Mozilla/5.0 (compatible; Baiduspider/2.0; +http://www.baidu.com/search/spider.html)"
61.149.37.106 - - [17/Apr/2013:18:40:33 +0800] "GET / HTTP/1.1" 302 - "-" "Jakarta Commons-HttpClient/3.1"
61.149.37.106 - - [17/Apr/2013:18:40:33 +0800] "GET /sxzn/index.action HTTP/1.1" 200 18352 "-" "Jakarta Commons-HttpClient/3.1"
61.149.37.239 - - [17/Apr/2013:18:40:57 +0800] "GET / HTTP/1.1" 302 - "-" "Jakarta Commons-HttpClient/3.1"
61.149.37.239 - - [17/Apr/2013:18:40:57 +0800] "GET /sxzn/index.action HTTP/1.1" 200 18352 "-" "Jakarta Commons-HttpClient/3.1"
61.149.37.106 - - [17/Apr/2013:18:45:32 +0800] "GET / HTTP/1.1" 302 - "-" "Jakarta Commons-HttpClient/3.1"
61.149.37.106 - - [17/Apr/2013:18:45:32 +0800] "GET /sxzn/index.action HTTP/1.1" 200 18352 "-" "Jakarta Commons-HttpClient/3.1"
61.135.248.175 - - [17/Apr/2013:18:45:40 +0800] "GET / HTTP/1.1" 302 - "-" "Mozilla/5.0 (compatible; YodaoBot/1.0; http://www.yodao.com/help/webmaster/spider/; )"
61.135.248.175 - - [17/Apr/2013:18:45:40 +0800] "GET /robots.txt HTTP/1.1" 404 208 "-" "Mozilla/5.0 (compatible; YodaoBot/1.0; http://www.yodao.com/help/webmaster/spider/; )"
61.135.248.175 - - [17/Apr/2013:18:45:40 +0800] "GET /sxzn/index.action HTTP/1.1" 200 18352 "-" "Mozilla/5.0 (compatible; YodaoBot/1.0; http://www.yodao.com/help/webmaster/spider/; )"
61.149.37.239 - - [17/Apr/2013:18:45:57 +0800] "GET / HTTP/1.1" 302 - "-" "Jakarta Commons-HttpClient/3.1"
61.149.37.239 - - [17/Apr/2013:18:45:57 +0800] "GET /sxzn/index.action HTTP/1.1" 200 18352 "-" "Jakarta Commons-HttpClient/3.1"
1.202.218.98 - - [17/Apr/2013:18:47:34 +0800] "GET /robots.txt HTTP/1.1" 404 208 "-" "Mozilla/5.0 ()"
61.149.37.106 - - [17/Apr/2013:18:50:32 +0800] "GET / HTTP/1.1" 302 - "-" "Jakarta Commons-HttpClient/3.1"
61.149.37.106 - - [17/Apr/2013:18:50:32 +0800] "GET /sxzn/index.action HTTP/1.1" 200 18352 "-" "Jakarta Commons-HttpClient/3.1"
61.149.37.239 - - [17/Apr/2013:18:50:57 +0800] "GET / HTTP/1.1" 302 - "-" "Jakarta Commons-HttpClient/3.1"
61.149.37.239 - - [17/Apr/2013:18:50:57 +0800] "GET /sxzn/index.action HTTP/1.1" 200 18352 "-" "Jakarta Commons-HttpClient/3.1"
114.248.162.51 - - [17/Apr/2013:18:51:41 +0800] "GET / HTTP/1.1" 302 - "-" "Java/1.6.0_10-rc2"
114.248.162.51 - - [17/Apr/2013:18:51:42 +0800] "GET /sxzn/index.action HTTP/1.1" 200 18528 "-" "Java/1.6.0_10-rc2"
220.181.108.103 - - [17/Apr/2013:18:53:59 +0800] "GET /http_type/tm/docments/LT51220432004277BKT00%20Metadata.htm HTTP/1.1" 200 16155 "-" "Mozilla/5.0 (compatible; Baiduspider/2.0; +http://www.baidu.com/search/spider.html)"
114.248.162.51 - - [17/Apr/2013:18:54:30 +0800] "GET / HTTP/1.0" 302 - "-" "hqthCrawler"
61.149.37.106 - - [17/Apr/2013:18:55:32 +0800] "GET / HTTP/1.1" 302 - "-" "Jakarta Commons-HttpClient/3.1"
61.149.37.106 - - [17/Apr/2013:18:55:32 +0800] "GET /sxzn/index.action HTTP/1.1" 200 18352 "-" "Jakarta Commons-HttpClient/3.1"
111.206.67.150 - - [17/Apr/2013:18:54:55 +0800] "GET /zszx/map/photo/cgzai/cont.bmp HTTP/1.1" 200 867098 "http://image.baidu.com/" "Mozilla/5.0 (Windows NT 5.1; rv:6.0.2) Gecko/20100101 Firefox/6.0.2"
61.149.37.239 - - [17/Apr/2013:18:55:57 +0800] "GET / HTTP/1.1" 302 - "-" "Jakarta Commons-HttpClient/3.1"
61.149.37.239 - - [17/Apr/2013:18:55:57 +0800] "GET /sxzn/index.action HTTP/1.1" 200 18352 "-" "Jakarta Commons-HttpClient/3.1"
210.31.67.3 - - [17/Apr/2013:18:55:58 +0800] "GET /favicon.ico HTTP/1.1" 404 209 "-" "Mozilla/4.0 (compatible; MSIE 7.0; Windows NT 5.1; Trident/4.0; .NET CLR 2.0.50727; 360space)"
1.202.218.96 - - [17/Apr/2013:18:57:02 +0800] "HEAD /sxzn/index.action HTTP/1.1" 200 - "-" "Mozilla/5.0 (compatible; JikeSpider; +http://shoulu.jike.com/spider.html)"
1.202.218.97 - - [17/Apr/2013:18:57:23 +0800] "GET /sxzn/index.action HTTP/1.1" 200 18352 "-" "Mozilla/5.0 (compatible; JikeSpider; +http://shoulu.jike.com/spider.html)"
222.205.106.40 - - [17/Apr/2013:18:57:34 +0800] "GET /favicon.ico HTTP/1.1" 404 209 "-" "Mozilla/4.0 (compatible; MSIE 7.0; Windows NT 5.1; Trident/4.0; .NET CLR 2.0.50727; 360space)"
61.149.12.161 - - [17/Apr/2013:19:00:28 +0800] "GET / HTTP/1.1" 302 - "-" "Jakarta Commons-HttpClient/3.0"
61.149.12.161 - - [17/Apr/2013:19:00:28 +0800] "GET /sxzn/index.action HTTP/1.1" 200 18352 "-" "Jakarta Commons-HttpClient/3.0"
61.149.37.106 - - [17/Apr/2013:19:00:32 +0800] "GET / HTTP/1.1" 302 - "-" "Jakarta Commons-HttpClient/3.1"
61.149.37.106 - - [17/Apr/2013:19:00:32 +0800] "GET /sxzn/index.action HTTP/1.1" 200 18352 "-" "Jakarta Commons-HttpClient/3.1"
61.149.37.239 - - [17/Apr/2013:19:00:57 +0800] "GET / HTTP/1.1" 302 - "-" "Jakarta Commons-HttpClient/3.1"
61.149.37.239 - - [17/Apr/2013:19:00:57 +0800] "GET /sxzn/index.action HTTP/1.1" 200 18352 "-" "Jakarta Commons-HttpClient/3.1"
61.149.37.106 - - [17/Apr/2013:19:05:37 +0800] "GET / HTTP/1.1" 302 - "-" "Jakarta Commons-HttpClient/3.1"
61.149.37.106 - - [17/Apr/2013:19:05:37 +0800] "GET /sxzn/index.action HTTP/1.1" 200 18352 "-" "Jakarta Commons-HttpClient/3.1"
61.149.37.239 - - [17/Apr/2013:19:05:57 +0800] "GET / HTTP/1.1" 302 - "-" "Jakarta Commons-HttpClient/3.1"
61.149.37.239 - - [17/Apr/2013:19:05:57 +0800] "GET /sxzn/index.action HTTP/1.1" 200 18352 "-" "Jakarta Commons-HttpClient/3.1"
220.181.108.162 - - [17/Apr/2013:19:08:21 +0800] "GET /http_type/tm/docments/LT51220432005327BJC01%20Metadata.htm HTTP/1.1" 200 16155 "-" "Mozilla/5.0 (compatible; Baiduspider/2.0; +http://www.baidu.com/search/spider.html)"
218.30.116.98 - - [17/Apr/2013:19:09:25 +0800] "GET / HTTP/1.1" 302 - "http://www.zxsxsample.com/" "Mozilla/4.0 (compatible; MSIE 8.0; Windows NT 6.1; Trident/4.0; MLDD1; .NET CLR 2.0.50727; .NET CLR 2.0.34991; .NET CLR 3.0.30729; Media Center PC 6.0; Tablet PC 2.0)"
218.30.116.98 - - [17/Apr/2013:19:09:26 +0800] "GET /sxzn/index.action HTTP/1.1" 200 18528 "http://www.zxsxsample.com/" "Mozilla/4.0 (compatible; MSIE 8.0; Windows NT 6.1; Trident/4.0; MLDD1; .NET CLR 2.0.50727; .NET CLR 2.0.34991; .NET CLR 3.0.30729; Media Center PC 6.0; Tablet PC 2.0)"
61.149.37.106 - - [17/Apr/2013:19:10:17 +0800] "GET / HTTP/1.1" 302 - "-" "Jakarta Commons-HttpClient/3.1"
61.149.37.106 - - [17/Apr/2013:19:10:17 +0800] "GET /sxzn/index.action HTTP/1.1" 200 18352 "-" "Jakarta Commons-HttpClient/3.1"
61.149.37.239 - - [17/Apr/2013:19:10:57 +0800] "GET / HTTP/1.1" 302 - "-" "Jakarta Commons-HttpClient/3.1"
61.149.37.239 - - [17/Apr/2013:19:10:57 +0800] "GET /sxzn/index.action HTTP/1.1" 200 18352 "-" "Jakarta Commons-HttpClient/3.1"
61.149.37.106 - - [17/Apr/2013:19:15:21 +0800] "GET / HTTP/1.1" 302 - "-" "Jakarta Commons-HttpClient/3.1"
61.149.37.106 - - [17/Apr/2013:19:15:21 +0800] "GET /sxzn/index.action HTTP/1.1" 200 18352 "-" "Jakarta Commons-HttpClient/3.1"
114.248.162.51 - - [17/Apr/2013:19:15:44 +0800] "GET / HTTP/1.1" 302 - "-" "Java/1.6.0_10-rc2"
114.248.162.51 - - [17/Apr/2013:19:15:44 +0800] "GET /sxzn/index.action HTTP/1.1" 200 18528 "-" "Java/1.6.0_10-rc2"
61.149.37.239 - - [17/Apr/2013:19:15:57 +0800] "GET / HTTP/1.1" 302 - "-" "Jakarta Commons-HttpClient/3.1"
61.149.37.239 - - [17/Apr/2013:19:15:57 +0800] "GET /sxzn/index.action HTTP/1.1" 200 18352 "-" "Jakarta Commons-HttpClient/3.1"
111.206.67.162 - - [17/Apr/2013:19:16:56 +0800] "GET /zszx/map/photo/50huangtu/plwkxsl.bmp HTTP/1.1" 200 867098 "http://image.baidu.com/" "Mozilla/5.0 (Windows NT 5.1; rv:6.0.2) Gecko/20100101 Firefox/6.0.2"
220.181.51.81 - - [17/Apr/2013:19:17:11 +0800] "GET /clim/images/climintro2.jpg HTTP/1.1" 200 11519 "http://image.baidu.com/" "Mozilla/5.0 (Windows NT 5.1; rv:6.0.2) Gecko/20100101 Firefox/6.0.2"
114.248.162.51 - - [17/Apr/2013:19:18:48 +0800] "GET / HTTP/1.0" 302 - "-" "hqthCrawler"
61.149.37.106 - - [17/Apr/2013:19:20:32 +0800] "GET / HTTP/1.1" 302 - "-" "Jakarta Commons-HttpClient/3.1"
61.149.37.106 - - [17/Apr/2013:19:20:32 +0800] "GET /sxzn/index.action HTTP/1.1" 200 18352 "-" "Jakarta Commons-HttpClient/3.1"
61.149.37.239 - - [17/Apr/2013:19:20:41 +0800] "GET / HTTP/1.1" 302 - "-" "Jakarta Commons-HttpClient/3.1"
61.149.37.239 - - [17/Apr/2013:19:20:41 +0800] "GET /sxzn/index.action HTTP/1.1" 200 18352 "-" "Jakarta Commons-HttpClient/3.1"
220.181.108.153 - - [17/Apr/2013:19:22:44 +0800] "GET /http_type/tm/docments/LT51230302006273IKR00%20Metadata.htm HTTP/1.1" 200 16134 "-" "Mozilla/5.0 (compatible; Baiduspider/2.0; +http://www.baidu.com/search/spider.html)"
61.149.37.106 - - [17/Apr/2013:19:25:12 +0800] "GET / HTTP/1.1" 302 - "-" "Jakarta Commons-HttpClient/3.1"
61.149.37.106 - - [17/Apr/2013:19:25:13 +0800] "GET /sxzn/index.action HTTP/1.1" 200 18352 "-" "Jakarta Commons-HttpClient/3.1"
115.193.195.48 - - [17/Apr/2013:19:25:45 +0800] "GET /clim/images/climintro2.jpg HTTP/1.1" 200 11519 "http://image.baidu.com/i?ct=503316480&z=&tn=baiduimagedetail&word=%E4%B8%AD%E5%9B%BD%E6%B0%94%E5%80%99%E5%8C%BA%E5%88%92%E5%88%86%E5%B8%83%E5%9B%BE&ie=utf-8&in=3574&cl=2&lm=-1&st=&pn=9&rn=1&di=263486503250&ln=1892&fr=&fm=rs2&fmq=1366197743484_R&ic=&s=&se=&sme=0&tab=&width=&height=&face=&is=&istype=&hit=" "Mozilla/4.0 (compatible; MSIE 7.0; Windows NT 5.1; Trident/4.0)"
66.249.75.1 - - [17/Apr/2013:19:25:52 +0800] "GET /robots.txt HTTP/1.1" 404 208 "-" "Mozilla/5.0 (compatible; Googlebot/2.1; +http://www.google.com/bot.html)"
66.249.75.8 - - [17/Apr/2013:19:25:52 +0800] "GET /clim/advanced/images/line_05.gif HTTP/1.1" 304 - "-" "Googlebot-Image/1.0"
61.149.37.239 - - [17/Apr/2013:19:25:57 +0800] "GET / HTTP/1.1" 302 - "-" "Jakarta Commons-HttpClient/3.1"
61.149.37.239 - - [17/Apr/2013:19:25:57 +0800] "GET /sxzn/index.action HTTP/1.1" 200 18352 "-" "Jakarta Commons-HttpClient/3.1"
218.30.103.140 - - [17/Apr/2013:19:27:01 +0800] "GET /sxzn/foreground/listDataOfMD.action?id=153 HTTP/1.1" 302 - "-" "Sogou web spider/4.0(+http://www.sogou.com/docs/help/webmasters.htm#07)"
60.164.207.151 - - [17/Apr/2013:19:27:58 +0800] "GET /zszx/map/photo/cw/veg.bmp HTTP/1.1" 200 867098 "http://image.baidu.com/i?ct=503316480&z=&tn=baiduimagedetail&word=%E5%9C%9F%E5%A3%A4%E4%BE%B5%E8%9A%80&ie=utf-8&in=4701&cl=2&lm=-1&st=&pn=4&rn=1&di=208609012600&ln=1986&fr=&fm=&fmq=1366197877125_R&ic=&s=&se=&sme=0&tab=&width=&height=&face=&is=&istype=&hit=" "Mozilla/4.0 (compatible; MSIE 6.0; Windows NT 5.1; SV1; .NET CLR 2.0.50727)"
218.30.103.140 - - [17/Apr/2013:19:28:17 +0800] "GET /sxzn/login.action;jsessionid=0C867A0A4CBF048AE6F30F6F8815A35F HTTP/1.1" 200 7318 "-" "Sogou web spider/4.0(+http://www.sogou.com/docs/help/webmasters.htm#07)"
121.33.190.173 - - [17/Apr/2013:19:29:18 +0800] "GET /zszx/handbook/handbook1.files/image039.jpg HTTP/1.1" 200 13755 "-" "Mozilla/5.0 (X11; Linux x86_64) AppleWebKit/537.31 (KHTML, like Gecko) Chrome/26.0.1410.63 Safari/537.31"
220.181.51.76 - - [17/Apr/2013:19:28:36 +0800] "GET /zszx/map/photo/50huangtu/flqst.bmp HTTP/1.1" 200 867098 "http://image.baidu.com/" "Mozilla/5.0 (Windows NT 5.1; rv:6.0.2) Gecko/20100101 Firefox/6.0.2"
61.149.37.106 - - [17/Apr/2013:19:30:13 +0800] "GET / HTTP/1.1" 302 - "-" "Jakarta Commons-HttpClient/3.1"
61.149.37.106 - - [17/Apr/2013:19:30:13 +0800] "GET /sxzn/index.action HTTP/1.1" 200 18352 "-" "Jakarta Commons-HttpClient/3.1"
61.149.37.239 - - [17/Apr/2013:19:30:57 +0800] "GET / HTTP/1.1" 302 - "-" "Jakarta Commons-HttpClient/3.1"
61.149.37.239 - - [17/Apr/2013:19:30:57 +0800] "GET /sxzn/index.action HTTP/1.1" 200 18352 "-" "Jakarta Commons-HttpClient/3.1"
199.30.20.89 - - [17/Apr/2013:19:32:22 +0800] "GET /robots.txt HTTP/1.1" 404 208 "-" "msnbot-media/1.1 (+http://search.msn.com/msnbot.htm)"
199.30.20.89 - - [17/Apr/2013:19:32:22 +0800] "GET /sxzn/foreground/rand.action HTTP/1.1" 200 1287 "-" "msnbot-media/1.1 (+http://search.msn.com/msnbot.htm)"
61.149.37.106 - - [17/Apr/2013:19:35:32 +0800] "GET / HTTP/1.1" 302 - "-" "Jakarta Commons-HttpClient/3.1"
61.149.37.106 - - [17/Apr/2013:19:35:32 +0800] "GET /sxzn/index.action HTTP/1.1" 200 18352 "-" "Jakarta Commons-HttpClient/3.1"
61.149.37.239 - - [17/Apr/2013:19:35:37 +0800] "GET / HTTP/1.1" 302 - "-" "Jakarta Commons-HttpClient/3.1"
61.149.37.239 - - [17/Apr/2013:19:35:37 +0800] "GET /sxzn/index.action HTTP/1.1" 200 18352 "-" "Jakarta Commons-HttpClient/3.1"
220.181.108.170 - - [17/Apr/2013:19:37:00 +0800] "GET /http_type/tm/docments/LT51230311995099XXX00%20Metadata.htm HTTP/1.1" 200 16129 "-" "Mozilla/5.0 (compatible; Baiduspider/2.0; +http://www.baidu.com/search/spider.html)"
111.206.71.133 - - [17/Apr/2013:19:37:23 +0800] "GET / HTTP/1.1" 302 - "-" "Mozilla/5.0 (Windows; U; Windows NT 5.1; zh-CN; rv:1.9.2.8;baidu Transcoder) Gecko/20100722 Firefox/3.6.8 ( .NET CLR 2.0.34991)"
111.206.71.133 - - [17/Apr/2013:19:37:24 +0800] "GET /sxzn/index.action HTTP/1.1" 200 18528 "-" "Mozilla/5.0 (Windows; U; Windows NT 5.1; zh-CN; rv:1.9.2.8;baidu Transcoder) Gecko/20100722 Firefox/3.6.8 ( .NET CLR 2.0.34991)"
111.206.71.132 - - [17/Apr/2013:19:37:24 +0800] "GET /sxzn/css/index.css HTTP/1.1" 200 1730 "-" "Mozilla/5.0 (Windows; U; Windows NT 5.1; zh-CN; rv:1.9.2.8;baidu Transcoder) Gecko/20100722 Firefox/3.6.8 ( .NET CLR 2.0.34991)"
111.206.71.120 - - [17/Apr/2013:19:37:24 +0800] "GET /sxzn/css/index.css HTTP/1.1" 200 1730 "-" "Mozilla/5.0 (Windows; U; Windows NT 5.1; zh-CN; rv:1.9.2.8;baidu Transcoder) Gecko/20100722 Firefox/3.6.8 ( .NET CLR 2.0.34991)"
111.206.71.133 - - [17/Apr/2013:19:37:24 +0800] "GET /sxzn/css/layout.css HTTP/1.1" 200 6591 "-" "Mozilla/5.0 (Windows; U; Windows NT 5.1; zh-CN; rv:1.9.2.8;baidu Transcoder) Gecko/20100722 Firefox/3.6.8 ( .NET CLR 2.0.34991)"
111.206.71.137 - - [17/Apr/2013:19:37:24 +0800] "GET /sxzn/css/layout.css HTTP/1.1" 200 6591 "-" "Mozilla/5.0 (Windows; U; Windows NT 5.1; zh-CN; rv:1.9.2.8;baidu Transcoder) Gecko/20100722 Firefox/3.6.8 ( .NET CLR 2.0.34991)"
220.181.51.61 - - [17/Apr/2013:19:37:35 +0800] "GET /sxzn/images/Search_icon.gif HTTP/1.1" 200 344 "http://www.zxsxsample.com/" "Mozilla/5.0 (Windows NT 5.1; rv:8.0.1) Gecko/20100101 Firefox/8.0.1"
61.135.169.23 - - [17/Apr/2013:19:37:35 +0800] "GET /sxzn/images/banner_home.jpg HTTP/1.1" 200 52917 "http://www.zxsxsample.com/" "Mozilla/5.0 (Windows NT 5.1; rv:8.0.1) Gecko/20100101 Firefox/8.0.1"
180.149.133.37 - - [17/Apr/2013:19:38:13 +0800] "GET /sxzn/foreground/viewMetadata.action?id=198 HTTP/1.1" 200 8823 "-" "Mozilla/5.0 (Windows; U; Windows NT 5.1; zh-CN; rv:1.9.2.8;baidu Transcoder) Gecko/20100722 Firefox/3.6.8 ( .NET CLR 2.0.34991)"
180.149.133.37 - - [17/Apr/2013:19:38:13 +0800] "GET /sxzn/css/metadata.css HTTP/1.1" 200 945 "-" "Mozilla/5.0 (Windows; U; Windows NT 5.1; zh-CN; rv:1.9.2.8;baidu Transcoder) Gecko/20100722 Firefox/3.6.8 ( .NET CLR 2.0.34991)"
111.206.67.215 - - [17/Apr/2013:19:38:27 +0800] "GET /zszx/map/photo/yixian/dem.bmp HTTP/1.1" 200 867098 "http://image.baidu.com/" "Mozilla/5.0 (Windows NT 5.1; rv:6.0.2) Gecko/20100101 Firefox/6.0.2"
114.248.162.51 - - [17/Apr/2013:19:40:07 +0800] "GET / HTTP/1.1" 302 - "-" "Java/1.6.0_10-rc2"
114.248.162.51 - - [17/Apr/2013:19:40:07 +0800] "GET /sxzn/index.action HTTP/1.1" 200 18528 "-" "Java/1.6.0_10-rc2"
61.149.37.106 - - [17/Apr/2013:19:40:32 +0800] "GET / HTTP/1.1" 302 - "-" "Jakarta Commons-HttpClient/3.1"
61.149.37.106 - - [17/Apr/2013:19:40:32 +0800] "GET /sxzn/index.action HTTP/1.1" 200 18352 "-" "Jakarta Commons-HttpClient/3.1"
61.149.37.239 - - [17/Apr/2013:19:40:37 +0800] "GET / HTTP/1.1" 302 - "-" "Jakarta Commons-HttpClient/3.1"
61.149.37.239 - - [17/Apr/2013:19:40:37 +0800] "GET /sxzn/index.action HTTP/1.1" 200 18352 "-" "Jakarta Commons-HttpClient/3.1"
114.248.162.51 - - [17/Apr/2013:19:43:00 +0800] "GET / HTTP/1.0" 302 - "-" "hqthCrawler"
111.206.71.84 - - [17/Apr/2013:19:44:12 +0800] "GET /http_type/tm/docments/LT51230342007244IKR00%20Metadata.htm HTTP/1.1" 200 16132 "-" "Mozilla/5.0 (compatible; Baiduspider/2.0; +http://www.baidu.com/search/spider.html)"
61.149.37.106 - - [17/Apr/2013:19:45:32 +0800] "GET / HTTP/1.1" 302 - "-" "Jakarta Commons-HttpClient/3.1"
61.149.37.106 - - [17/Apr/2013:19:45:32 +0800] "GET /sxzn/index.action HTTP/1.1" 200 18352 "-" "Jakarta Commons-HttpClient/3.1"
61.149.37.239 - - [17/Apr/2013:19:45:37 +0800] "GET / HTTP/1.1" 302 - "-" "Jakarta Commons-HttpClient/3.1"
61.149.37.239 - - [17/Apr/2013:19:45:38 +0800] "GET /sxzn/index.action HTTP/1.1" 200 18352 "-" "Jakarta Commons-HttpClient/3.1"
123.151.148.207 - - [17/Apr/2013:19:49:20 +0800] "GET /clim/advanced/index.jsp HTTP/1.1" 200 719 "http://www.zxsxsample.com/" "Sosospider+(+http://help.soso.com/webspider.htm)"
123.151.148.207 - - [17/Apr/2013:19:49:30 +0800] "GET /sxzn/foreground/browseMetadata.action?id=17 HTTP/1.1" 200 22725 "http://www.zxsxsample.com/" "Sosospider+(+http://help.soso.com/webspider.htm)"
61.149.37.106 - - [17/Apr/2013:19:50:13 +0800] "GET / HTTP/1.1" 302 - "-" "Jakarta Commons-HttpClient/3.1"
61.149.37.106 - - [17/Apr/2013:19:50:13 +0800] "GET /sxzn/index.action HTTP/1.1" 200 18352 "-" "Jakarta Commons-HttpClient/3.1"
61.149.37.239 - - [17/Apr/2013:19:50:57 +0800] "GET / HTTP/1.1" 302 - "-" "Jakarta Commons-HttpClient/3.1"
61.149.37.239 - - [17/Apr/2013:19:50:57 +0800] "GET /sxzn/index.action HTTP/1.1" 200 18352 "-" "Jakarta Commons-HttpClient/3.1"
61.135.190.100 - - [17/Apr/2013:19:51:56 +0800] "GET /stat/stat_txt_4.htm HTTP/1.1" 200 127950 "http://www.baidu.com/s?wd=%BB%C6%CD%C1%B8%DF%D4%AD%D6%B2%B1%BB" "Mozilla/5.0 (Windows; U; Windows NT 5.1; zh-CN; rv:1.9.2.15) Gecko/20110303 Firefox/3.6.15"
61.135.190.104 - - [17/Apr/2013:19:53:29 +0800] "GET /tlp/user/index.jsp HTTP/1.1" 200 644 "http://www.baidu.com/s?wd=%CA%FD%BE%DD%BF%E2" "Mozilla/5.0 (Windows; U; Windows NT 5.1; zh-CN; rv:1.9.2.15) Gecko/20110303 Firefox/3.6.15"
61.149.37.106 - - [17/Apr/2013:19:55:13 +0800] "GET / HTTP/1.1" 302 - "-" "Jakarta Commons-HttpClient/3.1"
61.149.37.106 - - [17/Apr/2013:19:55:13 +0800] "GET /sxzn/index.action HTTP/1.1" 200 18352 "-" "Jakarta Commons-HttpClient/3.1"
61.149.37.239 - - [17/Apr/2013:19:55:38 +0800] "GET / HTTP/1.1" 302 - "-" "Jakarta Commons-HttpClient/3.1"
61.149.37.239 - - [17/Apr/2013:19:55:38 +0800] "GET /sxzn/index.action HTTP/1.1" 200 18352 "-" "Jakarta Commons-HttpClient/3.1"
113.122.99.75 - - [17/Apr/2013:19:57:42 +0800] "GET /zszx/map/photo/cgzai/cont.bmp HTTP/1.1" 200 867098 "http://image.baidu.com/i?ct=503316480&z=0&tn=baiduimagedetail&cl=2&cm=1&sc=0&lm=-1&fr=ala2&pn=0&rn=1&di=1512796550&ln=1996&word=%BB%C6%CD%C1%B8%DF%D4%AD%CD%BC%C6%AC" "Mozilla/5.0 (Windows NT 5.1) AppleWebKit/537.1 (KHTML, like Gecko) Chrome/7.3.2201.9 Safari/537.1"
220.181.108.141 - - [17/Apr/2013:19:58:32 +0800] "GET /http_type/tm/docments/LT51230442004348BJC00%20Metadata.htm HTTP/1.1" 200 16155 "-" "Mozilla/5.0 (compatible; Baiduspider/2.0; +http://www.baidu.com/search/spider.html)"
220.181.51.110 - - [17/Apr/2013:19:59:28 +0800] "GET /zszx/map/photo/cgzai/slop.bmp HTTP/1.1" 200 867098 "http://image.baidu.com/" "Mozilla/5.0 (Windows NT 5.1; rv:6.0.2) Gecko/20100101 Firefox/6.0.2"
61.149.37.106 - - [17/Apr/2013:20:00:13 +0800] "GET / HTTP/1.1" 302 - "-" "Jakarta Commons-HttpClient/3.1"
61.149.37.106 - - [17/Apr/2013:20:00:13 +0800] "GET /sxzn/index.action HTTP/1.1" 200 18352 "-" "Jakarta Commons-HttpClient/3.1"
61.149.37.239 - - [17/Apr/2013:20:00:57 +0800] "GET / HTTP/1.1" 302 - "-" "Jakarta Commons-HttpClient/3.1"
61.149.37.239 - - [17/Apr/2013:20:00:57 +0800] "GET /sxzn/index.action HTTP/1.1" 200 18352 "-" "Jakarta Commons-HttpClient/3.1"
61.149.12.161 - - [17/Apr/2013:20:01:08 +0800] "GET / HTTP/1.1" 302 - "-" "Jakarta Commons-HttpClient/3.0"
61.149.12.161 - - [17/Apr/2013:20:01:08 +0800] "GET /sxzn/index.action HTTP/1.1" 200 18352 "-" "Jakarta Commons-HttpClient/3.0"
183.60.213.36 - - [17/Apr/2013:20:02:53 +0800] "GET /sxzn/foreground/listDataOfMD.action?id=4 HTTP/1.1" 302 - "-" "Mozilla/5.0 (compatible; EasouSpider; +http://www.easou.com/search/spider.html)"
114.248.162.51 - - [17/Apr/2013:20:03:59 +0800] "GET / HTTP/1.1" 302 - "-" "Java/1.6.0_10-rc2"
114.248.162.51 - - [17/Apr/2013:20:03:59 +0800] "GET /sxzn/index.action HTTP/1.1" 200 18528 "-" "Java/1.6.0_10-rc2"
61.149.37.106 - - [17/Apr/2013:20:05:34 +0800] "GET / HTTP/1.1" 302 - "-" "Jakarta Commons-HttpClient/3.1"
61.149.37.106 - - [17/Apr/2013:20:05:34 +0800] "GET /sxzn/index.action HTTP/1.1" 200 18352 "-" "Jakarta Commons-HttpClient/3.1"
61.149.37.239 - - [17/Apr/2013:20:05:37 +0800] "GET / HTTP/1.1" 302 - "-" "Jakarta Commons-HttpClient/3.1"
61.149.37.239 - - [17/Apr/2013:20:05:38 +0800] "GET /sxzn/index.action HTTP/1.1" 200 18352 "-" "Jakarta Commons-HttpClient/3.1"
222.240.152.237 - - [17/Apr/2013:20:03:13 +0800] "GET /clim/images/climintro4.jpg HTTP/1.1" 200 29824 "http://image.baidu.com/i?ct=503316480&z=&tn=baiduimagedetail&word=%E9%BB%84%E5%9C%9F%E5%9C%B0%E5%8C%BA&ie=utf-8&in=27049&cl=2&lm=-1&st=&pn=9&rn=1&di=62886103350&ln=1980&fr=&fm=&fmq=1366200040731_R&ic=&s=&se=&sme=0&tab=&width=&height=&face=&is=&istype=&hit=" "Mozilla/5.0 (Windows NT 6.1) AppleWebKit/537.1 (KHTML, like Gecko) Chrome/7.3.2201.9 Safari/537.1"
114.248.162.51 - - [17/Apr/2013:20:06:43 +0800] "GET / HTTP/1.0" 302 - "-" "hqthCrawler"
61.149.37.106 - - [17/Apr/2013:20:10:32 +0800] "GET / HTTP/1.1" 302 - "-" "Jakarta Commons-HttpClient/3.1"
61.149.37.106 - - [17/Apr/2013:20:10:32 +0800] "GET /sxzn/index.action HTTP/1.1" 200 18352 "-" "Jakarta Commons-HttpClient/3.1"
61.149.37.239 - - [17/Apr/2013:20:10:38 +0800] "GET / HTTP/1.1" 302 - "-" "Jakarta Commons-HttpClient/3.1"
61.149.37.239 - - [17/Apr/2013:20:10:38 +0800] "GET /sxzn/index.action HTTP/1.1" 200 18352 "-" "Jakarta Commons-HttpClient/3.1"
111.206.67.228 - - [17/Apr/2013:20:11:01 +0800] "GET /zszx/map/photo/50huangtu/lxfrmczl.com HTTP/1.1" 200 867098 "http://image.baidu.com/" "Mozilla/5.0 (Windows NT 5.1; rv:6.0.2) Gecko/20100101 Firefox/6.0.2"
220.181.51.76 - - [17/Apr/2013:20:10:57 +0800] "GET /zszx/map/photo/cgzai/slop.bmp HTTP/1.1" 200 867098 "http://image.baidu.com/" "Mozilla/5.0 (Windows NT 5.1; rv:6.0.2) Gecko/20100101 Firefox/6.0.2"
220.181.108.77 - - [17/Apr/2013:20:12:54 +0800] "GET /http_type/tm/docments/LT51230452006353BKT00%20Metadata.htm HTTP/1.1" 200 16155 "-" "Mozilla/5.0 (compatible; Baiduspider/2.0; +http://www.baidu.com/search/spider.html)"
61.149.37.106 - - [17/Apr/2013:20:15:13 +0800] "GET / HTTP/1.1" 302 - "-" "Jakarta Commons-HttpClient/3.1"
61.149.37.106 - - [17/Apr/2013:20:15:13 +0800] "GET /sxzn/index.action HTTP/1.1" 200 18352 "-" "Jakarta Commons-HttpClient/3.1"
61.149.37.239 - - [17/Apr/2013:20:15:57 +0800] "GET / HTTP/1.1" 302 - "-" "Jakarta Commons-HttpClient/3.1"
61.149.37.239 - - [17/Apr/2013:20:15:58 +0800] "GET /sxzn/index.action HTTP/1.1" 200 18352 "-" "Jakarta Commons-HttpClient/3.1"
122.65.15.174 - - [17/Apr/2013:20:20:00 +0800] "GET /zszx/map/photo/cw/veg.bmp HTTP/1.1" 200 867098 "http://image.baidu.com/i?ct=503316480&z=&tn=baiduimagedetail&word=%E6%95%B0%E6%8D%AE%E5%9B%BE&ie=utf-8&in=20811&cl=2&lm=-1&st=&pn=0&rn=1&di=42691462100&ln=1950&fr=&fm=&fmq=1366201176412_R&ic=&s=&se=&sme=0&tab=&width=&height=&face=&is=&istype=&hit=" "Mozilla/5.0 (Windows NT 5.1) AppleWebKit/537.1 (KHTML, like Gecko) Chrome/7.3.2201.9 Safari/537.1"
61.149.37.106 - - [17/Apr/2013:20:20:13 +0800] "GET / HTTP/1.1" 302 - "-" "Jakarta Commons-HttpClient/3.1"
61.149.37.106 - - [17/Apr/2013:20:20:13 +0800] "GET /sxzn/index.action HTTP/1.1" 200 18352 "-" "Jakarta Commons-HttpClient/3.1"
61.149.37.239 - - [17/Apr/2013:20:20:57 +0800] "GET / HTTP/1.1" 302 - "-" "Jakarta Commons-HttpClient/3.1"
61.149.37.239 - - [17/Apr/2013:20:20:57 +0800] "GET /sxzn/index.action HTTP/1.1" 200 18352 "-" "Jakarta Commons-HttpClient/3.1"
119.36.164.47 - - [17/Apr/2013:20:22:02 +0800] "GET / HTTP/1.1" 302 - "http://www.zxsxsample.com/" "Mozilla/4.0 (compatible; MSIE 8.0; Windows NT 5.1; Trident/4.0; QQDownload 718)"
119.36.164.47 - - [17/Apr/2013:20:22:02 +0800] "GET /sxzn/index.action HTTP/1.1" 200 18352 "http://www.zxsxsample.com/" "Mozilla/4.0 (compatible; MSIE 8.0; Windows NT 5.1; Trident/4.0; QQDownload 718)"
66.249.75.4 - - [17/Apr/2013:20:24:05 +0800] "GET /tlp/advanced/stat.jsp HTTP/1.1" 200 46855 "-" "Mozilla/5.0 (compatible; Googlebot/2.1; +http://www.google.com/bot.html)"
61.149.37.106 - - [17/Apr/2013:20:25:13 +0800] "GET / HTTP/1.1" 302 - "-" "Jakarta Commons-HttpClient/3.1"
61.149.37.106 - - [17/Apr/2013:20:25:13 +0800] "GET /sxzn/index.action HTTP/1.1" 200 18352 "-" "Jakarta Commons-HttpClient/3.1"
61.149.37.239 - - [17/Apr/2013:20:25:38 +0800] "GET / HTTP/1.1" 302 - "-" "Jakarta Commons-HttpClient/3.1"
61.149.37.239 - - [17/Apr/2013:20:25:38 +0800] "GET /sxzn/index.action HTTP/1.1" 200 18352 "-" "Jakarta Commons-HttpClient/3.1"
111.206.71.78 - - [17/Apr/2013:20:27:18 +0800] "GET /http_type/tm/docments/LT51240442006264BKT00%20Metadata.htm HTTP/1.1" 200 16155 "-" "Mozilla/5.0 (compatible; Baiduspider/2.0; +http://www.baidu.com/search/spider.html)"
114.248.162.51 - - [17/Apr/2013:20:28:16 +0800] "GET / HTTP/1.1" 302 - "-" "Java/1.6.0_10-rc2"
114.248.162.51 - - [17/Apr/2013:20:28:16 +0800] "GET /sxzn/index.action HTTP/1.1" 200 18528 "-" "Java/1.6.0_10-rc2"
61.149.37.106 - - [17/Apr/2013:20:30:32 +0800] "GET / HTTP/1.1" 302 - "-" "Jakarta Commons-HttpClient/3.1"
61.149.37.106 - - [17/Apr/2013:20:30:32 +0800] "GET /sxzn/index.action HTTP/1.1" 200 18352 "-" "Jakarta Commons-HttpClient/3.1"
61.149.37.239 - - [17/Apr/2013:20:30:38 +0800] "GET / HTTP/1.1" 302 - "-" "Jakarta Commons-HttpClient/3.1"
61.149.37.239 - - [17/Apr/2013:20:30:38 +0800] "GET /sxzn/index.action HTTP/1.1" 200 18352 "-" "Jakarta Commons-HttpClient/3.1"
114.248.162.51 - - [17/Apr/2013:20:34:45 +0800] "GET / HTTP/1.0" 302 - "-" "hqthCrawler"
61.149.37.106 - - [17/Apr/2013:20:35:32 +0800] "GET / HTTP/1.1" 302 - "-" "Jakarta Commons-HttpClient/3.1"
61.149.37.106 - - [17/Apr/2013:20:35:32 +0800] "GET /sxzn/index.action HTTP/1.1" 200 18352 "-" "Jakarta Commons-HttpClient/3.1"
