61.149.37.239 - - [17/Apr/2013:07:46:25 +0800] "GET /sxzn/index.action HTTP/1.1" 200 18352 "-" "Jakarta Commons-HttpClient/3.1"
61.135.248.215 - - [17/Apr/2013:07:46:43 +0800] "GET / HTTP/1.1" 302 - "-" "Mozilla/5.0 (compatible; YodaoBot/1.0; http://www.yodao.com/help/webmaster/spider/; )"
61.135.248.215 - - [17/Apr/2013:07:46:43 +0800] "GET /robots.txt HTTP/1.1" 404 208 "-" "Mozilla/5.0 (compatible; YodaoBot/1.0; http://www.yodao.com/help/webmaster/spider/; )"
61.135.248.215 - - [17/Apr/2013:07:46:43 +0800] "GET /sxzn/index.action HTTP/1.1" 200 18352 "-" "Mozilla/5.0 (compatible; YodaoBot/1.0; http://www.yodao.com/help/webmaster/spider/; )"
61.149.37.106 - - [17/Apr/2013:07:50:02 +0800] "GET / HTTP/1.1" 302 - "-" "Jakarta Commons-HttpClient/3.1"
61.149.37.106 - - [17/Apr/2013:07:50:02 +0800] "GET /sxzn/index.action HTTP/1.1" 200 18352 "-" "Jakarta Commons-HttpClient/3.1"
61.149.37.239 - - [17/Apr/2013:07:50:27 +0800] "GET / HTTP/1.1" 302 - "-" "Jakarta Commons-HttpClient/3.1"
61.149.37.239 - - [17/Apr/2013:07:50:27 +0800] "GET /sxzn/index.action HTTP/1.1" 200 18352 "-" "Jakarta Commons-HttpClient/3.1"
220.181.108.163 - - [17/Apr/2013:07:51:10 +0800] "GET /http_type/tm/html/docments/LT41240321989033XXX02%20Metadata.htm HTTP/1.1" 404 259 "-" "Mozilla/5.0 (compatible; Baiduspider/2.0; +http://www.baidu.com/search/spider.html)"
218.30.103.140 - - [17/Apr/2013:07:52:57 +0800] "GET /sxzn/foreground/viewDataset.action?id=1552 HTTP/1.1" 302 - "-" "Sogou web spider/4.0(+http://www.sogou.com/docs/help/webmasters.htm#07)"
222.84.119.18 - - [17/Apr/2013:07:53:39 +0800] "GET /zszx/map/photo/cgzai/cont.bmp HTTP/1.1" 200 867098 "http://image.baidu.com/i?ct=503316480&z=0&tn=baiduimagedetail&cl=2&cm=1&sc=0&lm=-1&fr=ala2&pn=0&rn=1&di=63483201352&ln=1977&word=igo%20%B5%C8%B8%DF%CF%DF%CD%BC" "Mozilla/4.0 (compatible; MSIE 7.0; Windows NT 5.2; Trident/4.0; .NET CLR 1.1.4322; .NET CLR 3.0.04506.648; .NET CLR 3.5.21022; .NET CLR 3.0.4506.2152; .NET CLR 2.0.34991; .NET CLR 2.0.50727; .NET4.0C; .NET4.0E; InfoPath.1)"
218.30.103.140 - - [17/Apr/2013:07:53:54 +0800] "GET /sxzn/login.action;jsessionid=4120EBB562A5A8690844CF40F6036D1F HTTP/1.1" 200 7318 "-" "Sogou web spider/4.0(+http://www.sogou.com/docs/help/webmasters.htm#07)"
61.149.37.106 - - [17/Apr/2013:07:55:02 +0800] "GET / HTTP/1.1" 302 - "-" "Jakarta Commons-HttpClient/3.1"
61.149.37.106 - - [17/Apr/2013:07:55:02 +0800] "GET /sxzn/index.action HTTP/1.1" 200 18352 "-" "Jakarta Commons-HttpClient/3.1"
61.149.37.239 - - [17/Apr/2013:07:55:27 +0800] "GET / HTTP/1.1" 302 - "-" "Jakarta Commons-HttpClient/3.1"
61.149.37.239 - - [17/Apr/2013:07:55:27 +0800] "GET /sxzn/index.action HTTP/1.1" 200 18352 "-" "Jakarta Commons-HttpClient/3.1"
210.72.146.68 - - [17/Apr/2013:07:56:44 +0800] "GET /favicon.ico HTTP/1.1" 404 209 "-" "Mozilla/4.0 (compatible; MSIE 7.0; Windows NT 5.1; Trident/4.0; .NET CLR 2.0.50727; 360space)"
218.30.103.140 - - [17/Apr/2013:07:57:01 +0800] "GET /sxzn/foreground/viewMetadata.action?id=127 HTTP/1.1" 200 9302 "-" "Sogou web spider/4.0(+http://www.sogou.com/docs/help/webmasters.htm#07)"
218.30.103.140 - - [17/Apr/2013:07:57:11 +0800] "GET /http_type/tm/docments/LT51180282007161IKR00%20Metadata.htm HTTP/1.1" 304 - "-" "Sogou web spider/4.0(+http://www.sogou.com/docs/help/webmasters.htm#07)"
183.60.214.124 - - [17/Apr/2013:07:57:34 +0800] "GET /sxzn/css/metadata.css HTTP/1.1" 200 945 "-" "Mozilla/5.0 (compatible; EasouSpider; +http://www.easou.com/search/spider.html)"
183.60.215.35 - - [17/Apr/2013:07:57:34 +0800] "GET /sxzn/foreground/listDataOfMD.action?id=185 HTTP/1.1" 302 - "-" "Mozilla/5.0 (compatible; EasouSpider; +http://www.easou.com/search/spider.html)"
61.149.37.106 - - [17/Apr/2013:08:00:03 +0800] "GET / HTTP/1.1" 302 - "-" "Jakarta Commons-HttpClient/3.1"
61.149.37.106 - - [17/Apr/2013:08:00:03 +0800] "GET /sxzn/index.action HTTP/1.1" 200 18352 "-" "Jakarta Commons-HttpClient/3.1"
61.149.12.161 - - [17/Apr/2013:08:00:06 +0800] "GET / HTTP/1.1" 302 - "-" "Jakarta Commons-HttpClient/3.0"
61.149.12.161 - - [17/Apr/2013:08:00:06 +0800] "GET /sxzn/index.action HTTP/1.1" 200 18352 "-" "Jakarta Commons-HttpClient/3.0"
61.149.37.239 - - [17/Apr/2013:08:00:47 +0800] "GET / HTTP/1.1" 302 - "-" "Jakarta Commons-HttpClient/3.1"
61.149.37.239 - - [17/Apr/2013:08:00:47 +0800] "GET /sxzn/index.action HTTP/1.1" 200 18352 "-" "Jakarta Commons-HttpClient/3.1"
218.30.103.140 - - [17/Apr/2013:08:01:05 +0800] "GET /sxzn/register.action HTTP/1.1" 200 20796 "-" "Sogou web spider/4.0(+http://www.sogou.com/docs/help/webmasters.htm#07)"
114.248.162.51 - - [17/Apr/2013:08:01:45 +0800] "GET / HTTP/1.1" 302 - "-" "Java/1.6.0_10-rc2"
114.248.162.51 - - [17/Apr/2013:08:01:45 +0800] "GET /sxzn/index.action HTTP/1.1" 200 18528 "-" "Java/1.6.0_10-rc2"
119.176.155.116 - - [17/Apr/2013:08:03:19 +0800] "GET /favicon.ico HTTP/1.1" 404 209 "-" "Mozilla/4.0 (compatible; MSIE 7.0; Windows NT 5.1; Trident/4.0; .NET CLR 2.0.50727; 360space)"
61.149.37.106 - - [17/Apr/2013:08:05:02 +0800] "GET / HTTP/1.1" 302 - "-" "Jakarta Commons-HttpClient/3.1"
61.149.37.106 - - [17/Apr/2013:08:05:02 +0800] "GET /sxzn/index.action HTTP/1.1" 200 18352 "-" "Jakarta Commons-HttpClient/3.1"
218.30.103.140 - - [17/Apr/2013:08:05:21 +0800] "GET /http_type/tm/docments/LT51190352007232IKR00%20Metadata.htm HTTP/1.1" 304 - "-" "Sogou web spider/4.0(+http://www.sogou.com/docs/help/webmasters.htm#07)"
61.149.37.239 - - [17/Apr/2013:08:05:27 +0800] "GET / HTTP/1.1" 302 - "-" "Jakarta Commons-HttpClient/3.1"
61.149.37.239 - - [17/Apr/2013:08:05:27 +0800] "GET /sxzn/index.action HTTP/1.1" 200 18352 "-" "Jakarta Commons-HttpClient/3.1"
111.206.71.116 - - [17/Apr/2013:08:05:35 +0800] "GET /http_type/tm/docments/LT51260392006262IKR00%20Metadata.htm HTTP/1.1" 200 16138 "-" "Mozilla/5.0 (compatible; Baiduspider/2.0; +http://www.baidu.com/search/spider.html)"
114.248.162.51 - - [17/Apr/2013:08:06:02 +0800] "GET / HTTP/1.0" 302 - "-" "hqthCrawler"
218.30.103.140 - - [17/Apr/2013:08:07:40 +0800] "GET /sxzn/foreground/browseMetadata.action?id=32 HTTP/1.1" 200 12794 "-" "Sogou web spider/4.0(+http://www.sogou.com/docs/help/webmasters.htm#07)"
218.30.103.140 - - [17/Apr/2013:08:08:59 +0800] "GET /http_type/tm/docments/LT51210441995261XXX00%20Metadata.htm HTTP/1.1" 304 - "-" "Sogou web spider/4.0(+http://www.sogou.com/docs/help/webmasters.htm#07)"
110.75.173.193 - - [17/Apr/2013:08:09:58 +0800] "GET /robots.txt HTTP/1.1" 404 208 "-" "YisouSpider"
110.75.175.20 - - [17/Apr/2013:08:10:01 +0800] "GET /sxzn/foreground/browseMetadata.action;jsessionid=5EBE5F92A0ED97C2DC5B872469CFC87F?d-49747-p=5 HTTP/1.1" 200 25458 "-" "YisouSpider"
61.149.37.106 - - [17/Apr/2013:08:10:02 +0800] "GET / HTTP/1.1" 302 - "-" "Jakarta Commons-HttpClient/3.1"
61.149.37.106 - - [17/Apr/2013:08:10:02 +0800] "GET /sxzn/index.action HTTP/1.1" 200 18352 "-" "Jakarta Commons-HttpClient/3.1"
110.75.175.19 - - [17/Apr/2013:08:10:04 +0800] "GET /sxzn/foreground/browseMetadata.action;jsessionid=5EBE5F92A0ED97C2DC5B872469CFC87F?d-49747-p=8 HTTP/1.1" 200 24031 "-" "YisouSpider"
110.75.175.24 - - [17/Apr/2013:08:10:07 +0800] "GET / HTTP/1.1" 302 - "-" "YisouSpider"
110.75.175.24 - - [17/Apr/2013:08:10:07 +0800] "GET /sxzn/index.action HTTP/1.1" 200 18528 "-" "YisouSpider"
110.75.175.23 - - [17/Apr/2013:08:10:10 +0800] "GET /sxzn/foreground/browseMetadata.action;jsessionid=5E4D05816C7876C8F82329BEEA750F5C?d-49747-p=7 HTTP/1.1" 200 24709 "-" "YisouSpider"
110.75.175.22 - - [17/Apr/2013:08:10:13 +0800] "GET /sxzn/foreground/browseMetadata.action;jsessionid=5F306EBAA5C3F204472970F65838119D?d-49747-p=5 HTTP/1.1" 200 25458 "-" "YisouSpider"
110.75.175.21 - - [17/Apr/2013:08:10:16 +0800] "GET /sxzn/foreground/browseMetadata.action;jsessionid=5F306EBAA5C3F204472970F65838119D?d-49747-p=6 HTTP/1.1" 200 24850 "-" "YisouSpider"
110.75.175.20 - - [17/Apr/2013:08:10:19 +0800] "GET /sxzn/foreground/browseMetadata.action;jsessionid=5F306EBAA5C3F204472970F65838119D?d-49747-p=7 HTTP/1.1" 200 24709 "-" "YisouSpider"
110.75.175.19 - - [17/Apr/2013:08:10:22 +0800] "GET /sxzn/foreground/viewMetadata.action?id=105 HTTP/1.1" 200 8968 "-" "YisouSpider"
110.75.175.24 - - [17/Apr/2013:08:10:25 +0800] "GET /sxzn/foreground/viewMetadata.action?id=185 HTTP/1.1" 200 8872 "-" "YisouSpider"
61.149.37.239 - - [17/Apr/2013:08:10:27 +0800] "GET / HTTP/1.1" 302 - "-" "Jakarta Commons-HttpClient/3.1"
61.149.37.239 - - [17/Apr/2013:08:10:27 +0800] "GET /sxzn/index.action HTTP/1.1" 200 18352 "-" "Jakarta Commons-HttpClient/3.1"
110.75.175.23 - - [17/Apr/2013:08:10:28 +0800] "GET /sxzn/foreground/viewMetadata.action?id=51 HTTP/1.1" 200 8871 "-" "YisouSpider"
218.30.103.140 - - [17/Apr/2013:08:12:21 +0800] "GET /sxzn/foreground/browseMetadata.action?d-49747-p=12 HTTP/1.1" 200 14371 "-" "Sogou web spider/4.0(+http://www.sogou.com/docs/help/webmasters.htm#07)"
66.249.75.1 - - [17/Apr/2013:08:13:04 +0800] "GET /http_type/tm/html/html/pic/LT41320341989041XXX02.jpg HTTP/1.1" 404 250 "-" "Googlebot-Image/1.0"
218.30.103.140 - - [17/Apr/2013:08:13:45 +0800] "GET /http_type/tm/docments/LT51160282004267BJC01%20Metadata.htm HTTP/1.1" 304 - "-" "Sogou web spider/4.0(+http://www.sogou.com/docs/help/webmasters.htm#07)"
110.75.175.20 - - [17/Apr/2013:08:14:53 +0800] "GET /index.jsp HTTP/1.1" 302 - "-" "YisouSpider"
110.75.175.22 - - [17/Apr/2013:08:14:53 +0800] "GET /sxzn/index.action HTTP/1.1" 200 18528 "-" "YisouSpider"
61.149.37.106 - - [17/Apr/2013:08:15:03 +0800] "GET / HTTP/1.1" 302 - "-" "Jakarta Commons-HttpClient/3.1"
61.149.37.106 - - [17/Apr/2013:08:15:03 +0800] "GET /sxzn/index.action HTTP/1.1" 200 18352 "-" "Jakarta Commons-HttpClient/3.1"
61.149.37.239 - - [17/Apr/2013:08:15:27 +0800] "GET / HTTP/1.1" 302 - "-" "Jakarta Commons-HttpClient/3.1"
61.149.37.239 - - [17/Apr/2013:08:15:27 +0800] "GET /sxzn/index.action HTTP/1.1" 200 18352 "-" "Jakarta Commons-HttpClient/3.1"
218.30.103.140 - - [17/Apr/2013:08:17:20 +0800] "GET /zszx/handbook/notes.docs/filelist.xml HTTP/1.1" 304 - "-" "Sogou web spider/4.0(+http://www.sogou.com/docs/help/webmasters.htm#07)"
111.206.71.33 - - [17/Apr/2013:08:19:57 +0800] "GET /stat/stat_txt_2.htm HTTP/1.1" 200 38194 "-" "Mozilla/5.0 (compatible; Baiduspider/2.0; +http://www.baidu.com/search/spider.html)"
61.149.37.106 - - [17/Apr/2013:08:20:02 +0800] "GET / HTTP/1.1" 302 - "-" "Jakarta Commons-HttpClient/3.1"
61.149.37.106 - - [17/Apr/2013:08:20:02 +0800] "GET /sxzn/index.action HTTP/1.1" 200 18352 "-" "Jakarta Commons-HttpClient/3.1"
61.149.37.239 - - [17/Apr/2013:08:20:27 +0800] "GET / HTTP/1.1" 302 - "-" "Jakarta Commons-HttpClient/3.1"
61.149.37.239 - - [17/Apr/2013:08:20:27 +0800] "GET /sxzn/index.action HTTP/1.1" 200 18352 "-" "Jakarta Commons-HttpClient/3.1"
61.149.37.106 - - [17/Apr/2013:08:25:02 +0800] "GET / HTTP/1.1" 302 - "-" "Jakarta Commons-HttpClient/3.1"
61.149.37.106 - - [17/Apr/2013:08:25:02 +0800] "GET /sxzn/index.action HTTP/1.1" 200 18352 "-" "Jakarta Commons-HttpClient/3.1"
61.149.37.239 - - [17/Apr/2013:08:25:27 +0800] "GET / HTTP/1.1" 302 - "-" "Jakarta Commons-HttpClient/3.1"
61.149.37.239 - - [17/Apr/2013:08:25:27 +0800] "GET /sxzn/index.action HTTP/1.1" 200 18352 "-" "Jakarta Commons-HttpClient/3.1"
114.248.162.51 - - [17/Apr/2013:08:26:01 +0800] "GET / HTTP/1.1" 302 - "-" "Java/1.6.0_10-rc2"
114.248.162.51 - - [17/Apr/2013:08:26:01 +0800] "GET /sxzn/index.action HTTP/1.1" 200 18528 "-" "Java/1.6.0_10-rc2"
117.40.97.24 - - [17/Apr/2013:08:27:14 +0800] "GET /clim/images/climintro4.jpg HTTP/1.1" 200 29824 "http://image.baidu.com/i?ct=503316480&z=&tn=baiduimagedetail&word=%E7%AD%89%E5%80%BC%E7%BA%BF%E5%9B%BE&ie=utf-8&in=21360&cl=2&lm=-1&st=-1&pn=15&rn=1&di=121302075100&ln=1970&fr=&fm=detail&fmq=1366158326036_R&ic=0&s=&se=1&sme=0&tab=&width=&height=&face=0&is=&istype=2&hit=" "Mozilla/4.0 (compatible; MSIE 7.0; Windows NT 6.1; Trident/5.0; MLDD1; .NET CLR 2.0.50727; .NET CLR 2.0.34991; .NET CLR 3.0.30729; Tablet PC 2.0)"
218.30.103.140 - - [17/Apr/2013:08:27:27 +0800] "GET /http_type/tm/docments/LT51250402007242IKR00%20Metadata.htm HTTP/1.1" 304 - "-" "Sogou web spider/4.0(+http://www.sogou.com/docs/help/webmasters.htm#07)"
61.149.37.106 - - [17/Apr/2013:08:30:06 +0800] "GET / HTTP/1.1" 302 - "-" "Jakarta Commons-HttpClient/3.1"
61.149.37.106 - - [17/Apr/2013:08:30:06 +0800] "GET /sxzn/index.action HTTP/1.1" 200 18352 "-" "Jakarta Commons-HttpClient/3.1"
61.149.37.239 - - [17/Apr/2013:08:30:30 +0800] "GET / HTTP/1.1" 302 - "-" "Jakarta Commons-HttpClient/3.1"
61.149.37.239 - - [17/Apr/2013:08:30:30 +0800] "GET /sxzn/index.action HTTP/1.1" 200 18352 "-" "Jakarta Commons-HttpClient/3.1"
68.109.86.222 - - [17/Apr/2013:08:31:01 +0800] "GET /stat/images/m2.jpg HTTP/1.1" 200 412227 "-" "Mozilla/5.0 (Macintosh; Intel Mac OS X 10.6; rv:20.0) Gecko/20100101 Firefox/20.0"
114.248.162.51 - - [17/Apr/2013:08:31:46 +0800] "GET / HTTP/1.0" 302 - "-" "hqthCrawler"
218.30.116.98 - - [17/Apr/2013:08:33:26 +0800] "GET /zszx/index7.htm HTTP/1.1" 404 213 "http://www.zxsxsample.com/" "Mozilla/4.0 (compatible; MSIE 8.0; Windows NT 6.1; Trident/4.0; MLDD1; .NET CLR 2.0.50727; .NET CLR 2.0.34991; .NET CLR 3.0.30729; Media Center PC 6.0; Tablet PC 2.0)"
218.30.116.98 - - [17/Apr/2013:08:33:26 +0800] "GET /stat/stat_txt_7.htm HTTP/1.1" 200 99814 "http://www.zxsxsample.com/" "Mozilla/4.0 (compatible; MSIE 8.0; Windows NT 6.1; Trident/4.0; MLDD1; .NET CLR 2.0.50727; .NET CLR 2.0.34991; .NET CLR 3.0.30729; Media Center PC 6.0; Tablet PC 2.0)"
218.30.103.140 - - [17/Apr/2013:08:33:32 +0800] "GET /zszx/xxx2.htm HTTP/1.1" 304 - "-" "Sogou web spider/4.0(+http://www.sogou.com/docs/help/webmasters.htm#07)"
220.181.108.147 - - [17/Apr/2013:08:34:22 +0800] "GET /http_type/tm/docments/LT51250462006303BJC00%20Metadata.htm HTTP/1.1" 200 16156 "-" "Mozilla/5.0 (compatible; Baiduspider/2.0; +http://www.baidu.com/search/spider.html)"
61.149.37.106 - - [17/Apr/2013:08:35:02 +0800] "GET / HTTP/1.1" 302 - "-" "Jakarta Commons-HttpClient/3.1"
61.149.37.106 - - [17/Apr/2013:08:35:02 +0800] "GET /sxzn/index.action HTTP/1.1" 200 18352 "-" "Jakarta Commons-HttpClient/3.1"
61.149.37.239 - - [17/Apr/2013:08:35:28 +0800] "GET / HTTP/1.1" 302 - "-" "Jakarta Commons-HttpClient/3.1"
61.149.37.239 - - [17/Apr/2013:08:35:28 +0800] "GET /sxzn/index.action HTTP/1.1" 200 18352 "-" "Jakarta Commons-HttpClient/3.1"
124.115.1.60 - - [17/Apr/2013:08:37:32 +0800] "GET /sxzn/foreground/listDataOfMD.action?id=24 HTTP/1.1" 302 - "-" "Mozilla/4.0 (compatible; MSIE 6.0; Windows NT 5.1)"
124.115.1.60 - - [17/Apr/2013:08:37:33 +0800] "GET /sxzn/login.action;jsessionid=7F4F6AA6A2D62CA9652468F9F77DDE63 HTTP/1.1" 200 7450 "-" "Mozilla/4.0 (compatible; MSIE 6.0; Windows NT 5.1)"
124.115.1.60 - - [17/Apr/2013:08:37:44 +0800] "GET /sxzn/css/index.css HTTP/1.1" 200 1730 "http://www.zxsxsample.com/sxzn/foreground/listDataOfMD.action?id=24" "Mozilla/4.0 (compatible; MSIE 6.0; Windows NT 5.1)"
124.115.1.60 - - [17/Apr/2013:08:37:44 +0800] "GET /sxzn/css/login.css HTTP/1.1" 200 199 "http://www.zxsxsample.com/sxzn/foreground/listDataOfMD.action?id=24" "Mozilla/4.0 (compatible; MSIE 6.0; Windows NT 5.1)"
124.115.1.60 - - [17/Apr/2013:08:37:45 +0800] "GET /sxzn/css/layout.css HTTP/1.1" 200 6591 "http://www.zxsxsample.com/sxzn/foreground/listDataOfMD.action?id=24" "Mozilla/4.0 (compatible; MSIE 6.0; Windows NT 5.1)"
124.115.1.60 - - [17/Apr/2013:08:37:45 +0800] "GET /sxzn/js/gen_validatorv31.js HTTP/1.1" 200 20040 "http://www.zxsxsample.com/sxzn/foreground/listDataOfMD.action?id=24" "Mozilla/4.0 (compatible; MSIE 6.0; Windows NT 5.1)"
218.30.103.140 - - [17/Apr/2013:08:39:29 +0800] "GET /zszx/map/standard/index_1_1.htm HTTP/1.1" 304 - "-" "Sogou web spider/4.0(+http://www.sogou.com/docs/help/webmasters.htm#07)"
61.149.37.106 - - [17/Apr/2013:08:40:02 +0800] "GET / HTTP/1.1" 302 - "-" "Jakarta Commons-HttpClient/3.1"
61.149.37.106 - - [17/Apr/2013:08:40:02 +0800] "GET /sxzn/index.action HTTP/1.1" 200 18352 "-" "Jakarta Commons-HttpClient/3.1"
66.249.75.2 - - [17/Apr/2013:08:40:10 +0800] "GET /list/main.jsp HTTP/1.1" 200 873 "-" "Mozilla/5.0 (iPhone; U; CPU iPhone OS 4_1 like Mac OS X; en-us) AppleWebKit/532.9 (KHTML, like Gecko) Version/4.0.5 Mobile/8B117 Safari/6531.22.7 (compatible; Googlebot-Mobile/2.1; +http://www.google.com/bot.html)"
61.149.37.239 - - [17/Apr/2013:08:40:35 +0800] "GET / HTTP/1.1" 302 - "-" "Jakarta Commons-HttpClient/3.1"
61.149.37.239 - - [17/Apr/2013:08:40:35 +0800] "GET /sxzn/index.action HTTP/1.1" 200 18352 "-" "Jakarta Commons-HttpClient/3.1"
111.206.71.53 - - [17/Apr/2013:08:41:32 +0800] "GET /http_type/tm/docments/LT51250442006255BJC00%20Metadata.htm HTTP/1.1" 200 16154 "-" "Mozilla/5.0 (compatible; Baiduspider/2.0; +http://www.baidu.com/search/spider.html)"
66.249.75.4 - - [17/Apr/2013:08:41:52 +0800] "GET /http_type/tm/html/html/pic/LT41360321989005XXX01.jpg HTTP/1.1" 404 250 "-" "Googlebot-Image/1.0"
123.116.33.127 - - [17/Apr/2013:08:42:35 +0800] "GET /favicon.ico HTTP/1.1" 404 209 "-" "Mozilla/4.0 (compatible; MSIE 7.0; Windows NT 5.1; Trident/4.0; .NET CLR 2.0.50727; 360space)"
157.55.35.100 - - [17/Apr/2013:08:43:19 +0800] "GET /robots.txt HTTP/1.1" 404 208 "-" "Mozilla/5.0 (compatible; bingbot/2.0; +http://www.bing.com/bingbot.htm)"
157.55.35.100 - - [17/Apr/2013:08:45:11 +0800] "GET / HTTP/1.1" 302 - "-" "Mozilla/5.0 (compatible; bingbot/2.0; +http://www.bing.com/bingbot.htm)"
157.55.35.100 - - [17/Apr/2013:08:45:16 +0800] "GET /sxzn/index.action HTTP/1.1" 200 18528 "-" "Mozilla/5.0 (compatible; bingbot/2.0; +http://www.bing.com/bingbot.htm)"
61.149.37.106 - - [17/Apr/2013:08:45:22 +0800] "GET / HTTP/1.1" 302 - "-" "Jakarta Commons-HttpClient/3.1"
61.149.37.106 - - [17/Apr/2013:08:45:22 +0800] "GET /sxzn/index.action HTTP/1.1" 200 18352 "-" "Jakarta Commons-HttpClient/3.1"
61.149.37.239 - - [17/Apr/2013:08:45:49 +0800] "GET / HTTP/1.1" 302 - "-" "Jakarta Commons-HttpClient/3.1"
61.149.37.239 - - [17/Apr/2013:08:45:49 +0800] "GET /sxzn/index.action HTTP/1.1" 200 18352 "-" "Jakarta Commons-HttpClient/3.1"
178.154.179.250 - - [17/Apr/2013:08:46:53 +0800] "GET /robots.txt HTTP/1.1" 404 208 "-" "Mozilla/5.0 (compatible; YandexBot/3.0; +http://yandex.com/bots)"
222.141.54.76 - - [17/Apr/2013:08:47:49 +0800] "GET /favicon.ico HTTP/1.1" 404 209 "-" "Mozilla/4.0 (compatible; MSIE 7.0; Windows NT 5.1; Trident/4.0; .NET CLR 2.0.50727; 360space)"
114.248.162.51 - - [17/Apr/2013:08:49:53 +0800] "GET / HTTP/1.1" 302 - "-" "Java/1.6.0_10-rc2"
114.248.162.51 - - [17/Apr/2013:08:49:53 +0800] "GET /sxzn/index.action HTTP/1.1" 200 18528 "-" "Java/1.6.0_10-rc2"
61.149.37.106 - - [17/Apr/2013:08:50:02 +0800] "GET / HTTP/1.1" 302 - "-" "Jakarta Commons-HttpClient/3.1"
61.149.37.106 - - [17/Apr/2013:08:50:02 +0800] "GET /sxzn/index.action HTTP/1.1" 200 18352 "-" "Jakarta Commons-HttpClient/3.1"
61.149.37.239 - - [17/Apr/2013:08:50:27 +0800] "GET / HTTP/1.1" 302 - "-" "Jakarta Commons-HttpClient/3.1"
61.149.37.239 - - [17/Apr/2013:08:50:27 +0800] "GET /sxzn/index.action HTTP/1.1" 200 18352 "-" "Jakarta Commons-HttpClient/3.1"
121.57.226.241 - - [17/Apr/2013:08:53:05 +0800] "GET / HTTP/1.1" 302 - "-" "Mozilla/4.0 (compatible; MSIE 6.0; Windows NT 5.0)"
121.57.226.241 - - [17/Apr/2013:08:53:05 +0800] "GET /sxzn/index.action HTTP/1.1" 200 18528 "-" "Mozilla/4.0 (compatible; MSIE 6.0; Windows NT 5.0)"
131.253.38.102 - - [17/Apr/2013:08:53:45 +0800] "GET /robots.txt HTTP/1.1" 404 208 "-" "msnbot-media/1.1 (+http://search.msn.com/msnbot.htm)"
131.253.38.102 - - [17/Apr/2013:08:53:46 +0800] "GET /sxzn/rand.action HTTP/1.1" 200 1251 "-" "msnbot-media/1.1 (+http://search.msn.com/msnbot.htm)"
218.30.103.140 - - [17/Apr/2013:08:53:45 +0800] "GET /tlp/user/main.jsp?table=m_rjs HTTP/1.1" 200 23909 "-" "Sogou web spider/4.0(+http://www.sogou.com/docs/help/webmasters.htm#07)"
61.149.37.106 - - [17/Apr/2013:08:55:02 +0800] "GET / HTTP/1.1" 302 - "-" "Jakarta Commons-HttpClient/3.1"
61.149.37.106 - - [17/Apr/2013:08:55:02 +0800] "GET /sxzn/index.action HTTP/1.1" 200 18352 "-" "Jakarta Commons-HttpClient/3.1"
61.149.37.239 - - [17/Apr/2013:08:55:27 +0800] "GET / HTTP/1.1" 302 - "-" "Jakarta Commons-HttpClient/3.1"
61.149.37.239 - - [17/Apr/2013:08:55:27 +0800] "GET /sxzn/index.action HTTP/1.1" 200 18352 "-" "Jakarta Commons-HttpClient/3.1"
218.30.103.140 - - [17/Apr/2013:08:55:48 +0800] "GET /sxzn/foreground/viewMetadata.action?id=60 HTTP/1.1" 200 9205 "-" "Sogou web spider/4.0(+http://www.sogou.com/docs/help/webmasters.htm#07)"
220.181.108.162 - - [17/Apr/2013:08:55:56 +0800] "GET /http_type/tm/docments/LT51250442005284BJC00%20Metadata.htm HTTP/1.1" 200 16152 "-" "Mozilla/5.0 (compatible; Baiduspider/2.0; +http://www.baidu.com/search/spider.html)"
218.30.103.140 - - [17/Apr/2013:08:55:58 +0800] "GET /http_type/tm/docments/LT51260392006262IKR00%20Metadata.htm HTTP/1.1" 304 - "-" "Sogou web spider/4.0(+http://www.sogou.com/docs/help/webmasters.htm#07)"
218.30.103.140 - - [17/Apr/2013:08:57:51 +0800] "GET /tlp/user/main.jsp?table=m_rll HTTP/1.1" 200 23212 "-" "Sogou web spider/4.0(+http://www.sogou.com/docs/help/webmasters.htm#07)"
61.149.37.106 - - [17/Apr/2013:09:00:02 +0800] "GET / HTTP/1.1" 302 - "-" "Jakarta Commons-HttpClient/3.1"
61.149.37.106 - - [17/Apr/2013:09:00:02 +0800] "GET /sxzn/index.action HTTP/1.1" 200 18352 "-" "Jakarta Commons-HttpClient/3.1"
61.149.12.161 - - [17/Apr/2013:09:00:18 +0800] "GET / HTTP/1.1" 302 - "-" "Jakarta Commons-HttpClient/3.0"
61.149.12.161 - - [17/Apr/2013:09:00:18 +0800] "GET /sxzn/index.action HTTP/1.1" 200 18352 "-" "Jakarta Commons-HttpClient/3.0"
61.149.37.239 - - [17/Apr/2013:09:00:27 +0800] "GET / HTTP/1.1" 302 - "-" "Jakarta Commons-HttpClient/3.1"
61.149.37.239 - - [17/Apr/2013:09:00:27 +0800] "GET /sxzn/index.action HTTP/1.1" 200 18352 "-" "Jakarta Commons-HttpClient/3.1"
114.248.162.51 - - [17/Apr/2013:09:01:21 +0800] "GET / HTTP/1.0" 302 - "-" "hqthCrawler"
219.154.133.167 - - [17/Apr/2013:09:01:55 +0800] "GET /clim/images/climintro4.jpg HTTP/1.1" 200 29824 "http://image.baidu.com/i?ct=503316480&z=&tn=baiduimagedetail&word=%E6%B2%B3%E5%8D%97%E7%9C%81%E5%BE%84%E6%B5%81%E6%B7%B1%E7%AD%89%E5%80%BC%E7%BA%BF%E5%9B%BE&ie=utf-8&in=12321&cl=2&lm=-1&st=&pn=1&rn=1&di=100273798251&ln=1972&fr=ala1&fm=ala1&fmq=1366160508906_R&ic=&s=&se=&sme=0&tab=&width=&height=&face=&is=&istype=&hit=" "Mozilla/4.0 (compatible; MSIE 6.0; Windows NT 5.1; SV1)"
218.30.103.140 - - [17/Apr/2013:09:03:59 +0800] "GET /tlp/advanced/main.jsp?table=rll HTTP/1.1" 200 30153 "-" "Sogou web spider/4.0(+http://www.sogou.com/docs/help/webmasters.htm#07)"
61.135.190.221 - - [17/Apr/2013:09:04:47 +0800] "GET / HTTP/1.1" 302 - "http://www.baidu.com/s?wd=%D6%D0%BF%C6%D4%BA%B8%F6%C8%CB%D0%C5%CF%A2%C6%BD%CC%A8_%B8%F6%C8%CB%CA%FD%BE%DD%B9%DC%C0%ED%C6%BD%CC%A8" "Mozilla/5.0 (Windows; U; Windows NT 5.1; zh-CN; rv:1.9.2.15) Gecko/20110303 Firefox/3.6.15"
61.135.190.221 - - [17/Apr/2013:09:04:47 +0800] "GET /sxzn/index.action HTTP/1.1" 200 18352 "http://www.baidu.com/s?wd=%D6%D0%BF%C6%D4%BA%B8%F6%C8%CB%D0%C5%CF%A2%C6%BD%CC%A8_%B8%F6%C8%CB%CA%FD%BE%DD%B9%DC%C0%ED%C6%BD%CC%A8" "Mozilla/5.0 (Windows; U; Windows NT 5.1; zh-CN; rv:1.9.2.15) Gecko/20110303 Firefox/3.6.15"
61.149.37.106 - - [17/Apr/2013:09:05:20 +0800] "GET / HTTP/1.1" 302 - "-" "Jakarta Commons-HttpClient/3.1"
61.149.37.106 - - [17/Apr/2013:09:05:21 +0800] "GET /sxzn/index.action HTTP/1.1" 200 18352 "-" "Jakarta Commons-HttpClient/3.1"
61.149.37.239 - - [17/Apr/2013:09:05:34 +0800] "GET / HTTP/1.1" 302 - "-" "Jakarta Commons-HttpClient/3.1"
61.149.37.239 - - [17/Apr/2013:09:05:34 +0800] "GET /sxzn/index.action HTTP/1.1" 200 18352 "-" "Jakarta Commons-HttpClient/3.1"
121.28.48.77 - - [17/Apr/2013:09:06:11 +0800] "GET /favicon.ico HTTP/1.1" 404 209 "-" "Mozilla/4.0 (compatible; MSIE 7.0; Windows NT 5.1; Trident/4.0; .NET CLR 2.0.50727; 360space)"
111.206.71.108 - - [17/Apr/2013:09:10:20 +0800] "GET /http_type/tm/docments/LT51250392007226IKR00%20Metadata.htm HTTP/1.1" 200 16134 "-" "Mozilla/5.0 (compatible; Baiduspider/2.0; +http://www.baidu.com/search/spider.html)"
61.149.37.106 - - [17/Apr/2013:09:10:23 +0800] "GET / HTTP/1.1" 302 - "-" "Jakarta Commons-HttpClient/3.1"
61.149.37.106 - - [17/Apr/2013:09:10:23 +0800] "GET /sxzn/index.action HTTP/1.1" 200 18352 "-" "Jakarta Commons-HttpClient/3.1"
61.149.37.239 - - [17/Apr/2013:09:10:49 +0800] "GET / HTTP/1.1" 302 - "-" "Jakarta Commons-HttpClient/3.1"
61.149.37.239 - - [17/Apr/2013:09:10:49 +0800] "GET /sxzn/index.action HTTP/1.1" 200 18352 "-" "Jakarta Commons-HttpClient/3.1"
66.249.75.5 - - [17/Apr/2013:09:11:17 +0800] "GET /http_type/tm/html/html/pic/LT51340332006174IKR00.jpg HTTP/1.1" 404 250 "-" "Googlebot-Image/1.0"
124.115.1.60 - - [17/Apr/2013:09:13:15 +0800] "GET /sxzn/foreground/listDataOfMD.action?id=16 HTTP/1.1" 302 - "-" "Mozilla/4.0 (compatible; MSIE 6.0; Windows NT 5.1)"
124.115.1.60 - - [17/Apr/2013:09:13:15 +0800] "GET /sxzn/login.action;jsessionid=0E047A829DEF3D18624F7E465ECCDFD1 HTTP/1.1" 200 7450 "-" "Mozilla/4.0 (compatible; MSIE 6.0; Windows NT 5.1)"
124.115.1.60 - - [17/Apr/2013:09:13:25 +0800] "GET /sxzn/css/index.css HTTP/1.1" 200 1730 "http://www.zxsxsample.com/sxzn/foreground/listDataOfMD.action?id=16" "Mozilla/4.0 (compatible; MSIE 6.0; Windows NT 5.1)"
124.115.1.60 - - [17/Apr/2013:09:13:25 +0800] "GET /sxzn/css/login.css HTTP/1.1" 200 199 "http://www.zxsxsample.com/sxzn/foreground/listDataOfMD.action?id=16" "Mozilla/4.0 (compatible; MSIE 6.0; Windows NT 5.1)"
124.115.1.60 - - [17/Apr/2013:09:13:26 +0800] "GET /sxzn/css/layout.css HTTP/1.1" 200 6591 "http://www.zxsxsample.com/sxzn/foreground/listDataOfMD.action?id=16" "Mozilla/4.0 (compatible; MSIE 6.0; Windows NT 5.1)"
58.20.0.27 - - [17/Apr/2013:09:13:25 +0800] "GET /clim/images/climintro4.jpg HTTP/1.1" 200 29824 "http://image.baidu.com/i?ct=503316480&z=0&tn=baiduimagedetail&cl=2&cm=1&sc=0&lm=-1&fr=ala2&pn=0&rn=1&di=310791354000&ln=1975&word=%CC%D2%BD%AD%CF%D8%BD%B5%D3%EA%C1%BF%B5%C8%D6%B5%CF%DF%CD%BC" "Mozilla/5.0 (Windows NT 5.1) AppleWebKit/537.1 (KHTML, like Gecko) Chrome/7.3.2201.9 Safari/537.1"
124.115.1.60 - - [17/Apr/2013:09:13:26 +0800] "GET /sxzn/js/gen_validatorv31.js HTTP/1.1" 200 20040 "http://www.zxsxsample.com/sxzn/foreground/listDataOfMD.action?id=16" "Mozilla/4.0 (compatible; MSIE 6.0; Windows NT 5.1)"
114.248.162.51 - - [17/Apr/2013:09:14:05 +0800] "GET / HTTP/1.1" 302 - "-" "Java/1.6.0_10-rc2"
114.248.162.51 - - [17/Apr/2013:09:14:05 +0800] "GET /sxzn/index.action HTTP/1.1" 200 18528 "-" "Java/1.6.0_10-rc2"
218.30.103.140 - - [17/Apr/2013:09:14:07 +0800] "GET /sxzn/foreground/viewDataset.action?id=1552 HTTP/1.1" 302 - "-" "Sogou web spider/4.0(+http://www.sogou.com/docs/help/webmasters.htm#07)"
61.149.37.106 - - [17/Apr/2013:09:15:02 +0800] "GET / HTTP/1.1" 302 - "-" "Jakarta Commons-HttpClient/3.1"
61.149.37.106 - - [17/Apr/2013:09:15:02 +0800] "GET /sxzn/index.action HTTP/1.1" 200 18352 "-" "Jakarta Commons-HttpClient/3.1"
218.30.103.140 - - [17/Apr/2013:09:15:27 +0800] "GET /sxzn/login.action;jsessionid=C4F84BF44E8CD52FE539DCC7C998AD99 HTTP/1.1" 200 7318 "-" "Sogou web spider/4.0(+http://www.sogou.com/docs/help/webmasters.htm#07)"
61.149.37.239 - - [17/Apr/2013:09:15:35 +0800] "GET / HTTP/1.1" 302 - "-" "Jakarta Commons-HttpClient/3.1"
61.149.37.239 - - [17/Apr/2013:09:15:35 +0800] "GET /sxzn/index.action HTTP/1.1" 200 18352 "-" "Jakarta Commons-HttpClient/3.1"
61.155.81.3 - - [17/Apr/2013:09:17:57 +0800] "GET /zszx/map/photo/cgzai/cont.bmp HTTP/1.1" 200 867098 "http://image.baidu.com/i?ct=503316480&z=&tn=baiduimagedetail&word=%E9%AB%98%E5%8E%9F%E7%AD%89%E9%AB%98%E7%BA%BF%E5%9B%BE&ie=utf-8&in=19089&cl=2&lm=-1&st=-1&pn=2&rn=1&di=226735695250&ln=1961&fr=&fm=result&fmq=1366161457906_R&ic=0&s=&se=1&sme=0&tab=&width=&height=&face=0&is=&istype=2&hit=" "Mozilla/5.0 (Windows NT 6.1) AppleWebKit/535.11 (KHTML, like Gecko) Chrome/17.0.963.84 Safari/535.11 SE 2.X SiplDe 1.0"
218.30.103.140 - - [17/Apr/2013:09:18:12 +0800] "GET /sxzn/foreground/viewMetadata.action?id=127 HTTP/1.1" 200 9302 "-" "Sogou web spider/4.0(+http://www.sogou.com/docs/help/webmasters.htm#07)"
218.30.103.140 - - [17/Apr/2013:09:18:22 +0800] "GET /http_type/tm/docments/LT51180282007161IKR00%20Metadata.htm HTTP/1.1" 304 - "-" "Sogou web spider/4.0(+http://www.sogou.com/docs/help/webmasters.htm#07)"
183.63.9.176 - - [17/Apr/2013:09:19:18 +0800] "GET /zszx/map/photo/cgzai/slop.bmp HTTP/1.1" 200 867098 "http://image.baidu.com/i?ct=503316480&z=0&tn=baiduimagedetail&word=%E9%BB%84%E5%9C%9F%E9%AB%98%E5%8E%9F%E5%8C%BA%E5%9F%9F%E5%9B%BE&ie=utf-8&in=21634&cl=2&lm=-1&st=&pn=30&rn=1&di=188916033951&ln=1957&fr=&fm=rs5&fmq=1366161546610_R&ic=&s=&se=&sme=0&tab=&width=&height=&face=&is=&istype=2&hit=" "Mozilla/5.0 (Windows NT 5.1) AppleWebKit/537.1 (KHTML, like Gecko) Maxthon/4.0.5.3000 Chrome/22.0.1229.79 Safari/537.1"
61.149.37.106 - - [17/Apr/2013:09:20:05 +0800] "GET / HTTP/1.1" 302 - "-" "Jakarta Commons-HttpClient/3.1"
61.149.37.106 - - [17/Apr/2013:09:20:05 +0800] "GET /sxzn/index.action HTTP/1.1" 200 18352 "-" "Jakarta Commons-HttpClient/3.1"
61.149.37.239 - - [17/Apr/2013:09:20:27 +0800] "GET / HTTP/1.1" 302 - "-" "Jakarta Commons-HttpClient/3.1"
61.149.37.239 - - [17/Apr/2013:09:20:27 +0800] "GET /sxzn/index.action HTTP/1.1" 200 18352 "-" "Jakarta Commons-HttpClient/3.1"
218.30.103.140 - - [17/Apr/2013:09:22:16 +0800] "GET /sxzn/register.action HTTP/1.1" 200 20796 "-" "Sogou web spider/4.0(+http://www.sogou.com/docs/help/webmasters.htm#07)"
111.206.71.73 - - [17/Apr/2013:09:24:41 +0800] "GET /http_type/tm/docments/LT51240452007187BKT00%20Metadata.htm HTTP/1.1" 200 16156 "-" "Mozilla/5.0 (compatible; Baiduspider/2.0; +http://www.baidu.com/search/spider.html)"
61.149.37.106 - - [17/Apr/2013:09:25:12 +0800] "GET / HTTP/1.1" 302 - "-" "Jakarta Commons-HttpClient/3.1"
61.149.37.106 - - [17/Apr/2013:09:25:12 +0800] "GET /sxzn/index.action HTTP/1.1" 200 18352 "-" "Jakarta Commons-HttpClient/3.1"
210.31.67.2 - - [17/Apr/2013:09:25:19 +0800] "GET /favicon.ico HTTP/1.1" 404 209 "-" "Mozilla/4.0 (compatible; MSIE 7.0; Windows NT 5.1; Trident/4.0; .NET CLR 2.0.50727; 360space)"
61.149.37.239 - - [17/Apr/2013:09:25:45 +0800] "GET / HTTP/1.1" 302 - "-" "Jakarta Commons-HttpClient/3.1"
61.149.37.239 - - [17/Apr/2013:09:25:45 +0800] "GET /sxzn/index.action HTTP/1.1" 200 18352 "-" "Jakarta Commons-HttpClient/3.1"
218.30.103.140 - - [17/Apr/2013:09:26:20 +0800] "GET /http_type/tm/docments/LT51190352007232IKR00%20Metadata.htm HTTP/1.1" 304 - "-" "Sogou web spider/4.0(+http://www.sogou.com/docs/help/webmasters.htm#07)"
218.30.103.140 - - [17/Apr/2013:09:28:18 +0800] "GET /sxzn/foreground/browseMetadata.action?id=32 HTTP/1.1" 200 12794 "-" "Sogou web spider/4.0(+http://www.sogou.com/docs/help/webmasters.htm#07)"
218.30.103.140 - - [17/Apr/2013:09:28:28 +0800] "GET /http_type/tm/docments/LT51210441995261XXX00%20Metadata.htm HTTP/1.1" 304 - "-" "Sogou web spider/4.0(+http://www.sogou.com/docs/help/webmasters.htm#07)"
61.149.8.38 - - [17/Apr/2013:09:29:25 +0800] "GET / HTTP/1.0" 302 - "-" "Wget/1.10.2 (Red Hat modified)"
61.149.8.38 - - [17/Apr/2013:09:29:26 +0800] "GET /sxzn/index.action HTTP/1.0" 200 18352 "-" "Wget/1.10.2 (Red Hat modified)"
61.149.37.106 - - [17/Apr/2013:09:30:02 +0800] "GET / HTTP/1.1" 302 - "-" "Jakarta Commons-HttpClient/3.1"
61.149.37.106 - - [17/Apr/2013:09:30:02 +0800] "GET /sxzn/index.action HTTP/1.1" 200 18352 "-" "Jakarta Commons-HttpClient/3.1"
61.149.37.239 - - [17/Apr/2013:09:30:27 +0800] "GET / HTTP/1.1" 302 - "-" "Jakarta Commons-HttpClient/3.1"
61.149.37.239 - - [17/Apr/2013:09:30:27 +0800] "GET /sxzn/index.action HTTP/1.1" 200 18352 "-" "Jakarta Commons-HttpClient/3.1"
111.11.188.172 - - [17/Apr/2013:09:31:26 +0800] "GET /favicon.ico HTTP/1.1" 404 209 "-" "Mozilla/4.0 (compatible; MSIE 7.0; Windows NT 5.1; Trident/4.0; .NET CLR 2.0.50727; 360space)"
218.30.103.140 - - [17/Apr/2013:09:32:26 +0800] "GET /sxzn/foreground/browseMetadata.action?d-49747-p=12 HTTP/1.1" 200 14371 "-" "Sogou web spider/4.0(+http://www.sogou.com/docs/help/webmasters.htm#07)"
218.30.103.140 - - [17/Apr/2013:09:32:35 +0800] "GET /http_type/tm/docments/LT51160282004267BJC01%20Metadata.htm HTTP/1.1" 304 - "-" "Sogou web spider/4.0(+http://www.sogou.com/docs/help/webmasters.htm#07)"
61.149.37.106 - - [17/Apr/2013:09:35:19 +0800] "GET / HTTP/1.1" 302 - "-" "Jakarta Commons-HttpClient/3.1"
61.149.37.106 - - [17/Apr/2013:09:35:19 +0800] "GET /sxzn/index.action HTTP/1.1" 200 18352 "-" "Jakarta Commons-HttpClient/3.1"
61.149.37.239 - - [17/Apr/2013:09:35:52 +0800] "GET / HTTP/1.1" 302 - "-" "Jakarta Commons-HttpClient/3.1"
61.149.37.239 - - [17/Apr/2013:09:35:52 +0800] "GET /sxzn/index.action HTTP/1.1" 200 18352 "-" "Jakarta Commons-HttpClient/3.1"
61.149.17.29 - - [17/Apr/2013:09:35:56 +0800] "GET / HTTP/1.0" 302 - "-" "Wget/1.11.4 Red Hat modified"
61.149.17.29 - - [17/Apr/2013:09:35:57 +0800] "GET /sxzn/index.action HTTP/1.0" 200 18352 "-" "Wget/1.11.4 Red Hat modified"
218.30.103.140 - - [17/Apr/2013:09:36:28 +0800] "GET /zszx/handbook/notes.docs/filelist.xml HTTP/1.1" 304 - "-" "Sogou web spider/4.0(+http://www.sogou.com/docs/help/webmasters.htm#07)"
114.248.162.51 - - [17/Apr/2013:09:37:55 +0800] "GET / HTTP/1.0" 302 - "-" "hqthCrawler"
114.248.162.51 - - [17/Apr/2013:09:38:01 +0800] "GET / HTTP/1.1" 302 - "-" "Java/1.6.0_10-rc2"
114.248.162.51 - - [17/Apr/2013:09:38:02 +0800] "GET /sxzn/index.action HTTP/1.1" 200 18528 "-" "Java/1.6.0_10-rc2"
220.181.108.148 - - [17/Apr/2013:09:39:02 +0800] "GET /http_type/tm/docments/LT51240432006264BKT00%20Metadata.htm HTTP/1.1" 200 16151 "-" "Mozilla/5.0 (compatible; Baiduspider/2.0; +http://www.baidu.com/search/spider.html)"
61.149.37.106 - - [17/Apr/2013:09:40:08 +0800] "GET / HTTP/1.1" 302 - "-" "Jakarta Commons-HttpClient/3.1"
61.149.37.106 - - [17/Apr/2013:09:40:08 +0800] "GET /sxzn/index.action HTTP/1.1" 200 18352 "-" "Jakarta Commons-HttpClient/3.1"
61.149.37.239 - - [17/Apr/2013:09:40:57 +0800] "GET / HTTP/1.1" 302 - "-" "Jakarta Commons-HttpClient/3.1"
61.149.37.239 - - [17/Apr/2013:09:40:57 +0800] "GET /sxzn/index.action HTTP/1.1" 200 18352 "-" "Jakarta Commons-HttpClient/3.1"
101.12.161.32 - - [17/Apr/2013:09:41:09 +0800] "GET /zszx/map/photo/as/pm.bmp HTTP/1.1" 200 867098 "http://www.google.com.tw/search?q=%E5%9C%9F%E5%9C%B0%E5%88%A9%E7%94%A8%E5%9C%96%E4%BE%8B&source=lnms&tbm=isch&sa=X&ei=vfxtUfrYB4yziQfI74HYBg&ved=0CAgQ_AUoAQ&biw=320&bih=395&sei=qP1tUYmoNoK3iQfJkYBg" "Mozilla/5.0 (Linux; U; Android 2.3.6; en-us; GT-S7500 Build/GINGERBREAD) AppleWebKit/533.1 (KHTML, like Gecko) Version/4.0 Mobile Safari/533.1"
66.249.75.9 - - [17/Apr/2013:09:41:29 +0800] "GET /http_type/tm/html/html/pic/LT51350311990233AAA02.jpg HTTP/1.1" 404 250 "-" "Googlebot-Image/1.0"
66.249.75.1 - - [17/Apr/2013:09:41:32 +0800] "GET /stat/images/line_05.gif HTTP/1.1" 304 - "-" "Googlebot-Image/1.0"
66.249.75.2 - - [17/Apr/2013:09:41:55 +0800] "GET /clim/advanced/images/Moff.gif HTTP/1.1" 304 - "-" "Googlebot-Image/1.0"
66.249.75.7 - - [17/Apr/2013:09:42:36 +0800] "GET /zszx/handbook/handbook1.files/image067.gif HTTP/1.1" 304 - "-" "Googlebot-Image/1.0"
66.249.75.3 - - [17/Apr/2013:09:43:33 +0800] "GET /zszx/map/photo/yixian/ly90.bmp HTTP/1.1" 304 - "-" "Googlebot-Image/1.0"
111.7.227.124 - - [17/Apr/2013:09:45:16 +0800] "GET /zszx/map/photo/cgzai/cont.bmp HTTP/1.1" 200 867098 "http://image.baidu.com/i?ct=503316480&z=&tn=baiduimagedetail&word=%E7%AD%89%E9%AB%98%E7%BA%BF%E5%9B%BE&ie=utf-8&in=13064&cl=2&lm=-1&st=-1&pn=6&rn=1&di=157936718850&ln=1674&fr=&fm=detail&fmq=1366163073643_R&ic=0&s=&se=1&sme=0&tab=&width=&height=&face=0&is=&istype=2&hit=" "Mozilla/5.0 (Windows NT 6.1; WOW64) AppleWebKit/537.1 (KHTML, like Gecko) Chrome/7.3.2201.9 Safari/537.1 LBBROWSER"
61.149.37.106 - - [17/Apr/2013:09:45:25 +0800] "GET / HTTP/1.1" 302 - "-" "Jakarta Commons-HttpClient/3.1"
61.149.37.106 - - [17/Apr/2013:09:45:25 +0800] "GET /sxzn/index.action HTTP/1.1" 200 18352 "-" "Jakarta Commons-HttpClient/3.1"
61.149.37.239 - - [17/Apr/2013:09:45:47 +0800] "GET / HTTP/1.1" 302 - "-" "Jakarta Commons-HttpClient/3.1"
61.149.37.239 - - [17/Apr/2013:09:45:47 +0800] "GET /sxzn/index.action HTTP/1.1" 200 18352 "-" "Jakarta Commons-HttpClient/3.1"
221.207.246.86 - - [17/Apr/2013:09:46:47 +0800] "GET /favicon.ico HTTP/1.1" 404 209 "-" "Mozilla/4.0 (compatible; MSIE 7.0; Windows NT 5.1; Trident/4.0; .NET CLR 2.0.50727; 360space)"
124.115.1.60 - - [17/Apr/2013:09:49:58 +0800] "GET /sxzn/foreground/listDataOfMD.action?id=3 HTTP/1.1" 302 - "-" "Mozilla/4.0 (compatible; MSIE 6.0; Windows NT 5.1)"
124.115.1.60 - - [17/Apr/2013:09:49:58 +0800] "GET /sxzn/login.action;jsessionid=4CB16DBBB4CB7BD8E9242598567F0044 HTTP/1.1" 200 7450 "-" "Mozilla/4.0 (compatible; MSIE 6.0; Windows NT 5.1)"
210.56.218.58 - - [17/Apr/2013:09:50:00 +0800] "GET /favicon.ico HTTP/1.1" 404 209 "-" "Mozilla/4.0 (compatible; MSIE 7.0; Windows NT 5.1; Trident/4.0; .NET CLR 2.0.50727; 360space)"
61.149.37.106 - - [17/Apr/2013:09:50:02 +0800] "GET / HTTP/1.1" 302 - "-" "Jakarta Commons-HttpClient/3.1"
61.149.37.106 - - [17/Apr/2013:09:50:02 +0800] "GET /sxzn/index.action HTTP/1.1" 200 18352 "-" "Jakarta Commons-HttpClient/3.1"
124.115.1.60 - - [17/Apr/2013:09:50:09 +0800] "GET /sxzn/css/index.css HTTP/1.1" 200 1730 "http://www.zxsxsample.com/sxzn/foreground/listDataOfMD.action?id=3" "Mozilla/4.0 (compatible; MSIE 6.0; Windows NT 5.1)"
124.115.1.60 - - [17/Apr/2013:09:50:09 +0800] "GET /sxzn/css/login.css HTTP/1.1" 200 199 "http://www.zxsxsample.com/sxzn/foreground/listDataOfMD.action?id=3" "Mozilla/4.0 (compatible; MSIE 6.0; Windows NT 5.1)"
124.115.1.60 - - [17/Apr/2013:09:50:10 +0800] "GET /sxzn/css/layout.css HTTP/1.1" 200 6591 "http://www.zxsxsample.com/sxzn/foreground/listDataOfMD.action?id=3" "Mozilla/4.0 (compatible; MSIE 6.0; Windows NT 5.1)"
124.115.1.60 - - [17/Apr/2013:09:50:10 +0800] "GET /sxzn/js/gen_validatorv31.js HTTP/1.1" 200 20040 "http://www.zxsxsample.com/sxzn/foreground/listDataOfMD.action?id=3" "Mozilla/4.0 (compatible; MSIE 6.0; Windows NT 5.1)"
61.149.37.239 - - [17/Apr/2013:09:50:31 +0800] "GET / HTTP/1.1" 302 - "-" "Jakarta Commons-HttpClient/3.1"
61.149.37.239 - - [17/Apr/2013:09:50:31 +0800] "GET /sxzn/index.action HTTP/1.1" 200 18352 "-" "Jakarta Commons-HttpClient/3.1"
125.41.29.212 - - [17/Apr/2013:09:52:46 +0800] "GET /zszx/map/photo/cgzai/cont.bmp HTTP/1.1" 200 867098 "http://image.baidu.com/i?ct=503316480&z=&tn=baiduimagedetail&word=%E5%85%B3%E4%BA%8E%E9%BB%84%E5%9C%9F%E9%AB%98%E5%8E%9F%E7%9A%84%E5%9B%BE%E7%89%87&ie=utf-8&in=5219&cl=&lm=&st=&pn=12&rn=1&di=127328931900&ln=1997&fr=&fm=&fmq=1366163171640_R&ic=&s=&se=&sme=0&tab=&width=&height=&face=&is=&istype=&hit=" "Mozilla/4.0 (compatible; MSIE 8.0; Windows NT 5.1; Trident/4.0; QQDownload 718)"
111.206.71.117 - - [17/Apr/2013:09:53:24 +0800] "GET /http_type/tm/docments/LT51240302007155IKR00%20Metadata.htm HTTP/1.1" 200 16131 "-" "Mozilla/5.0 (compatible; Baiduspider/2.0; +http://www.baidu.com/search/spider.html)"
66.249.75.8 - - [17/Apr/2013:09:53:33 +0800] "GET /http_type/tm/html/html/pic/LT51330332007186IKR00.jpg HTTP/1.1" 404 250 "-" "Googlebot-Image/1.0"
183.0.99.219 - - [17/Apr/2013:09:54:08 +0800] "GET /zszx/sdb2-tx.htm HTTP/1.1" 200 34499 "http://bbs.xzqh.info/read.php?tid=82778" "Mozilla/5.0 (Windows NT 5.1) AppleWebKit/537.1 (KHTML, like Gecko) Chrome/7.3.2201.9 Safari/537.1"
183.0.99.219 - - [17/Apr/2013:09:54:10 +0800] "GET /favicon.ico HTTP/1.1" 404 209 "-" "Mozilla/5.0 (Windows NT 5.1) AppleWebKit/537.1 (KHTML, like Gecko) Chrome/7.3.2201.9 Safari/537.1"
183.0.99.219 - - [17/Apr/2013:09:54:02 +0800] "GET /zszx/map/photo/90huangtu/gull.bmp HTTP/1.1" 200 867098 "http://bbs.xzqh.info/read.php?tid=82778" "Mozilla/5.0 (Windows NT 5.1) AppleWebKit/537.1 (KHTML, like Gecko) Chrome/7.3.2201.9 Safari/537.1"
183.0.99.219 - - [17/Apr/2013:09:54:02 +0800] "GET /zszx/map/photo/50huangtu/trqht.bmp HTTP/1.1" 200 867098 "http://bbs.xzqh.info/read.php?tid=82778" "Mozilla/5.0 (Windows NT 5.1) AppleWebKit/537.1 (KHTML, like Gecko) Chrome/7.3.2201.9 Safari/537.1"
183.0.99.219 - - [17/Apr/2013:09:54:02 +0800] "GET /zszx/map/photo/50huangtu/trqsqht.bmp HTTP/1.1" 200 867098 "http://bbs.xzqh.info/read.php?tid=82778" "Mozilla/5.0 (Windows NT 5.1) AppleWebKit/537.1 (KHTML, like Gecko) Chrome/7.3.2201.9 Safari/537.1"
183.0.99.219 - - [17/Apr/2013:09:54:02 +0800] "GET /zszx/map/photo/yixian/base.bmp HTTP/1.1" 200 867098 "http://bbs.xzqh.info/read.php?tid=82778" "Mozilla/5.0 (Windows NT 5.1) AppleWebKit/537.1 (KHTML, like Gecko) Chrome/7.3.2201.9 Safari/537.1"
183.0.99.219 - - [17/Apr/2013:09:54:35 +0800] "GET /zszx/map/photo/cgzai/cont.bmp HTTP/1.1" 200 867098 "http://www.zxsxsample.com/zszx/sdb2-tx.htm" "Mozilla/5.0 (Windows NT 5.1) AppleWebKit/537.1 (KHTML, like Gecko) Chrome/7.3.2201.9 Safari/537.1"
183.0.99.219 - - [17/Apr/2013:09:54:59 +0800] "GET /favicon.ico HTTP/1.1" 404 209 "-" "Mozilla/5.0 (Windows NT 5.1) AppleWebKit/537.1 (KHTML, like Gecko) Chrome/7.3.2201.9 Safari/537.1"
183.0.99.219 - - [17/Apr/2013:09:54:59 +0800] "GET /favicon.ico HTTP/1.1" 404 209 "-" "Mozilla/5.0 (Windows NT 5.1) AppleWebKit/537.1 (KHTML, like Gecko) Chrome/7.3.2201.9 Safari/537.1"
61.149.37.106 - - [17/Apr/2013:09:55:02 +0800] "GET / HTTP/1.1" 302 - "-" "Jakarta Commons-HttpClient/3.1"
61.149.37.106 - - [17/Apr/2013:09:55:02 +0800] "GET /sxzn/index.action HTTP/1.1" 200 18352 "-" "Jakarta Commons-HttpClient/3.1"
183.0.99.219 - - [17/Apr/2013:09:55:15 +0800] "GET /favicon.ico HTTP/1.1" 404 209 "-" "Mozilla/5.0 (Windows NT 5.1) AppleWebKit/537.1 (KHTML, like Gecko) Chrome/7.3.2201.9 Safari/537.1"
183.0.99.219 - - [17/Apr/2013:09:55:05 +0800] "GET /zszx/map/photo/cw/geom.bmp HTTP/1.1" 200 867098 "http://www.zxsxsample.com/zszx/sdb2-tx.htm" "Mozilla/5.0 (Windows NT 5.1) AppleWebKit/537.1 (KHTML, like Gecko) Chrome/7.3.2201.9 Safari/537.1"
61.149.37.239 - - [17/Apr/2013:09:55:27 +0800] "GET / HTTP/1.1" 302 - "-" "Jakarta Commons-HttpClient/3.1"
61.149.37.239 - - [17/Apr/2013:09:55:27 +0800] "GET /sxzn/index.action HTTP/1.1" 200 18352 "-" "Jakarta Commons-HttpClient/3.1"
183.0.99.219 - - [17/Apr/2013:09:55:17 +0800] "GET /zszx/map/photo/cw/veg.bmp HTTP/1.1" 200 867098 "http://www.zxsxsample.com/zszx/sdb2-tx.htm" "Mozilla/5.0 (Windows NT 5.1) AppleWebKit/537.1 (KHTML, like Gecko) Chrome/7.3.2201.9 Safari/537.1"
183.0.99.219 - - [17/Apr/2013:09:55:30 +0800] "GET /favicon.ico HTTP/1.1" 404 209 "-" "Mozilla/5.0 (Windows NT 5.1) AppleWebKit/537.1 (KHTML, like Gecko) Chrome/7.3.2201.9 Safari/537.1"
183.0.99.219 - - [17/Apr/2013:09:55:33 +0800] "GET /favicon.ico HTTP/1.1" 404 209 "-" "Mozilla/5.0 (Windows NT 5.1) AppleWebKit/537.1 (KHTML, like Gecko) Chrome/7.3.2201.9 Safari/537.1"
183.0.99.219 - - [17/Apr/2013:09:55:36 +0800] "GET /zszx/map/photo/cw/group.bmp HTTP/1.1" 200 867098 "http://www.zxsxsample.com/zszx/sdb2-tx.htm" "Mozilla/5.0 (Windows NT 5.1) AppleWebKit/537.1 (KHTML, like Gecko) Chrome/7.3.2201.9 Safari/537.1"
183.0.99.219 - - [17/Apr/2013:09:55:50 +0800] "GET /favicon.ico HTTP/1.1" 404 209 "-" "Mozilla/5.0 (Windows NT 5.1) AppleWebKit/537.1 (KHTML, like Gecko) Chrome/7.3.2201.9 Safari/537.1"
183.0.99.219 - - [17/Apr/2013:09:55:59 +0800] "GET /favicon.ico HTTP/1.1" 404 209 "-" "Mozilla/5.0 (Windows NT 5.1) AppleWebKit/537.1 (KHTML, like Gecko) Chrome/7.3.2201.9 Safari/537.1"
183.0.99.219 - - [17/Apr/2013:09:56:09 +0800] "GET /zszx/map/photo/yixian/dem.bmp HTTP/1.1" 200 867098 "http://www.zxsxsample.com/zszx/sdb2-tx.htm" "Mozilla/5.0 (Windows NT 5.1) AppleWebKit/537.1 (KHTML, like Gecko) Chrome/7.3.2201.9 Safari/537.1"
183.0.99.219 - - [17/Apr/2013:09:56:18 +0800] "GET /favicon.ico HTTP/1.1" 404 209 "-" "Mozilla/5.0 (Windows NT 5.1) AppleWebKit/537.1 (KHTML, like Gecko) Chrome/7.3.2201.9 Safari/537.1"
183.0.99.219 - - [17/Apr/2013:09:56:18 +0800] "GET /favicon.ico HTTP/1.1" 404 209 "-" "Mozilla/5.0 (Windows NT 5.1) AppleWebKit/537.1 (KHTML, like Gecko) Chrome/7.3.2201.9 Safari/537.1"
183.0.99.219 - - [17/Apr/2013:09:56:21 +0800] "GET /zszx/map/photo/yixian/topoline.bmp HTTP/1.1" 200 867098 "http://www.zxsxsample.com/zszx/sdb2-tx.htm" "Mozilla/5.0 (Windows NT 5.1) AppleWebKit/537.1 (KHTML, like Gecko) Chrome/7.3.2201.9 Safari/537.1"
183.0.99.219 - - [17/Apr/2013:09:56:40 +0800] "GET /favicon.ico HTTP/1.1" 404 209 "-" "Mozilla/5.0 (Windows NT 5.1) AppleWebKit/537.1 (KHTML, like Gecko) Chrome/7.3.2201.9 Safari/537.1"
183.0.99.219 - - [17/Apr/2013:09:56:45 +0800] "GET /favicon.ico HTTP/1.1" 404 209 "-" "Mozilla/5.0 (Windows NT 5.1) AppleWebKit/537.1 (KHTML, like Gecko) Chrome/7.3.2201.9 Safari/537.1"
183.0.99.219 - - [17/Apr/2013:09:57:00 +0800] "GET /favicon.ico HTTP/1.1" 404 209 "-" "Mozilla/5.0 (Windows NT 5.1) AppleWebKit/537.1 (KHTML, like Gecko) Chrome/7.3.2201.9 Safari/537.1"
183.0.99.219 - - [17/Apr/2013:09:57:02 +0800] "GET /favicon.ico HTTP/1.1" 404 209 "-" "Mozilla/5.0 (Windows NT 5.1) AppleWebKit/537.1 (KHTML, like Gecko) Chrome/7.3.2201.9 Safari/537.1"
61.149.37.106 - - [17/Apr/2013:10:00:06 +0800] "GET / HTTP/1.1" 302 - "-" "Jakarta Commons-HttpClient/3.1"
61.149.37.106 - - [17/Apr/2013:10:00:06 +0800] "GET /sxzn/index.action HTTP/1.1" 200 18352 "-" "Jakarta Commons-HttpClient/3.1"
61.149.37.239 - - [17/Apr/2013:10:00:51 +0800] "GET / HTTP/1.1" 302 - "-" "Jakarta Commons-HttpClient/3.1"
61.149.37.239 - - [17/Apr/2013:10:00:51 +0800] "GET /sxzn/index.action HTTP/1.1" 200 18352 "-" "Jakarta Commons-HttpClient/3.1"
61.149.12.161 - - [17/Apr/2013:10:01:01 +0800] "GET / HTTP/1.1" 302 - "-" "Jakarta Commons-HttpClient/3.0"
61.149.12.161 - - [17/Apr/2013:10:01:01 +0800] "GET /sxzn/index.action HTTP/1.1" 200 18352 "-" "Jakarta Commons-HttpClient/3.0"
114.248.162.51 - - [17/Apr/2013:10:01:55 +0800] "GET / HTTP/1.1" 302 - "-" "Java/1.6.0_10-rc2"
114.248.162.51 - - [17/Apr/2013:10:01:55 +0800] "GET /sxzn/index.action HTTP/1.1" 200 18528 "-" "Java/1.6.0_10-rc2"
61.135.249.44 - - [17/Apr/2013:10:02:02 +0800] "GET / HTTP/1.1" 302 - "-" "Mozilla/5.0 (compatible; YodaoBot/1.0; http://www.yodao.com/help/webmaster/spider/; )"
61.135.249.44 - - [17/Apr/2013:10:02:02 +0800] "GET /robots.txt HTTP/1.1" 404 208 "-" "Mozilla/5.0 (compatible; YodaoBot/1.0; http://www.yodao.com/help/webmaster/spider/; )"
61.135.249.44 - - [17/Apr/2013:10:02:03 +0800] "GET /sxzn/index.action HTTP/1.1" 200 18352 "-" "Mozilla/5.0 (compatible; YodaoBot/1.0; http://www.yodao.com/help/webmaster/spider/; )"
61.149.37.106 - - [17/Apr/2013:10:05:22 +0800] "GET / HTTP/1.1" 302 - "-" "Jakarta Commons-HttpClient/3.1"
61.149.37.106 - - [17/Apr/2013:10:05:22 +0800] "GET /sxzn/index.action HTTP/1.1" 200 18352 "-" "Jakarta Commons-HttpClient/3.1"
61.149.37.239 - - [17/Apr/2013:10:05:53 +0800] "GET / HTTP/1.1" 302 - "-" "Jakarta Commons-HttpClient/3.1"
61.149.37.239 - - [17/Apr/2013:10:05:53 +0800] "GET /sxzn/index.action HTTP/1.1" 200 18352 "-" "Jakarta Commons-HttpClient/3.1"
218.26.243.165 - - [17/Apr/2013:10:07:07 +0800] "GET /favicon.ico HTTP/1.1" 404 209 "-" "Mozilla/4.0 (compatible; MSIE 7.0; Windows NT 5.1; Trident/4.0; .NET CLR 2.0.50727; 360space)"
220.181.108.180 - - [17/Apr/2013:10:07:49 +0800] "GET /http_type/tm/docments/LT51230351995099XXX00%20Metadata.htm HTTP/1.1" 200 16134 "-" "Mozilla/5.0 (compatible; Baiduspider/2.0; +http://www.baidu.com/search/spider.html)"
119.57.35.18 - - [17/Apr/2013:10:07:46 +0800] "GET /zszx/map/photo/cw/veg.bmp HTTP/1.1" 200 867098 "http://image.baidu.com/i?ct=503316480&z=&tn=baiduimagedetail&word=%E5%9C%9F%E5%A3%A4%E4%BE%B5%E8%9A%80%E5%9B%BE&ie=utf-8&in=27778&cl=2&lm=-1&st=-1&pn=4&rn=1&di=147587453600&ln=1986&fr=&fm=detail&fmq=1366164460609_R&ic=0&s=&se=1&sme=0&tab=&width=&height=&face=0&is=&istype=2&hit=" "Mozilla/4.0 (compatible; MSIE 7.0; Windows NT 5.1; .NET CLR 2.0.50727; InfoPath.2; .NET CLR 3.0.4506.2152; .NET CLR 2.0.34991)"
61.149.37.106 - - [17/Apr/2013:10:10:22 +0800] "GET / HTTP/1.1" 302 - "-" "Jakarta Commons-HttpClient/3.1"
61.149.37.106 - - [17/Apr/2013:10:10:22 +0800] "GET /sxzn/index.action HTTP/1.1" 200 18352 "-" "Jakarta Commons-HttpClient/3.1"
61.149.37.239 - - [17/Apr/2013:10:10:47 +0800] "GET / HTTP/1.1" 302 - "-" "Jakarta Commons-HttpClient/3.1"
61.149.37.239 - - [17/Apr/2013:10:10:47 +0800] "GET /sxzn/index.action HTTP/1.1" 200 18352 "-" "Jakarta Commons-HttpClient/3.1"
106.120.75.106 - - [17/Apr/2013:10:13:21 +0800] "GET /zszx/map/photo/yixian/dem.bmp HTTP/1.1" 200 867098 "http://image.baidu.com/i?ct=503316480&z=&tn=baiduimagedetail&word=1%E6%AF%945%E4%B8%87%E5%88%B6%E5%9B%BE%E7%B2%BE%E5%BA%A6%E5%9D%A1%E5%BA%A6%E5%9B%BE&ie=utf-8&in=20856&cl=2&lm=-1&st=&pn=35&rn=1&di=245116728601&ln=1998&fr=ala1&fm=ala1&fmq=1366164264632_R&ic=&s=&se=&sme=0&tab=&width=&height=&face=&is=&istype=&hit=" "Mozilla/4.0 (compatible; MSIE 7.0; Windows NT 6.2; Trident/6.0; .NET4.0E; .NET4.0C; .NET CLR 2.0.34991; .NET CLR 2.0.50727; .NET CLR 3.0.30729)"
210.31.67.2 - - [17/Apr/2013:10:14:34 +0800] "GET /favicon.ico HTTP/1.1" 404 209 "-" "Mozilla/4.0 (compatible; MSIE 7.0; Windows NT 5.1; Trident/4.0; .NET CLR 2.0.50727; 360space)"
106.120.75.106 - - [17/Apr/2013:10:14:36 +0800] "GET /zszx/map/photo/cgzai/slop.bmp HTTP/1.1" 200 867098 "http://image.baidu.com/i?ct=503316480&z=&tn=baiduimagedetail&word=1%E6%AF%945%E4%B8%87%E5%88%B6%E5%9B%BE%E7%B2%BE%E5%BA%A6%E5%9D%A1%E5%BA%A6%E5%9B%BE&ie=utf-8&in=3489&cl=2&lm=-1&st=&pn=0&rn=1&di=200221835151&ln=1998&fr=ala1&fm=ala1&fmq=1366164264632_R&ic=&s=&se=&sme=0&tab=&width=&height=&face=&is=&istype=&hit=" "Mozilla/4.0 (compatible; MSIE 7.0; Windows NT 6.2; Trident/6.0; .NET4.0E; .NET4.0C; .NET CLR 2.0.34991; .NET CLR 2.0.50727; .NET CLR 3.0.30729)"
61.135.165.37 - - [17/Apr/2013:10:14:48 +0800] "HEAD /zszx/index7.htm HTTP/1.0" 404 - "http://image.baidu.com" "-"
106.120.75.106 - - [17/Apr/2013:10:14:49 +0800] "GET /zszx/index7.htm HTTP/1.1" 404 213 "-" "Mozilla/4.0 (compatible; MSIE 7.0; Windows NT 6.2; Trident/6.0; .NET4.0E; .NET4.0C; .NET CLR 2.0.34991; .NET CLR 2.0.50727; .NET CLR 3.0.30729)"
61.149.37.106 - - [17/Apr/2013:10:15:22 +0800] "GET / HTTP/1.1" 302 - "-" "Jakarta Commons-HttpClient/3.1"
61.149.37.106 - - [17/Apr/2013:10:15:22 +0800] "GET /sxzn/index.action HTTP/1.1" 200 18352 "-" "Jakarta Commons-HttpClient/3.1"
