61.149.37.106 - - [17/Apr/2013:00:00:22 +0800] "GET / HTTP/1.1" 302 - "-" "Jakarta Commons-HttpClient/3.1"
61.149.37.106 - - [17/Apr/2013:00:00:22 +0800] "GET /sxzn/index.action HTTP/1.1" 200 18352 "-" "Jakarta Commons-HttpClient/3.1"
61.149.37.239 - - [17/Apr/2013:00:01:02 +0800] "GET / HTTP/1.1" 302 - "-" "Jakarta Commons-HttpClient/3.1"
61.149.37.239 - - [17/Apr/2013:00:01:02 +0800] "GET /sxzn/index.action HTTP/1.1" 200 18352 "-" "Jakarta Commons-HttpClient/3.1"
61.149.12.161 - - [17/Apr/2013:00:01:04 +0800] "GET / HTTP/1.1" 302 - "-" "Jakarta Commons-HttpClient/3.0"
61.149.12.161 - - [17/Apr/2013:00:01:04 +0800] "GET /sxzn/index.action HTTP/1.1" 200 18352 "-" "Jakarta Commons-HttpClient/3.0"
218.30.103.140 - - [17/Apr/2013:00:01:27 +0800] "GET /sxzn/login.action;jsessionid=18E31C4E978D7CF492A6FB04F88D3735 HTTP/1.1" 200 7318 "-" "Sogou web spider/4.0(+http://www.sogou.com/docs/help/webmasters.htm#07)"
66.249.75.7 - - [17/Apr/2013:00:02:08 +0800] "GET /http_type/tm/html/html/pic/LT51340332007177IKR00.jpg HTTP/1.1" 404 250 "-" "Googlebot-Image/1.0"
218.30.103.140 - - [17/Apr/2013:00:05:04 +0800] "GET /sxzn/viewMetadata.action?id=59 HTTP/1.1" 200 9346 "-" "Sogou web spider/4.0(+http://www.sogou.com/docs/help/webmasters.htm#07)"
61.149.37.106 - - [17/Apr/2013:00:05:16 +0800] "GET / HTTP/1.1" 302 - "-" "Jakarta Commons-HttpClient/3.1"
61.149.37.106 - - [17/Apr/2013:00:05:16 +0800] "GET /sxzn/index.action HTTP/1.1" 200 18352 "-" "Jakarta Commons-HttpClient/3.1"
208.115.111.69 - - [17/Apr/2013:00:05:20 +0800] "GET /robots.txt HTTP/1.1" 404 208 "-" "Mozilla/5.0 (compatible; Ezooms/1.0; ezooms.bot@gmail.com)"
61.149.37.239 - - [17/Apr/2013:00:05:32 +0800] "GET / HTTP/1.1" 302 - "-" "Jakarta Commons-HttpClient/3.1"
61.149.37.239 - - [17/Apr/2013:00:05:32 +0800] "GET /sxzn/index.action HTTP/1.1" 200 18352 "-" "Jakarta Commons-HttpClient/3.1"
218.30.103.140 - - [17/Apr/2013:00:06:47 +0800] "GET /obd/showEntity.jsp?id=1803 HTTP/1.1" 500 2129 "-" "Sogou web spider/4.0(+http://www.sogou.com/docs/help/webmasters.htm#07)"
101.226.33.203 - - [17/Apr/2013:00:06:54 +0800] "GET /stat/stat_txt_4.htm HTTP/1.1" 200 127950 "-" "Mozilla/4.0"
61.149.37.106 - - [17/Apr/2013:00:10:02 +0800] "GET / HTTP/1.1" 302 - "-" "Jakarta Commons-HttpClient/3.1"
61.149.37.106 - - [17/Apr/2013:00:10:02 +0800] "GET /sxzn/index.action HTTP/1.1" 200 18352 "-" "Jakarta Commons-HttpClient/3.1"
61.149.37.239 - - [17/Apr/2013:00:10:27 +0800] "GET / HTTP/1.1" 302 - "-" "Jakarta Commons-HttpClient/3.1"
61.149.37.239 - - [17/Apr/2013:00:10:27 +0800] "GET /sxzn/index.action HTTP/1.1" 200 18352 "-" "Jakarta Commons-HttpClient/3.1"
114.248.162.51 - - [17/Apr/2013:00:11:39 +0800] "GET / HTTP/1.1" 302 - "-" "Java/1.6.0_10-rc2"
114.248.162.51 - - [17/Apr/2013:00:11:39 +0800] "GET /sxzn/index.action HTTP/1.1" 200 18528 "-" "Java/1.6.0_10-rc2"
111.206.71.49 - - [17/Apr/2013:00:12:26 +0800] "GET /sxzn/foreground/listDataOfMD.action?id=73 HTTP/1.1" 302 - "-" "Mozilla/5.0 (compatible; Baiduspider/2.0; +http://www.baidu.com/search/spider.html)"
111.206.71.51 - - [17/Apr/2013:00:12:26 +0800] "GET /sxzn/login.action;jsessionid=3977B26FFC92D470C636231FA48CD6AF HTTP/1.1" 200 7318 "-" "Mozilla/5.0 (compatible; Baiduspider/2.0; +http://www.baidu.com/search/spider.html)"
61.149.8.38 - - [17/Apr/2013:00:14:23 +0800] "GET /robots.txt HTTP/1.0" 404 208 "-" "godtroop/Nutch-0.8.1 (godtroop.cn)"
61.149.8.38 - - [17/Apr/2013:00:14:23 +0800] "GET / HTTP/1.0" 302 - "-" "godtroop/Nutch-0.8.1 (godtroop.cn)"
61.149.8.38 - - [17/Apr/2013:00:14:24 +0800] "GET /sxzn/index.action HTTP/1.0" 200 18528 "-" "godtroop/Nutch-0.8.1 (godtroop.cn)"
61.149.37.106 - - [17/Apr/2013:00:15:02 +0800] "GET / HTTP/1.1" 302 - "-" "Jakarta Commons-HttpClient/3.1"
61.149.37.106 - - [17/Apr/2013:00:15:02 +0800] "GET /sxzn/index.action HTTP/1.1" 200 18352 "-" "Jakarta Commons-HttpClient/3.1"
61.149.37.239 - - [17/Apr/2013:00:15:27 +0800] "GET / HTTP/1.1" 302 - "-" "Jakarta Commons-HttpClient/3.1"
61.149.37.239 - - [17/Apr/2013:00:15:27 +0800] "GET /sxzn/index.action HTTP/1.1" 200 18352 "-" "Jakarta Commons-HttpClient/3.1"
131.253.38.102 - - [17/Apr/2013:00:18:09 +0800] "GET /sxzn/rand.action HTTP/1.1" 200 1282 "-" "msnbot-media/1.1 (+http://search.msn.com/msnbot.htm)"
218.30.103.140 - - [17/Apr/2013:00:19:32 +0800] "GET /tlp/advanced/stat.jsp HTTP/1.1" 200 46855 "-" "Sogou web spider/4.0(+http://www.sogou.com/docs/help/webmasters.htm#07)"
61.149.37.106 - - [17/Apr/2013:00:20:02 +0800] "GET / HTTP/1.1" 302 - "-" "Jakarta Commons-HttpClient/3.1"
61.149.37.106 - - [17/Apr/2013:00:20:02 +0800] "GET /sxzn/index.action HTTP/1.1" 200 18352 "-" "Jakarta Commons-HttpClient/3.1"
66.249.75.7 - - [17/Apr/2013:00:20:14 +0800] "GET /sxzn/foreground/viewMetadata.action?id=186 HTTP/1.1" 200 9032 "-" "Mozilla/5.0 (iPhone; U; CPU iPhone OS 4_1 like Mac OS X; en-us) AppleWebKit/532.9 (KHTML, like Gecko) Version/4.0.5 Mobile/8B117 Safari/6531.22.7 (compatible; Googlebot-Mobile/2.1; +http://www.google.com/bot.html)"
61.149.37.239 - - [17/Apr/2013:00:20:27 +0800] "GET / HTTP/1.1" 302 - "-" "Jakarta Commons-HttpClient/3.1"
61.149.37.239 - - [17/Apr/2013:00:20:27 +0800] "GET /sxzn/index.action HTTP/1.1" 200 18352 "-" "Jakarta Commons-HttpClient/3.1"
114.248.162.51 - - [17/Apr/2013:00:21:44 +0800] "GET / HTTP/1.0" 302 - "-" "hqthCrawler"
61.149.37.106 - - [17/Apr/2013:00:25:06 +0800] "GET / HTTP/1.1" 302 - "-" "Jakarta Commons-HttpClient/3.1"
61.149.37.106 - - [17/Apr/2013:00:25:06 +0800] "GET /sxzn/index.action HTTP/1.1" 200 18352 "-" "Jakarta Commons-HttpClient/3.1"
111.206.71.106 - - [17/Apr/2013:00:25:17 +0800] "GET / HTTP/1.1" 302 - "-" "Mozilla/5.0 (compatible; Baiduspider/2.0; +http://www.baidu.com/search/spider.html)"
220.181.108.175 - - [17/Apr/2013:00:25:19 +0800] "GET / HTTP/1.1" 302 - "-" "Mozilla/5.0 (compatible; Baiduspider/2.0; +http://www.baidu.com/search/spider.html)"
61.149.37.239 - - [17/Apr/2013:00:25:34 +0800] "GET / HTTP/1.1" 302 - "-" "Jakarta Commons-HttpClient/3.1"
61.149.37.239 - - [17/Apr/2013:00:25:35 +0800] "GET /sxzn/index.action HTTP/1.1" 200 18352 "-" "Jakarta Commons-HttpClient/3.1"
111.206.67.220 - - [17/Apr/2013:00:25:52 +0800] "GET / HTTP/1.1" 302 - "http://www.baidu.com/s?wd=%D6%D0%B9%FA%BF%C6%D1%A7%D4%BA%A1%A2%BD%CC%D3%FD%B2%BF%20%CB%AE%CD%C1%B1%A3%B3%D6%D3%EB%C9%FA%CC%AC%BB%B7%BE%B3%D1%D0%BE%BF%D6%D0%D0%C4&rsv_bp=0&rsv_spt=3&rsv_n=2&inputT=13995" "Mozilla/5.0 (Windows NT 5.1; rv:6.0.2) Gecko/20100101 Firefox/6.0.2"
111.206.67.225 - - [17/Apr/2013:00:25:52 +0800] "GET /sxzn/index.action HTTP/1.1" 200 18352 "-" "Mozilla/5.0 (Windows NT 5.1; rv:6.0.2) Gecko/20100101 Firefox/6.0.2"
66.249.75.4 - - [17/Apr/2013:00:28:13 +0800] "GET /http_type/tm/html/html/pic/LT51320332007195IKR00.jpg HTTP/1.1" 404 250 "-" "Googlebot-Image/1.0"
61.149.37.106 - - [17/Apr/2013:00:30:12 +0800] "GET / HTTP/1.1" 302 - "-" "Jakarta Commons-HttpClient/3.1"
61.149.37.106 - - [17/Apr/2013:00:30:12 +0800] "GET /sxzn/index.action HTTP/1.1" 200 18352 "-" "Jakarta Commons-HttpClient/3.1"
61.149.37.239 - - [17/Apr/2013:00:31:12 +0800] "GET / HTTP/1.1" 302 - "-" "Jakarta Commons-HttpClient/3.1"
61.149.37.239 - - [17/Apr/2013:00:31:12 +0800] "GET /sxzn/index.action HTTP/1.1" 200 18352 "-" "Jakarta Commons-HttpClient/3.1"
1.202.218.95 - - [17/Apr/2013:00:31:29 +0800] "GET /sxzn/foreground/browseMetadata.action HTTP/1.1" 200 25601 "-" "Mozilla/5.0 (compatible; JikeSpider; +http://shoulu.jike.com/spider.html)"
218.30.103.140 - - [17/Apr/2013:00:33:14 +0800] "GET /obd/listLocations.jsp?did=1167 HTTP/1.1" 500 2129 "-" "Sogou web spider/4.0(+http://www.sogou.com/docs/help/webmasters.htm#07)"
61.149.37.106 - - [17/Apr/2013:00:35:03 +0800] "GET / HTTP/1.1" 302 - "-" "Jakarta Commons-HttpClient/3.1"
61.149.37.106 - - [17/Apr/2013:00:35:03 +0800] "GET /sxzn/index.action HTTP/1.1" 200 18352 "-" "Jakarta Commons-HttpClient/3.1"
61.149.37.239 - - [17/Apr/2013:00:35:27 +0800] "GET / HTTP/1.1" 302 - "-" "Jakarta Commons-HttpClient/3.1"
61.149.37.239 - - [17/Apr/2013:00:35:27 +0800] "GET /sxzn/index.action HTTP/1.1" 200 18352 "-" "Jakarta Commons-HttpClient/3.1"
114.248.162.51 - - [17/Apr/2013:00:36:04 +0800] "GET / HTTP/1.1" 302 - "-" "Java/1.6.0_10-rc2"
114.248.162.51 - - [17/Apr/2013:00:36:04 +0800] "GET /sxzn/index.action HTTP/1.1" 200 18528 "-" "Java/1.6.0_10-rc2"
61.149.37.106 - - [17/Apr/2013:00:40:02 +0800] "GET / HTTP/1.1" 302 - "-" "Jakarta Commons-HttpClient/3.1"
61.149.37.106 - - [17/Apr/2013:00:40:02 +0800] "GET /sxzn/index.action HTTP/1.1" 200 18352 "-" "Jakarta Commons-HttpClient/3.1"
61.149.17.29 - - [17/Apr/2013:00:40:23 +0800] "GET / HTTP/1.0" 302 - "-" "Wget/1.11.4 Red Hat modified"
61.149.17.29 - - [17/Apr/2013:00:40:24 +0800] "GET /sxzn/index.action HTTP/1.0" 200 18352 "-" "Wget/1.11.4 Red Hat modified"
61.149.37.239 - - [17/Apr/2013:00:40:26 +0800] "GET / HTTP/1.1" 302 - "-" "Jakarta Commons-HttpClient/3.1"
61.149.37.239 - - [17/Apr/2013:00:40:26 +0800] "GET /sxzn/index.action HTTP/1.1" 200 18352 "-" "Jakarta Commons-HttpClient/3.1"
220.181.108.166 - - [17/Apr/2013:00:41:10 +0800] "GET /sxzn/foreground/listDataOfMD.action?id=96 HTTP/1.1" 302 - "-" "Mozilla/5.0 (compatible; Baiduspider/2.0; +http://www.baidu.com/search/spider.html)"
220.181.108.161 - - [17/Apr/2013:00:41:10 +0800] "GET /sxzn/login.action;jsessionid=A53BBAEA502E9BE4BE7EBB44726C85B9 HTTP/1.1" 200 7318 "-" "Mozilla/5.0 (compatible; Baiduspider/2.0; +http://www.baidu.com/search/spider.html)"
61.149.37.106 - - [17/Apr/2013:00:45:19 +0800] "GET / HTTP/1.1" 302 - "-" "Jakarta Commons-HttpClient/3.1"
61.149.37.106 - - [17/Apr/2013:00:45:19 +0800] "GET /sxzn/index.action HTTP/1.1" 200 18352 "-" "Jakarta Commons-HttpClient/3.1"
61.149.37.239 - - [17/Apr/2013:00:45:28 +0800] "GET / HTTP/1.1" 302 - "-" "Jakarta Commons-HttpClient/3.1"
61.149.37.239 - - [17/Apr/2013:00:45:28 +0800] "GET /sxzn/index.action HTTP/1.1" 200 18352 "-" "Jakarta Commons-HttpClient/3.1"
114.248.162.51 - - [17/Apr/2013:00:46:03 +0800] "GET / HTTP/1.0" 302 - "-" "hqthCrawler"
61.149.37.106 - - [17/Apr/2013:00:50:05 +0800] "GET / HTTP/1.1" 302 - "-" "Jakarta Commons-HttpClient/3.1"
61.149.37.106 - - [17/Apr/2013:00:50:05 +0800] "GET /sxzn/index.action HTTP/1.1" 200 18352 "-" "Jakarta Commons-HttpClient/3.1"
61.149.37.239 - - [17/Apr/2013:00:50:26 +0800] "GET / HTTP/1.1" 302 - "-" "Jakarta Commons-HttpClient/3.1"
61.149.37.239 - - [17/Apr/2013:00:50:26 +0800] "GET /sxzn/index.action HTTP/1.1" 200 18352 "-" "Jakarta Commons-HttpClient/3.1"
180.76.5.153 - - [17/Apr/2013:00:51:33 +0800] "GET /robots.txt HTTP/1.1" 404 208 "-" "Mozilla/5.0 (Windows NT 5.1; rv:6.0.2) Gecko/20100101 Firefox/6.0.2"
66.249.75.3 - - [17/Apr/2013:00:51:57 +0800] "GET /zszx/images/index01.gif HTTP/1.1" 304 - "-" "Googlebot-Image/1.0"
61.149.37.106 - - [17/Apr/2013:00:55:03 +0800] "GET / HTTP/1.1" 302 - "-" "Jakarta Commons-HttpClient/3.1"
61.149.37.106 - - [17/Apr/2013:00:55:03 +0800] "GET /sxzn/index.action HTTP/1.1" 200 18352 "-" "Jakarta Commons-HttpClient/3.1"
66.249.75.8 - - [17/Apr/2013:00:55:24 +0800] "GET /http_type/tm/html/html/pic/LT51330342006215IKR00.jpg HTTP/1.1" 404 250 "-" "Googlebot-Image/1.0"
61.149.37.239 - - [17/Apr/2013:00:55:28 +0800] "GET / HTTP/1.1" 302 - "-" "Jakarta Commons-HttpClient/3.1"
61.149.37.239 - - [17/Apr/2013:00:55:28 +0800] "GET /sxzn/index.action HTTP/1.1" 200 18352 "-" "Jakarta Commons-HttpClient/3.1"
111.206.71.72 - - [17/Apr/2013:00:55:36 +0800] "GET /stat/stat_txt_15.htm HTTP/1.1" 200 10913 "-" "Mozilla/5.0 (compatible; Baiduspider/2.0; +http://www.baidu.com/search/spider.html)"
66.249.75.5 - - [17/Apr/2013:00:57:04 +0800] "GET /sxzn/foreground/viewMetadata.action?id=22 HTTP/1.1" 200 9076 "-" "Mozilla/5.0 (compatible; Googlebot/2.1; +http://www.google.com/bot.html)"
66.249.75.6 - - [17/Apr/2013:00:57:17 +0800] "GET /http_type/tm/docments/LT51270392007224IKR00%20Metadata.htm HTTP/1.1" 200 16138 "-" "Mozilla/5.0 (compatible; Googlebot/2.1; +http://www.google.com/bot.html)"
114.248.162.51 - - [17/Apr/2013:00:59:38 +0800] "GET / HTTP/1.1" 302 - "-" "Java/1.6.0_10-rc2"
114.248.162.51 - - [17/Apr/2013:00:59:38 +0800] "GET /sxzn/index.action HTTP/1.1" 200 18528 "-" "Java/1.6.0_10-rc2"
118.26.235.171 - - [17/Apr/2013:00:59:40 +0800] "HEAD / HTTP/1.0" 302 - "-" "Mozilla/5.0 (compatible; MSIE 9.0; Windows NT 6.1; Trident/5.0)"
118.26.235.171 - - [17/Apr/2013:00:59:40 +0800] "HEAD /sxzn/index.action HTTP/1.0" 200 - "-" "Mozilla/5.0 (compatible; MSIE 9.0; Windows NT 6.1; Trident/5.0)"
61.149.37.106 - - [17/Apr/2013:01:00:03 +0800] "GET / HTTP/1.1" 302 - "-" "Jakarta Commons-HttpClient/3.1"
61.149.37.106 - - [17/Apr/2013:01:00:03 +0800] "GET /sxzn/index.action HTTP/1.1" 200 18352 "-" "Jakarta Commons-HttpClient/3.1"
61.149.37.239 - - [17/Apr/2013:01:00:56 +0800] "GET / HTTP/1.1" 302 - "-" "Jakarta Commons-HttpClient/3.1"
61.149.37.239 - - [17/Apr/2013:01:00:56 +0800] "GET /sxzn/index.action HTTP/1.1" 200 18352 "-" "Jakarta Commons-HttpClient/3.1"
61.149.12.161 - - [17/Apr/2013:01:01:15 +0800] "GET / HTTP/1.1" 302 - "-" "Jakarta Commons-HttpClient/3.0"
61.149.12.161 - - [17/Apr/2013:01:01:15 +0800] "GET /sxzn/index.action HTTP/1.1" 200 18352 "-" "Jakarta Commons-HttpClient/3.0"
1.202.218.93 - - [17/Apr/2013:01:03:28 +0800] "GET /sxzn/foreground/browseMetadata.action?d-49747-p=9 HTTP/1.1" 200 24973 "-" "Mozilla/5.0 (compatible; JikeSpider; +http://shoulu.jike.com/spider.html)"
61.149.37.239 - - [17/Apr/2013:01:05:46 +0800] "GET / HTTP/1.1" 302 - "-" "Jakarta Commons-HttpClient/3.1"
61.149.37.239 - - [17/Apr/2013:01:05:46 +0800] "GET /sxzn/index.action HTTP/1.1" 200 18352 "-" "Jakarta Commons-HttpClient/3.1"
61.149.37.106 - - [17/Apr/2013:01:05:46 +0800] "GET / HTTP/1.1" 302 - "-" "Jakarta Commons-HttpClient/3.1"
61.149.37.106 - - [17/Apr/2013:01:05:46 +0800] "GET /sxzn/index.action HTTP/1.1" 200 18352 "-" "Jakarta Commons-HttpClient/3.1"
114.248.162.51 - - [17/Apr/2013:01:09:51 +0800] "GET / HTTP/1.0" 302 - "-" "hqthCrawler"
58.32.236.196 - - [17/Apr/2013:01:10:02 +0800] "GET /stat/stat_txt_4.htm HTTP/1.1" 200 127950 "http://www.zxsxsample.com/stat/stat_txt_4.htm" "Mozilla/5.0 (Windows; U; Windows NT 5.1; zh-CN; rv:1.8.0.11)  Firefox/1.5.0.11; 360Spider"
61.149.37.106 - - [17/Apr/2013:01:10:05 +0800] "GET / HTTP/1.1" 302 - "-" "Jakarta Commons-HttpClient/3.1"
61.149.37.106 - - [17/Apr/2013:01:10:05 +0800] "GET /sxzn/index.action HTTP/1.1" 200 18352 "-" "Jakarta Commons-HttpClient/3.1"
61.149.37.239 - - [17/Apr/2013:01:10:28 +0800] "GET / HTTP/1.1" 302 - "-" "Jakarta Commons-HttpClient/3.1"
61.149.37.239 - - [17/Apr/2013:01:10:29 +0800] "GET /sxzn/index.action HTTP/1.1" 200 18352 "-" "Jakarta Commons-HttpClient/3.1"
61.149.37.106 - - [17/Apr/2013:01:15:21 +0800] "GET / HTTP/1.1" 302 - "-" "Jakarta Commons-HttpClient/3.1"
61.149.37.106 - - [17/Apr/2013:01:15:21 +0800] "GET /sxzn/index.action HTTP/1.1" 200 18352 "-" "Jakarta Commons-HttpClient/3.1"
61.149.37.239 - - [17/Apr/2013:01:15:26 +0800] "GET / HTTP/1.1" 302 - "-" "Jakarta Commons-HttpClient/3.1"
61.149.37.239 - - [17/Apr/2013:01:15:26 +0800] "GET /sxzn/index.action HTTP/1.1" 200 18352 "-" "Jakarta Commons-HttpClient/3.1"
61.149.37.106 - - [17/Apr/2013:01:20:11 +0800] "GET / HTTP/1.1" 302 - "-" "Jakarta Commons-HttpClient/3.1"
61.149.37.106 - - [17/Apr/2013:01:20:11 +0800] "GET /sxzn/index.action HTTP/1.1" 200 18352 "-" "Jakarta Commons-HttpClient/3.1"
208.115.111.69 - - [17/Apr/2013:01:20:11 +0800] "GET /sxzn/foreground/viewMetadata.action?id=198 HTTP/1.1" 200 8823 "-" "Mozilla/5.0 (compatible; Ezooms/1.0; ezooms.bot@gmail.com)"
61.149.37.239 - - [17/Apr/2013:01:20:36 +0800] "GET / HTTP/1.1" 302 - "-" "Jakarta Commons-HttpClient/3.1"
61.149.37.239 - - [17/Apr/2013:01:20:36 +0800] "GET /sxzn/index.action HTTP/1.1" 200 18352 "-" "Jakarta Commons-HttpClient/3.1"
218.30.103.140 - - [17/Apr/2013:01:20:52 +0800] "GET /sxzn/foreground/listDataOfMD.action?id=47 HTTP/1.1" 302 - "-" "Sogou web spider/4.0(+http://www.sogou.com/docs/help/webmasters.htm#07)"
114.248.162.51 - - [17/Apr/2013:01:21:42 +0800] "GET / HTTP/1.1" 302 - "-" "Java/1.6.0_10-rc2"
114.248.162.51 - - [17/Apr/2013:01:21:42 +0800] "GET /sxzn/index.action HTTP/1.1" 200 18528 "-" "Java/1.6.0_10-rc2"
218.30.103.140 - - [17/Apr/2013:01:23:11 +0800] "GET /sxzn/login.action;jsessionid=B80F52CDC0EE26F89E2A40FAFEC9BAF9 HTTP/1.1" 200 7318 "-" "Sogou web spider/4.0(+http://www.sogou.com/docs/help/webmasters.htm#07)"
66.249.75.4 - - [17/Apr/2013:01:23:18 +0800] "GET /http_type/tm/html/html/pic/LT51370322006211IKR00.jpg HTTP/1.1" 404 250 "-" "Googlebot-Image/1.0"
124.115.1.60 - - [17/Apr/2013:01:23:29 +0800] "GET / HTTP/1.1" 302 - "-" "Mozilla/4.0 (compatible; MSIE 6.0; Windows NT 5.1)"
124.115.1.60 - - [17/Apr/2013:01:23:29 +0800] "GET /sxzn/index.action HTTP/1.1" 200 18528 "-" "Mozilla/4.0 (compatible; MSIE 6.0; Windows NT 5.1)"
124.115.1.60 - - [17/Apr/2013:01:23:40 +0800] "GET /sxzn/css/layout.css HTTP/1.1" 200 6591 "http://www.zxsxsample.com/" "Mozilla/4.0 (compatible; MSIE 6.0; Windows NT 5.1)"
124.115.1.60 - - [17/Apr/2013:01:23:40 +0800] "GET /sxzn/css/index.css HTTP/1.1" 200 1730 "http://www.zxsxsample.com/" "Mozilla/4.0 (compatible; MSIE 6.0; Windows NT 5.1)"
61.149.37.106 - - [17/Apr/2013:01:25:02 +0800] "GET / HTTP/1.1" 302 - "-" "Jakarta Commons-HttpClient/3.1"
61.149.37.106 - - [17/Apr/2013:01:25:02 +0800] "GET /sxzn/index.action HTTP/1.1" 200 18352 "-" "Jakarta Commons-HttpClient/3.1"
61.149.37.239 - - [17/Apr/2013:01:25:26 +0800] "GET / HTTP/1.1" 302 - "-" "Jakarta Commons-HttpClient/3.1"
61.149.37.239 - - [17/Apr/2013:01:25:26 +0800] "GET /sxzn/index.action HTTP/1.1" 200 18352 "-" "Jakarta Commons-HttpClient/3.1"
101.226.166.211 - - [17/Apr/2013:01:26:28 +0800] "GET / HTTP/1.1" 302 - "http://www.zxsxsample.com/" "Mozilla/4.0 (compatible; MSIE 8.0; Windows NT 6.1; Trident/4.0; MLDD1; .NET CLR 2.0.50727; .NET CLR 2.0.34991; .NET CLR 3.0.30729; Media Center PC 6.0; MDDR; .NET4.0C; .NET4.0E; .NET CLR 1.1.4322; Tablet PC 2.0); 360Spider"
101.226.166.217 - - [17/Apr/2013:01:26:28 +0800] "GET /sxzn/foreground/listDataOfMD.action?id=59 HTTP/1.1" 302 - "http://www.zxsxsample.com/sxzn/foreground/listDataOfMD.action?id=59" "Mozilla/4.0 (compatible; MSIE 8.0; Windows NT 6.1; Trident/4.0; MLDD1; .NET CLR 2.0.50727; .NET CLR 2.0.34991; .NET CLR 3.0.30729; Media Center PC 6.0; MDDR; .NET4.0C; .NET4.0E; .NET CLR 1.1.4322; Tablet PC 2.0); 360Spider"
101.226.166.215 - - [17/Apr/2013:01:26:28 +0800] "GET /sxzn/foreground/viewMetadata.action?id=128 HTTP/1.1" 200 8989 "http://www.zxsxsample.com/sxzn/foreground/viewMetadata.action?id=128" "Mozilla/4.0 (compatible; MSIE 8.0; Windows NT 6.1; Trident/4.0; MLDD1; .NET CLR 2.0.50727; .NET CLR 2.0.34991; .NET CLR 3.0.30729; Media Center PC 6.0; MDDR; .NET4.0C; .NET4.0E; .NET CLR 1.1.4322; Tablet PC 2.0); 360Spider"
101.226.166.211 - - [17/Apr/2013:01:26:28 +0800] "GET /sxzn/index.action HTTP/1.1" 200 18352 "http://www.zxsxsample.com/sxzn/index.action" "Mozilla/4.0 (compatible; MSIE 8.0; Windows NT 6.1; Trident/4.0; MLDD1; .NET CLR 2.0.50727; .NET CLR 2.0.34991; .NET CLR 3.0.30729; Media Center PC 6.0; MDDR; .NET4.0C; .NET4.0E; .NET CLR 1.1.4322; Tablet PC 2.0); 360Spider"
101.226.166.217 - - [17/Apr/2013:01:26:28 +0800] "GET /sxzn/login.action;jsessionid=21870AA96603224E0278D187B8129ABE HTTP/1.1" 200 7318 "http://www.zxsxsample.com/sxzn/login.action;jsessionid=21870AA96603224E0278D187B8129ABE" "Mozilla/4.0 (compatible; MSIE 8.0; Windows NT 6.1; Trident/4.0; MLDD1; .NET CLR 2.0.50727; .NET CLR 2.0.34991; .NET CLR 3.0.30729; Media Center PC 6.0; MDDR; .NET4.0C; .NET4.0E; .NET CLR 1.1.4322; Tablet PC 2.0); 360Spider"
101.226.166.218 - - [17/Apr/2013:01:26:31 +0800] "GET /sxzn/foreground/viewMetadata.action?id=73 HTTP/1.1" 200 9733 "http://www.zxsxsample.com/sxzn/foreground/viewMetadata.action?id=73" "Mozilla/4.0 (compatible; MSIE 8.0; Windows NT 6.1; Trident/4.0; MLDD1; .NET CLR 2.0.50727; .NET CLR 2.0.34991; .NET CLR 3.0.30729; Media Center PC 6.0; MDDR; .NET4.0C; .NET4.0E; .NET CLR 1.1.4322; Tablet PC 2.0); 360Spider"
101.226.166.213 - - [17/Apr/2013:01:26:31 +0800] "GET /sxzn/foreground/viewMetadata.action?id=66 HTTP/1.1" 200 9131 "http://www.zxsxsample.com/sxzn/foreground/viewMetadata.action?id=66" "Mozilla/4.0 (compatible; MSIE 8.0; Windows NT 6.1; Trident/4.0; MLDD1; .NET CLR 2.0.50727; .NET CLR 2.0.34991; .NET CLR 3.0.30729; Media Center PC 6.0; MDDR; .NET4.0C; .NET4.0E; .NET CLR 1.1.4322; Tablet PC 2.0); 360Spider"
61.149.37.106 - - [17/Apr/2013:01:30:04 +0800] "GET / HTTP/1.1" 302 - "-" "Jakarta Commons-HttpClient/3.1"
61.149.37.106 - - [17/Apr/2013:01:30:04 +0800] "GET /sxzn/index.action HTTP/1.1" 200 18352 "-" "Jakarta Commons-HttpClient/3.1"
114.248.162.51 - - [17/Apr/2013:01:30:04 +0800] "GET / HTTP/1.0" 302 - "-" "hqthCrawler"
61.149.37.239 - - [17/Apr/2013:01:30:29 +0800] "GET / HTTP/1.1" 302 - "-" "Jakarta Commons-HttpClient/3.1"
61.149.37.239 - - [17/Apr/2013:01:30:29 +0800] "GET /sxzn/index.action HTTP/1.1" 200 18352 "-" "Jakarta Commons-HttpClient/3.1"
61.149.8.38 - - [17/Apr/2013:01:32:15 +0800] "GET /sxzn/js/jquery-1.4.2.min.js HTTP/1.0" 200 72174 "-" "godtroop/Nutch-0.8.1 (godtroop.cn)"
61.149.37.106 - - [17/Apr/2013:01:35:01 +0800] "GET / HTTP/1.1" 302 - "-" "Jakarta Commons-HttpClient/3.1"
61.149.37.106 - - [17/Apr/2013:01:35:01 +0800] "GET /sxzn/index.action HTTP/1.1" 200 18352 "-" "Jakarta Commons-HttpClient/3.1"
61.149.37.239 - - [17/Apr/2013:01:35:26 +0800] "GET / HTTP/1.1" 302 - "-" "Jakarta Commons-HttpClient/3.1"
61.149.37.239 - - [17/Apr/2013:01:35:26 +0800] "GET /sxzn/index.action HTTP/1.1" 200 18352 "-" "Jakarta Commons-HttpClient/3.1"
66.249.75.7 - - [17/Apr/2013:01:36:46 +0800] "GET /http_type/tm/hebei.htm HTTP/1.1" 200 117992 "-" "Mozilla/5.0 (compatible; Googlebot/2.1; +http://www.google.com/bot.html)"
61.149.37.106 - - [17/Apr/2013:01:40:01 +0800] "GET / HTTP/1.1" 302 - "-" "Jakarta Commons-HttpClient/3.1"
61.149.37.106 - - [17/Apr/2013:01:40:01 +0800] "GET /sxzn/index.action HTTP/1.1" 200 18352 "-" "Jakarta Commons-HttpClient/3.1"
61.149.37.239 - - [17/Apr/2013:01:40:26 +0800] "GET / HTTP/1.1" 302 - "-" "Jakarta Commons-HttpClient/3.1"
61.149.37.239 - - [17/Apr/2013:01:40:26 +0800] "GET /sxzn/index.action HTTP/1.1" 200 18352 "-" "Jakarta Commons-HttpClient/3.1"
114.248.162.51 - - [17/Apr/2013:01:43:47 +0800] "GET / HTTP/1.1" 302 - "-" "Java/1.6.0_10-rc2"
114.248.162.51 - - [17/Apr/2013:01:43:47 +0800] "GET /sxzn/index.action HTTP/1.1" 200 18528 "-" "Java/1.6.0_10-rc2"
61.149.37.106 - - [17/Apr/2013:01:45:04 +0800] "GET / HTTP/1.1" 302 - "-" "Jakarta Commons-HttpClient/3.1"
61.149.37.106 - - [17/Apr/2013:01:45:04 +0800] "GET /sxzn/index.action HTTP/1.1" 200 18352 "-" "Jakarta Commons-HttpClient/3.1"
61.149.37.239 - - [17/Apr/2013:01:45:28 +0800] "GET / HTTP/1.1" 302 - "-" "Jakarta Commons-HttpClient/3.1"
61.149.37.239 - - [17/Apr/2013:01:45:28 +0800] "GET /sxzn/index.action HTTP/1.1" 200 18352 "-" "Jakarta Commons-HttpClient/3.1"
114.248.162.51 - - [17/Apr/2013:01:49:32 +0800] "GET / HTTP/1.0" 302 - "-" "hqthCrawler"
61.149.37.106 - - [17/Apr/2013:01:50:38 +0800] "GET / HTTP/1.1" 302 - "-" "Jakarta Commons-HttpClient/3.1"
61.149.37.106 - - [17/Apr/2013:01:50:38 +0800] "GET /sxzn/index.action HTTP/1.1" 200 18352 "-" "Jakarta Commons-HttpClient/3.1"
61.149.37.239 - - [17/Apr/2013:01:50:58 +0800] "GET / HTTP/1.1" 302 - "-" "Jakarta Commons-HttpClient/3.1"
61.149.37.239 - - [17/Apr/2013:01:50:58 +0800] "GET /sxzn/index.action HTTP/1.1" 200 18352 "-" "Jakarta Commons-HttpClient/3.1"
66.249.75.6 - - [17/Apr/2013:01:51:47 +0800] "GET /http_type/tm/html/html/pic/LT51370332006291IKR00.jpg HTTP/1.1" 404 250 "-" "Googlebot-Image/1.0"
66.249.75.3 - - [17/Apr/2013:01:53:23 +0800] "GET /http_type/tm/docments/LT51210321995261XXX00%20Metadata.htm HTTP/1.1" 200 16133 "-" "Mozilla/5.0 (compatible; Googlebot/2.1; +http://www.google.com/bot.html)"
61.149.37.106 - - [17/Apr/2013:01:55:19 +0800] "GET / HTTP/1.1" 302 - "-" "Jakarta Commons-HttpClient/3.1"
61.149.37.106 - - [17/Apr/2013:01:55:19 +0800] "GET /sxzn/index.action HTTP/1.1" 200 18352 "-" "Jakarta Commons-HttpClient/3.1"
61.149.37.239 - - [17/Apr/2013:01:55:52 +0800] "GET / HTTP/1.1" 302 - "-" "Jakarta Commons-HttpClient/3.1"
61.149.37.239 - - [17/Apr/2013:01:55:52 +0800] "GET /sxzn/index.action HTTP/1.1" 200 18352 "-" "Jakarta Commons-HttpClient/3.1"
61.149.37.106 - - [17/Apr/2013:02:00:02 +0800] "GET / HTTP/1.1" 302 - "-" "Jakarta Commons-HttpClient/3.1"
61.149.37.106 - - [17/Apr/2013:02:00:03 +0800] "GET /sxzn/index.action HTTP/1.1" 200 18352 "-" "Jakarta Commons-HttpClient/3.1"
66.249.75.6 - - [17/Apr/2013:02:00:07 +0800] "GET /sxzn/foreground/viewMetadata.action?id=14 HTTP/1.1" 200 9047 "-" "Mozilla/5.0 (iPhone; U; CPU iPhone OS 4_1 like Mac OS X; en-us) AppleWebKit/532.9 (KHTML, like Gecko) Version/4.0.5 Mobile/8B117 Safari/6531.22.7 (compatible; Googlebot-Mobile/2.1; +http://www.google.com/bot.html)"
61.149.37.239 - - [17/Apr/2013:02:00:30 +0800] "GET / HTTP/1.1" 302 - "-" "Jakarta Commons-HttpClient/3.1"
61.149.37.239 - - [17/Apr/2013:02:00:30 +0800] "GET /sxzn/index.action HTTP/1.1" 200 18352 "-" "Jakarta Commons-HttpClient/3.1"
61.149.12.161 - - [17/Apr/2013:02:01:15 +0800] "GET / HTTP/1.1" 302 - "-" "Jakarta Commons-HttpClient/3.0"
61.149.12.161 - - [17/Apr/2013:02:01:15 +0800] "GET /sxzn/index.action HTTP/1.1" 200 18352 "-" "Jakarta Commons-HttpClient/3.0"
61.149.37.106 - - [17/Apr/2013:02:05:01 +0800] "GET / HTTP/1.1" 302 - "-" "Jakarta Commons-HttpClient/3.1"
61.149.37.106 - - [17/Apr/2013:02:05:01 +0800] "GET /sxzn/index.action HTTP/1.1" 200 18352 "-" "Jakarta Commons-HttpClient/3.1"
61.149.37.239 - - [17/Apr/2013:02:05:26 +0800] "GET / HTTP/1.1" 302 - "-" "Jakarta Commons-HttpClient/3.1"
61.149.37.239 - - [17/Apr/2013:02:05:26 +0800] "GET /sxzn/index.action HTTP/1.1" 200 18352 "-" "Jakarta Commons-HttpClient/3.1"
114.248.162.51 - - [17/Apr/2013:02:07:11 +0800] "GET / HTTP/1.1" 302 - "-" "Java/1.6.0_10-rc2"
114.248.162.51 - - [17/Apr/2013:02:07:11 +0800] "GET /sxzn/index.action HTTP/1.1" 200 18528 "-" "Java/1.6.0_10-rc2"
114.248.162.51 - - [17/Apr/2013:02:09:31 +0800] "GET / HTTP/1.0" 302 - "-" "hqthCrawler"
61.149.37.106 - - [17/Apr/2013:02:10:02 +0800] "GET / HTTP/1.1" 302 - "-" "Jakarta Commons-HttpClient/3.1"
61.149.37.106 - - [17/Apr/2013:02:10:02 +0800] "GET /sxzn/index.action HTTP/1.1" 200 18352 "-" "Jakarta Commons-HttpClient/3.1"
61.149.37.239 - - [17/Apr/2013:02:10:26 +0800] "GET / HTTP/1.1" 302 - "-" "Jakarta Commons-HttpClient/3.1"
61.149.37.239 - - [17/Apr/2013:02:10:26 +0800] "GET /sxzn/index.action HTTP/1.1" 200 18352 "-" "Jakarta Commons-HttpClient/3.1"
61.135.249.232 - - [17/Apr/2013:02:10:27 +0800] "GET / HTTP/1.1" 302 - "-" "Mozilla/5.0 (compatible; YodaoBot/1.0; http://www.yodao.com/help/webmaster/spider/; )"
61.135.249.232 - - [17/Apr/2013:02:10:27 +0800] "GET /robots.txt HTTP/1.1" 404 208 "-" "Mozilla/5.0 (compatible; YodaoBot/1.0; http://www.yodao.com/help/webmaster/spider/; )"
61.135.249.232 - - [17/Apr/2013:02:10:27 +0800] "GET /sxzn/index.action HTTP/1.1" 200 18352 "-" "Mozilla/5.0 (compatible; YodaoBot/1.0; http://www.yodao.com/help/webmaster/spider/; )"
61.149.37.106 - - [17/Apr/2013:02:15:03 +0800] "GET / HTTP/1.1" 302 - "-" "Jakarta Commons-HttpClient/3.1"
61.149.37.106 - - [17/Apr/2013:02:15:03 +0800] "GET /sxzn/index.action HTTP/1.1" 200 18352 "-" "Jakarta Commons-HttpClient/3.1"
61.149.37.239 - - [17/Apr/2013:02:15:26 +0800] "GET / HTTP/1.1" 302 - "-" "Jakarta Commons-HttpClient/3.1"
61.149.37.239 - - [17/Apr/2013:02:15:26 +0800] "GET /sxzn/index.action HTTP/1.1" 200 18352 "-" "Jakarta Commons-HttpClient/3.1"
65.55.215.105 - - [17/Apr/2013:02:16:21 +0800] "GET /robots.txt HTTP/1.1" 404 208 "-" "msnbot-media/1.1 (+http://search.msn.com/msnbot.htm)"
65.55.215.105 - - [17/Apr/2013:02:16:21 +0800] "GET /zszx/handbook/notes.docs/image034.jpg HTTP/1.1" 200 5669 "-" "msnbot-media/1.1 (+http://search.msn.com/msnbot.htm)"
66.249.75.1 - - [17/Apr/2013:02:17:00 +0800] "GET /zszx/index2.asp HTTP/1.1" 404 213 "-" "Mozilla/5.0 (compatible; Googlebot/2.1; +http://www.google.com/bot.html)"
66.249.75.1 - - [17/Apr/2013:02:18:19 +0800] "GET /http_type/tm/html/html/pic/LT41330331989016XXX02.jpg HTTP/1.1" 404 250 "-" "Googlebot-Image/1.0"
61.149.37.106 - - [17/Apr/2013:02:20:02 +0800] "GET / HTTP/1.1" 302 - "-" "Jakarta Commons-HttpClient/3.1"
61.149.37.106 - - [17/Apr/2013:02:20:02 +0800] "GET /sxzn/index.action HTTP/1.1" 200 18352 "-" "Jakarta Commons-HttpClient/3.1"
61.149.37.239 - - [17/Apr/2013:02:20:26 +0800] "GET / HTTP/1.1" 302 - "-" "Jakarta Commons-HttpClient/3.1"
61.149.37.239 - - [17/Apr/2013:02:20:26 +0800] "GET /sxzn/index.action HTTP/1.1" 200 18352 "-" "Jakarta Commons-HttpClient/3.1"
61.149.37.106 - - [17/Apr/2013:02:25:21 +0800] "GET / HTTP/1.1" 302 - "-" "Jakarta Commons-HttpClient/3.1"
61.149.37.106 - - [17/Apr/2013:02:25:21 +0800] "GET /sxzn/index.action HTTP/1.1" 200 18352 "-" "Jakarta Commons-HttpClient/3.1"
61.149.37.239 - - [17/Apr/2013:02:25:53 +0800] "GET / HTTP/1.1" 302 - "-" "Jakarta Commons-HttpClient/3.1"
61.149.37.239 - - [17/Apr/2013:02:25:53 +0800] "GET /sxzn/index.action HTTP/1.1" 200 18352 "-" "Jakarta Commons-HttpClient/3.1"
114.248.162.51 - - [17/Apr/2013:02:29:48 +0800] "GET / HTTP/1.1" 302 - "-" "Java/1.6.0_10-rc2"
114.248.162.51 - - [17/Apr/2013:02:29:48 +0800] "GET /sxzn/index.action HTTP/1.1" 200 18528 "-" "Java/1.6.0_10-rc2"
114.248.162.51 - - [17/Apr/2013:02:29:55 +0800] "GET / HTTP/1.0" 302 - "-" "hqthCrawler"
61.149.37.106 - - [17/Apr/2013:02:30:16 +0800] "GET / HTTP/1.1" 302 - "-" "Jakarta Commons-HttpClient/3.1"
61.149.37.106 - - [17/Apr/2013:02:30:16 +0800] "GET /sxzn/index.action HTTP/1.1" 200 18352 "-" "Jakarta Commons-HttpClient/3.1"
61.149.37.239 - - [17/Apr/2013:02:30:34 +0800] "GET / HTTP/1.1" 302 - "-" "Jakarta Commons-HttpClient/3.1"
61.149.37.239 - - [17/Apr/2013:02:30:34 +0800] "GET /sxzn/index.action HTTP/1.1" 200 18352 "-" "Jakarta Commons-HttpClient/3.1"
66.249.75.3 - - [17/Apr/2013:02:32:08 +0800] "GET /http_type/tm/pic/LT51130262006235IKR00.jpg HTTP/1.1" 304 - "-" "Googlebot-Image/1.0"
61.149.37.106 - - [17/Apr/2013:02:35:39 +0800] "GET / HTTP/1.1" 302 - "-" "Jakarta Commons-HttpClient/3.1"
183.26.204.52 - - [17/Apr/2013:02:35:36 +0800] "GET /zszx/map/photo/cgzai/cont.bmp HTTP/1.1" 200 867098 "http://image.baidu.com/i?ct=503316480&z=&tn=baiduimagedetail&word=%E7%AD%89%E9%AB%98%E7%BA%BF%E5%9B%BE&ie=utf-8&in=1406&cl=2&lm=-1&st=-1&pn=134&rn=1&di=147822455250&ln=735&fr=&fm=result&fmq=1366137234311_R&ic=0&s=&se=1&sme=0&tab=&width=&height=&face=0&is=&istype=2&hit=" "Mozilla/4.0 (compatible; MSIE 8.0; Windows NT 6.1; WOW64; Trident/4.0; MLDD1; .NET CLR 2.0.50727; .NET CLR 2.0.34991; .NET CLR 3.0.30729; Media Center PC 6.0; .NET4.0C; .NET4.0E)"
61.149.37.106 - - [17/Apr/2013:02:35:40 +0800] "GET /sxzn/index.action HTTP/1.1" 200 18352 "-" "Jakarta Commons-HttpClient/3.1"
61.149.37.239 - - [17/Apr/2013:02:36:12 +0800] "GET / HTTP/1.1" 302 - "-" "Jakarta Commons-HttpClient/3.1"
61.149.37.239 - - [17/Apr/2013:02:36:13 +0800] "GET /sxzn/index.action HTTP/1.1" 200 18352 "-" "Jakarta Commons-HttpClient/3.1"
183.26.204.52 - - [17/Apr/2013:02:39:24 +0800] "GET /zszx/map/photo/cgzai/cont.bmp HTTP/1.1" 304 - "http://image.baidu.com/i?ct=503316480&z=&tn=baiduimagedetail&word=%E7%AD%89%E9%AB%98%E7%BA%BF%E5%9B%BE&ie=utf-8&in=6668&cl=2&lm=-1&st=-1&pn=132&rn=1&di=82140971250&ln=735&fr=&fm=result&fmq=1366137234311_R&ic=0&s=&se=1&sme=0&tab=&width=&height=&face=0&is=&istype=2&hit=" "Mozilla/4.0 (compatible; MSIE 8.0; Windows NT 6.1; WOW64; Trident/4.0; MLDD1; .NET CLR 2.0.50727; .NET CLR 2.0.34991; .NET CLR 3.0.30729; Media Center PC 6.0; .NET4.0C; .NET4.0E)"
61.149.37.106 - - [17/Apr/2013:02:40:03 +0800] "GET / HTTP/1.1" 302 - "-" "Jakarta Commons-HttpClient/3.1"
61.149.37.106 - - [17/Apr/2013:02:40:03 +0800] "GET /sxzn/index.action HTTP/1.1" 200 18352 "-" "Jakarta Commons-HttpClient/3.1"
61.149.37.239 - - [17/Apr/2013:02:40:26 +0800] "GET / HTTP/1.1" 302 - "-" "Jakarta Commons-HttpClient/3.1"
61.149.37.239 - - [17/Apr/2013:02:40:26 +0800] "GET /sxzn/index.action HTTP/1.1" 200 18352 "-" "Jakarta Commons-HttpClient/3.1"
66.249.75.4 - - [17/Apr/2013:02:44:11 +0800] "GET /http_type/tm/html/html/pic/LT51360322006204IKR00.jpg HTTP/1.1" 404 250 "-" "Googlebot-Image/1.0"
157.56.93.228 - - [17/Apr/2013:02:44:51 +0800] "GET /robots.txt HTTP/1.1" 404 208 "-" "Mozilla/5.0 (compatible; bingbot/2.0; +http://www.bing.com/bingbot.htm)"
61.149.37.106 - - [17/Apr/2013:02:45:02 +0800] "GET / HTTP/1.1" 302 - "-" "Jakarta Commons-HttpClient/3.1"
61.149.37.106 - - [17/Apr/2013:02:45:02 +0800] "GET /sxzn/index.action HTTP/1.1" 200 18352 "-" "Jakarta Commons-HttpClient/3.1"
61.149.37.239 - - [17/Apr/2013:02:45:26 +0800] "GET / HTTP/1.1" 302 - "-" "Jakarta Commons-HttpClient/3.1"
61.149.37.239 - - [17/Apr/2013:02:45:26 +0800] "GET /sxzn/index.action HTTP/1.1" 200 18352 "-" "Jakarta Commons-HttpClient/3.1"
65.55.213.73 - - [17/Apr/2013:02:47:37 +0800] "GET /sxzn/foreground/browseMetadata.action HTTP/1.1" 200 26085 "-" "msnbot/2.0b (+http://search.msn.com/msnbot.htm)"
65.55.213.73 - - [17/Apr/2013:02:47:43 +0800] "GET /sxzn/aboutSXZN.jsp HTTP/1.1" 200 7354 "-" "msnbot/2.0b (+http://search.msn.com/msnbot.htm)"
65.55.213.73 - - [17/Apr/2013:02:47:48 +0800] "GET /sxzn/foreground/viewMetadata.action?id=184 HTTP/1.1" 200 8768 "-" "msnbot/2.0b (+http://search.msn.com/msnbot.htm)"
65.55.213.73 - - [17/Apr/2013:02:47:52 +0800] "GET /sxzn/foreground/viewMetadata.action?id=5 HTTP/1.1" 200 9171 "-" "msnbot/2.0b (+http://search.msn.com/msnbot.htm)"
65.55.213.73 - - [17/Apr/2013:02:47:56 +0800] "GET /sxzn/rand.action HTTP/1.1" 200 1223 "-" "msnbot/2.0b (+http://search.msn.com/msnbot.htm)"
65.55.213.73 - - [17/Apr/2013:02:47:58 +0800] "GET /sxzn/foreground/viewMetadata.action?id=1 HTTP/1.1" 200 8906 "-" "msnbot/2.0b (+http://search.msn.com/msnbot.htm)"
65.55.213.73 - - [17/Apr/2013:02:48:01 +0800] "GET /sxzn/foreground/viewMetadata.action?id=59 HTTP/1.1" 200 9346 "-" "msnbot/2.0b (+http://search.msn.com/msnbot.htm)"
65.55.213.73 - - [17/Apr/2013:02:48:03 +0800] "GET /sxzn/foreground/viewMetadata.action?id=16 HTTP/1.1" 200 9045 "-" "msnbot/2.0b (+http://search.msn.com/msnbot.htm)"
65.55.213.73 - - [17/Apr/2013:02:48:06 +0800] "GET /sxzn/foreground/viewMetadata.action?id=9 HTTP/1.1" 200 8973 "-" "msnbot/2.0b (+http://search.msn.com/msnbot.htm)"
65.55.213.73 - - [17/Apr/2013:02:48:10 +0800] "GET /sxzn/foreground/viewMetadata.action?id=8 HTTP/1.1" 200 9203 "-" "msnbot/2.0b (+http://search.msn.com/msnbot.htm)"
65.55.213.72 - - [17/Apr/2013:02:48:14 +0800] "GET /sxzn/foreground/viewMetadata.action?id=14 HTTP/1.1" 200 9047 "-" "msnbot/2.0b (+http://search.msn.com/msnbot.htm)"
65.55.213.72 - - [17/Apr/2013:02:48:18 +0800] "GET /sxzn/foreground/viewMetadata.action?id=53 HTTP/1.1" 200 9239 "-" "msnbot/2.0b (+http://search.msn.com/msnbot.htm)"
65.55.213.72 - - [17/Apr/2013:02:48:20 +0800] "GET /sxzn/foreground/viewMetadata.action?id=54 HTTP/1.1" 200 9319 "-" "msnbot/2.0b (+http://search.msn.com/msnbot.htm)"
65.55.213.73 - - [17/Apr/2013:02:48:23 +0800] "GET /sxzn/foreground/viewMetadata.action?id=65 HTTP/1.1" 200 8721 "-" "msnbot/2.0b (+http://search.msn.com/msnbot.htm)"
65.55.213.73 - - [17/Apr/2013:02:48:25 +0800] "GET /sxzn/foreground/viewMetadata.action?id=185 HTTP/1.1" 200 8872 "-" "msnbot/2.0b (+http://search.msn.com/msnbot.htm)"
65.55.213.73 - - [17/Apr/2013:02:48:27 +0800] "GET /sxzn/foreground/viewMetadata.action?id=187 HTTP/1.1" 200 8840 "-" "msnbot/2.0b (+http://search.msn.com/msnbot.htm)"
65.55.213.73 - - [17/Apr/2013:02:48:30 +0800] "GET /sxzn/foreground/viewMetadata.action?id=189 HTTP/1.1" 200 8948 "-" "msnbot/2.0b (+http://search.msn.com/msnbot.htm)"
65.55.213.73 - - [17/Apr/2013:02:48:33 +0800] "GET /sxzn/foreground/viewMetadata.action?id=186 HTTP/1.1" 200 9032 "-" "msnbot/2.0b (+http://search.msn.com/msnbot.htm)"
65.55.213.73 - - [17/Apr/2013:02:48:35 +0800] "GET /sxzn/foreground/viewMetadata.action?id=198 HTTP/1.1" 200 8823 "-" "msnbot/2.0b (+http://search.msn.com/msnbot.htm)"
65.55.213.73 - - [17/Apr/2013:02:48:37 +0800] "GET /sxzn/foreground/selectResult.jsp HTTP/1.1" 200 6056 "-" "msnbot/2.0b (+http://search.msn.com/msnbot.htm)"
65.55.213.73 - - [17/Apr/2013:02:48:40 +0800] "GET /sxzn/foreground/viewMetadata.action?id=202 HTTP/1.1" 200 8836 "-" "msnbot/2.0b (+http://search.msn.com/msnbot.htm)"
157.56.93.228 - - [17/Apr/2013:02:48:50 +0800] "GET /sxzn/foreground/listDataOfMD.action?id=185 HTTP/1.1" 302 - "-" "Mozilla/5.0 (compatible; bingbot/2.0; +http://www.bing.com/bingbot.htm)"
114.248.162.51 - - [17/Apr/2013:02:49:17 +0800] "GET / HTTP/1.0" 302 - "-" "hqthCrawler"
61.149.37.106 - - [17/Apr/2013:02:50:02 +0800] "GET / HTTP/1.1" 302 - "-" "Jakarta Commons-HttpClient/3.1"
61.149.37.106 - - [17/Apr/2013:02:50:02 +0800] "GET /sxzn/index.action HTTP/1.1" 200 18352 "-" "Jakarta Commons-HttpClient/3.1"
61.149.37.239 - - [17/Apr/2013:02:50:27 +0800] "GET / HTTP/1.1" 302 - "-" "Jakarta Commons-HttpClient/3.1"
61.149.37.239 - - [17/Apr/2013:02:50:27 +0800] "GET /sxzn/index.action HTTP/1.1" 200 18352 "-" "Jakarta Commons-HttpClient/3.1"
157.56.93.228 - - [17/Apr/2013:02:51:22 +0800] "GET /sxzn/login.action;jsessionid=82B854ACD65B344EE5D3405C71EB0275 HTTP/1.1" 200 7450 "-" "Mozilla/5.0 (compatible; bingbot/2.0; +http://www.bing.com/bingbot.htm)"
183.60.214.124 - - [17/Apr/2013:02:51:41 +0800] "GET /sxzn/foreground/listDataOfMD.action?id=3 HTTP/1.1" 302 - "-" "Mozilla/5.0 (compatible; EasouSpider; +http://www.easou.com/search/spider.html)"
114.248.162.51 - - [17/Apr/2013:02:51:50 +0800] "GET / HTTP/1.1" 302 - "-" "Java/1.6.0_10-rc2"
114.248.162.51 - - [17/Apr/2013:02:51:50 +0800] "GET /sxzn/index.action HTTP/1.1" 200 18528 "-" "Java/1.6.0_10-rc2"
66.249.75.9 - - [17/Apr/2013:02:52:30 +0800] "GET /http_type/tm/docments/LT51270392006221IKR00%20Metadata.htm HTTP/1.1" 200 16135 "-" "Mozilla/5.0 (compatible; Googlebot/2.1; +http://www.google.com/bot.html)"
66.249.75.9 - - [17/Apr/2013:02:53:09 +0800] "GET /zszx/top1.htm HTTP/1.1" 304 - "-" "Mozilla/5.0 (compatible; Googlebot/2.1; +http://www.google.com/bot.html)"
61.149.37.106 - - [17/Apr/2013:02:55:02 +0800] "GET / HTTP/1.1" 302 - "-" "Jakarta Commons-HttpClient/3.1"
61.149.37.106 - - [17/Apr/2013:02:55:02 +0800] "GET /sxzn/index.action HTTP/1.1" 200 18352 "-" "Jakarta Commons-HttpClient/3.1"
61.149.37.239 - - [17/Apr/2013:02:55:26 +0800] "GET / HTTP/1.1" 302 - "-" "Jakarta Commons-HttpClient/3.1"
61.149.37.239 - - [17/Apr/2013:02:55:26 +0800] "GET /sxzn/index.action HTTP/1.1" 200 18352 "-" "Jakarta Commons-HttpClient/3.1"
61.149.12.161 - - [17/Apr/2013:03:00:05 +0800] "GET / HTTP/1.1" 302 - "-" "Jakarta Commons-HttpClient/3.0"
61.149.12.161 - - [17/Apr/2013:03:00:05 +0800] "GET /sxzn/index.action HTTP/1.1" 200 18352 "-" "Jakarta Commons-HttpClient/3.0"
61.149.37.106 - - [17/Apr/2013:03:00:05 +0800] "GET / HTTP/1.1" 302 - "-" "Jakarta Commons-HttpClient/3.1"
61.149.37.106 - - [17/Apr/2013:03:00:05 +0800] "GET /sxzn/index.action HTTP/1.1" 200 18352 "-" "Jakarta Commons-HttpClient/3.1"
61.149.37.239 - - [17/Apr/2013:03:00:41 +0800] "GET / HTTP/1.1" 302 - "-" "Jakarta Commons-HttpClient/3.1"
61.149.37.239 - - [17/Apr/2013:03:00:41 +0800] "GET /sxzn/index.action HTTP/1.1" 200 18352 "-" "Jakarta Commons-HttpClient/3.1"
61.149.37.106 - - [17/Apr/2013:03:05:11 +0800] "GET / HTTP/1.1" 302 - "-" "Jakarta Commons-HttpClient/3.1"
61.149.37.106 - - [17/Apr/2013:03:05:11 +0800] "GET /sxzn/index.action HTTP/1.1" 200 18352 "-" "Jakarta Commons-HttpClient/3.1"
61.149.37.239 - - [17/Apr/2013:03:05:46 +0800] "GET / HTTP/1.1" 302 - "-" "Jakarta Commons-HttpClient/3.1"
61.149.37.239 - - [17/Apr/2013:03:05:46 +0800] "GET /sxzn/index.action HTTP/1.1" 200 18352 "-" "Jakarta Commons-HttpClient/3.1"
114.248.162.51 - - [17/Apr/2013:03:09:55 +0800] "GET / HTTP/1.0" 302 - "-" "hqthCrawler"
61.149.37.106 - - [17/Apr/2013:03:10:02 +0800] "GET / HTTP/1.1" 302 - "-" "Jakarta Commons-HttpClient/3.1"
61.149.37.106 - - [17/Apr/2013:03:10:02 +0800] "GET /sxzn/index.action HTTP/1.1" 200 18352 "-" "Jakarta Commons-HttpClient/3.1"
61.149.37.239 - - [17/Apr/2013:03:10:27 +0800] "GET / HTTP/1.1" 302 - "-" "Jakarta Commons-HttpClient/3.1"
61.149.37.239 - - [17/Apr/2013:03:10:27 +0800] "GET /sxzn/index.action HTTP/1.1" 200 18352 "-" "Jakarta Commons-HttpClient/3.1"
123.151.148.207 - - [17/Apr/2013:03:12:16 +0800] "GET / HTTP/1.1" 302 - "http://www.zxsxsample.com/" "Sosospider+(+http://help.soso.com/webspider.htm)"
123.151.148.207 - - [17/Apr/2013:03:12:16 +0800] "GET /sxzn/index.action HTTP/1.1" 200 18352 "http://www.zxsxsample.com/" "Sosospider+(+http://help.soso.com/webspider.htm)"
123.151.148.207 - - [17/Apr/2013:03:12:26 +0800] "GET /sxzn/index.action HTTP/1.1" 200 18528 "http://www.zxsxsample.com/" "Sosospider+(+http://help.soso.com/webspider.htm)"
123.151.148.207 - - [17/Apr/2013:03:12:36 +0800] "GET /sxzn/css/layout.css HTTP/1.1" 200 6591 "http://www.zxsxsample.com/" "Sosospider+(+http://help.soso.com/webspider.htm)"
66.249.75.7 - - [17/Apr/2013:03:12:37 +0800] "GET /http_type/tm/html/html/pic/LT51320362006208IKR00.jpg HTTP/1.1" 404 250 "-" "Googlebot-Image/1.0"
123.151.148.207 - - [17/Apr/2013:03:12:46 +0800] "GET /sxzn/css/layout.css HTTP/1.1" 200 6591 "http://www.zxsxsample.com/sxzn/index.action" "Sosospider+(+http://help.soso.com/webspider.htm)"
114.248.162.51 - - [17/Apr/2013:03:13:56 +0800] "GET / HTTP/1.1" 302 - "-" "Java/1.6.0_10-rc2"
114.248.162.51 - - [17/Apr/2013:03:13:56 +0800] "GET /sxzn/index.action HTTP/1.1" 200 18528 "-" "Java/1.6.0_10-rc2"
61.149.37.106 - - [17/Apr/2013:03:15:02 +0800] "GET / HTTP/1.1" 302 - "-" "Jakarta Commons-HttpClient/3.1"
61.149.37.106 - - [17/Apr/2013:03:15:02 +0800] "GET /sxzn/index.action HTTP/1.1" 200 18352 "-" "Jakarta Commons-HttpClient/3.1"
61.149.37.239 - - [17/Apr/2013:03:15:26 +0800] "GET / HTTP/1.1" 302 - "-" "Jakarta Commons-HttpClient/3.1"
61.149.37.239 - - [17/Apr/2013:03:15:26 +0800] "GET /sxzn/index.action HTTP/1.1" 200 18352 "-" "Jakarta Commons-HttpClient/3.1"
111.206.71.72 - - [17/Apr/2013:03:18:26 +0800] "GET / HTTP/1.1" 302 - "-" "Mozilla/5.0 (compatible; Baiduspider/2.0; +http://www.baidu.com/search/spider.html)"
220.181.108.145 - - [17/Apr/2013:03:18:27 +0800] "GET / HTTP/1.1" 302 - "-" "Mozilla/5.0 (compatible; Baiduspider/2.0; +http://www.baidu.com/search/spider.html)"
61.149.37.106 - - [17/Apr/2013:03:20:23 +0800] "GET / HTTP/1.1" 302 - "-" "Jakarta Commons-HttpClient/3.1"
61.149.37.106 - - [17/Apr/2013:03:20:23 +0800] "GET /sxzn/index.action HTTP/1.1" 200 18352 "-" "Jakarta Commons-HttpClient/3.1"
61.149.37.239 - - [17/Apr/2013:03:20:57 +0800] "GET / HTTP/1.1" 302 - "-" "Jakarta Commons-HttpClient/3.1"
61.149.37.239 - - [17/Apr/2013:03:20:57 +0800] "GET /sxzn/index.action HTTP/1.1" 200 18352 "-" "Jakarta Commons-HttpClient/3.1"
65.55.52.97 - - [17/Apr/2013:03:23:01 +0800] "GET /zszx/sss.htm HTTP/1.1" 304 - "-" "Mozilla/5.0 (compatible; bingbot/2.0; +http://www.bing.com/bingbot.htm)"
61.149.8.38 - - [17/Apr/2013:03:23:30 +0800] "GET / HTTP/1.0" 302 - "-" "Wget/1.10.2 (Red Hat modified)"
61.149.8.38 - - [17/Apr/2013:03:23:31 +0800] "GET /sxzn/index.action HTTP/1.0" 200 18352 "-" "Wget/1.10.2 (Red Hat modified)"
61.149.37.106 - - [17/Apr/2013:03:25:40 +0800] "GET / HTTP/1.1" 302 - "-" "Jakarta Commons-HttpClient/3.1"
61.149.37.106 - - [17/Apr/2013:03:25:40 +0800] "GET /sxzn/index.action HTTP/1.1" 200 18352 "-" "Jakarta Commons-HttpClient/3.1"
61.149.37.239 - - [17/Apr/2013:03:25:41 +0800] "GET / HTTP/1.1" 302 - "-" "Jakarta Commons-HttpClient/3.1"
61.149.37.239 - - [17/Apr/2013:03:25:41 +0800] "GET /sxzn/index.action HTTP/1.1" 200 18352 "-" "Jakarta Commons-HttpClient/3.1"
183.60.214.124 - - [17/Apr/2013:03:25:48 +0800] "GET /sxzn/foreground/listDataOfMD.action?id=7 HTTP/1.1" 302 - "-" "Mozilla/5.0 (compatible; EasouSpider; +http://www.easou.com/search/spider.html)"
220.181.125.54 - - [17/Apr/2013:03:28:27 +0800] "GET /robots.txt HTTP/1.1" 404 208 "-" "-"
114.248.162.51 - - [17/Apr/2013:03:29:55 +0800] "GET / HTTP/1.0" 302 - "-" "hqthCrawler"
61.149.37.106 - - [17/Apr/2013:03:30:02 +0800] "GET / HTTP/1.1" 302 - "-" "Jakarta Commons-HttpClient/3.1"
61.149.37.106 - - [17/Apr/2013:03:30:02 +0800] "GET /sxzn/index.action HTTP/1.1" 200 18352 "-" "Jakarta Commons-HttpClient/3.1"
61.149.37.239 - - [17/Apr/2013:03:30:41 +0800] "GET / HTTP/1.1" 302 - "-" "Jakarta Commons-HttpClient/3.1"
61.149.37.239 - - [17/Apr/2013:03:30:41 +0800] "GET /sxzn/index.action HTTP/1.1" 200 18352 "-" "Jakarta Commons-HttpClient/3.1"
220.181.125.54 - - [17/Apr/2013:03:30:44 +0800] "GET / HTTP/1.1" 302 - "-" "Mozilla/5.0 (X11; U; Linux x86_64; en-US; rv:1.9.0.7) Gecko/2009031915 Gentoo Firefox/3.0.7"
220.181.125.54 - - [17/Apr/2013:03:33:08 +0800] "GET /sxzn/index.action HTTP/1.1" 200 18528 "-" "Mozilla/5.0 (X11; U; Linux x86_64; en-US; rv:1.9.0.7) Gecko/2009031915 Gentoo Firefox/3.0.7"
61.149.37.106 - - [17/Apr/2013:03:35:02 +0800] "GET / HTTP/1.1" 302 - "-" "Jakarta Commons-HttpClient/3.1"
61.149.37.106 - - [17/Apr/2013:03:35:02 +0800] "GET /sxzn/index.action HTTP/1.1" 200 18352 "-" "Jakarta Commons-HttpClient/3.1"
61.149.37.239 - - [17/Apr/2013:03:35:26 +0800] "GET / HTTP/1.1" 302 - "-" "Jakarta Commons-HttpClient/3.1"
61.149.37.239 - - [17/Apr/2013:03:35:26 +0800] "GET /sxzn/index.action HTTP/1.1" 200 18352 "-" "Jakarta Commons-HttpClient/3.1"
114.248.162.51 - - [17/Apr/2013:03:35:49 +0800] "GET / HTTP/1.1" 302 - "-" "Java/1.6.0_10-rc2"
114.248.162.51 - - [17/Apr/2013:03:35:49 +0800] "GET /sxzn/index.action HTTP/1.1" 200 18528 "-" "Java/1.6.0_10-rc2"
220.181.51.79 - - [17/Apr/2013:03:39:17 +0800] "GET /zszx/handbook/handbook2.htm HTTP/1.1" 200 228934 "http://www.baidu.com/s?ie=utf-8&f=8&rsv_bp=1&rsv_spt=3&wd=%D4%AA%CA%FD%BE%DD%B9%DC%C0%ED%B9%A4%BE%DF&inputT=13517" "Mozilla/5.0 (Windows NT 5.1; rv:6.0.2) Gecko/20100101 Firefox/6.0.2"
61.149.37.106 - - [17/Apr/2013:03:40:02 +0800] "GET / HTTP/1.1" 302 - "-" "Jakarta Commons-HttpClient/3.1"
61.149.37.106 - - [17/Apr/2013:03:40:02 +0800] "GET /sxzn/index.action HTTP/1.1" 200 18352 "-" "Jakarta Commons-HttpClient/3.1"
66.249.75.4 - - [17/Apr/2013:03:40:06 +0800] "GET /sxzn/foreground/viewMetadata.action?id=5 HTTP/1.1" 200 9171 "-" "Mozilla/5.0 (iPhone; U; CPU iPhone OS 4_1 like Mac OS X; en-us) AppleWebKit/532.9 (KHTML, like Gecko) Version/4.0.5 Mobile/8B117 Safari/6531.22.7 (compatible; Googlebot-Mobile/2.1; +http://www.google.com/bot.html)"
61.149.37.239 - - [17/Apr/2013:03:40:29 +0800] "GET / HTTP/1.1" 302 - "-" "Jakarta Commons-HttpClient/3.1"
61.149.37.239 - - [17/Apr/2013:03:40:29 +0800] "GET /sxzn/index.action HTTP/1.1" 200 18352 "-" "Jakarta Commons-HttpClient/3.1"
66.249.75.9 - - [17/Apr/2013:03:40:57 +0800] "GET /http_type/tm/html/html/pic/LT51310342006217IKR00.jpg HTTP/1.1" 404 250 "-" "Googlebot-Image/1.0"
61.149.37.106 - - [17/Apr/2013:03:45:21 +0800] "GET / HTTP/1.1" 302 - "-" "Jakarta Commons-HttpClient/3.1"
61.149.37.106 - - [17/Apr/2013:03:45:21 +0800] "GET /sxzn/index.action HTTP/1.1" 200 18352 "-" "Jakarta Commons-HttpClient/3.1"
61.149.37.239 - - [17/Apr/2013:03:46:11 +0800] "GET / HTTP/1.1" 302 - "-" "Jakarta Commons-HttpClient/3.1"
61.149.37.239 - - [17/Apr/2013:03:46:11 +0800] "GET /sxzn/index.action HTTP/1.1" 200 18352 "-" "Jakarta Commons-HttpClient/3.1"
114.248.162.51 - - [17/Apr/2013:03:49:48 +0800] "GET / HTTP/1.0" 302 - "-" "hqthCrawler"
61.149.37.106 - - [17/Apr/2013:03:50:02 +0800] "GET / HTTP/1.1" 302 - "-" "Jakarta Commons-HttpClient/3.1"
61.149.37.106 - - [17/Apr/2013:03:50:02 +0800] "GET /sxzn/index.action HTTP/1.1" 200 18352 "-" "Jakarta Commons-HttpClient/3.1"
61.149.37.239 - - [17/Apr/2013:03:50:36 +0800] "GET / HTTP/1.1" 302 - "-" "Jakarta Commons-HttpClient/3.1"
61.149.37.239 - - [17/Apr/2013:03:50:36 +0800] "GET /sxzn/index.action HTTP/1.1" 200 18352 "-" "Jakarta Commons-HttpClient/3.1"
66.249.75.1 - - [17/Apr/2013:03:50:46 +0800] "GET /html/yellow-river/right.htm HTTP/1.1" 304 - "-" "Mozilla/5.0 (compatible; Googlebot/2.1; +http://www.google.com/bot.html)"
61.149.37.106 - - [17/Apr/2013:03:55:02 +0800] "GET / HTTP/1.1" 302 - "-" "Jakarta Commons-HttpClient/3.1"
61.149.37.106 - - [17/Apr/2013:03:55:02 +0800] "GET /sxzn/index.action HTTP/1.1" 200 18352 "-" "Jakarta Commons-HttpClient/3.1"
61.149.37.239 - - [17/Apr/2013:03:55:26 +0800] "GET / HTTP/1.1" 302 - "-" "Jakarta Commons-HttpClient/3.1"
61.149.37.239 - - [17/Apr/2013:03:55:26 +0800] "GET /sxzn/index.action HTTP/1.1" 200 18352 "-" "Jakarta Commons-HttpClient/3.1"
183.60.215.35 - - [17/Apr/2013:03:57:04 +0800] "GET /sxzn/foreground/listDataOfMD.action?id=16 HTTP/1.1" 302 - "-" "Mozilla/5.0 (compatible; EasouSpider; +http://www.easou.com/search/spider.html)"
114.248.162.51 - - [17/Apr/2013:03:58:07 +0800] "GET / HTTP/1.1" 302 - "-" "Java/1.6.0_10-rc2"
114.248.162.51 - - [17/Apr/2013:03:58:07 +0800] "GET /sxzn/index.action HTTP/1.1" 200 18528 "-" "Java/1.6.0_10-rc2"
61.149.37.106 - - [17/Apr/2013:04:00:02 +0800] "GET / HTTP/1.1" 302 - "-" "Jakarta Commons-HttpClient/3.1"
61.149.37.106 - - [17/Apr/2013:04:00:02 +0800] "GET /sxzn/index.action HTTP/1.1" 200 18352 "-" "Jakarta Commons-HttpClient/3.1"
61.149.12.161 - - [17/Apr/2013:04:00:18 +0800] "GET / HTTP/1.1" 302 - "-" "Jakarta Commons-HttpClient/3.0"
61.149.12.161 - - [17/Apr/2013:04:00:18 +0800] "GET /sxzn/index.action HTTP/1.1" 200 18352 "-" "Jakarta Commons-HttpClient/3.0"
61.149.37.239 - - [17/Apr/2013:04:00:26 +0800] "GET / HTTP/1.1" 302 - "-" "Jakarta Commons-HttpClient/3.1"
61.149.37.239 - - [17/Apr/2013:04:00:26 +0800] "GET /sxzn/index.action HTTP/1.1" 200 18352 "-" "Jakarta Commons-HttpClient/3.1"
89.100.233.131 - - [17/Apr/2013:04:04:09 +0800] "GET /favicon.ico HTTP/1.1" 404 209 "-" "Mozilla/4.0 (compatible; MSIE 7.0; Windows NT 5.1; Trident/4.0; .NET CLR 2.0.50727; 360space)"
61.149.37.106 - - [17/Apr/2013:04:05:02 +0800] "GET / HTTP/1.1" 302 - "-" "Jakarta Commons-HttpClient/3.1"
61.149.37.106 - - [17/Apr/2013:04:05:02 +0800] "GET /sxzn/index.action HTTP/1.1" 200 18352 "-" "Jakarta Commons-HttpClient/3.1"
61.149.37.239 - - [17/Apr/2013:04:05:26 +0800] "GET / HTTP/1.1" 302 - "-" "Jakarta Commons-HttpClient/3.1"
