180.111.147.251 - - [17/Apr/2013:13:27:22 +0800] "GET /zszx/map/photo/cw/veg.bmp HTTP/1.1" 200 867098 "http://image.baidu.com/i?ct=503316480&z=&tn=baiduimagedetail&word=%E6%95%B0%E6%8D%AE%E5%9B%BE&ie=utf-8&in=27845&cl=2&lm=-1&st=-1&pn=1&rn=1&di=368533400&ln=1950&fr=&fm=result&fmq=1366176626897_R&ic=0&s=&se=1&sme=0&tab=&width=&height=&face=0&is=&istype=2&hit=" "Mozilla/5.0 (Windows NT 6.1) AppleWebKit/537.1 (KHTML, like Gecko) Chrome/7.3.2201.9 Safari/537.1"
183.60.213.36 - - [17/Apr/2013:13:28:11 +0800] "GET /robots.txt HTTP/1.1" 404 208 "-" "Mozilla/5.0 (compatible; EasouSpider; +http://www.easou.com/search/spider.html)"
111.206.71.69 - - [17/Apr/2013:13:29:06 +0800] "GET /http_type/tm/docments/LT51170282006231IKR00%20Metadata.htm HTTP/1.1" 200 16134 "-" "Mozilla/5.0 (compatible; Baiduspider/2.0; +http://www.baidu.com/search/spider.html)"
61.149.37.106 - - [17/Apr/2013:13:30:03 +0800] "GET / HTTP/1.1" 302 - "-" "Jakarta Commons-HttpClient/3.1"
61.149.37.106 - - [17/Apr/2013:13:30:04 +0800] "GET /sxzn/index.action HTTP/1.1" 200 18352 "-" "Jakarta Commons-HttpClient/3.1"
157.55.35.100 - - [17/Apr/2013:13:30:10 +0800] "GET /stat/stat_txt_11.htm HTTP/1.1" 200 232 "-" "Mozilla/5.0 (compatible; bingbot/2.0; +http://www.bing.com/bingbot.htm)"
61.149.37.239 - - [17/Apr/2013:13:30:34 +0800] "GET / HTTP/1.1" 302 - "-" "Jakarta Commons-HttpClient/3.1"
61.149.37.239 - - [17/Apr/2013:13:30:34 +0800] "GET /sxzn/index.action HTTP/1.1" 200 18352 "-" "Jakarta Commons-HttpClient/3.1"
211.140.239.13 - - [17/Apr/2013:13:32:51 +0800] "GET /favicon.ico HTTP/1.1" 404 209 "-" "Mozilla/4.0 (compatible; MSIE 7.0; Windows NT 5.1; Trident/4.0; .NET CLR 2.0.50727; 360space)"
1.202.218.96 - - [17/Apr/2013:13:33:09 +0800] "GET /robots.txt HTTP/1.1" 404 208 "-" "Mozilla/5.0 ()"
114.248.162.51 - - [17/Apr/2013:13:34:04 +0800] "GET / HTTP/1.1" 302 - "-" "Java/1.6.0_10-rc2"
114.248.162.51 - - [17/Apr/2013:13:34:04 +0800] "GET /sxzn/index.action HTTP/1.1" 200 18528 "-" "Java/1.6.0_10-rc2"
66.249.75.8 - - [17/Apr/2013:13:34:57 +0800] "GET /http_type/tm/html/html/pic/LT41310371989034XXX02.jpg HTTP/1.1" 404 250 "-" "Googlebot-Image/1.0"
66.249.75.8 - - [17/Apr/2013:13:34:58 +0800] "GET /zszx/map/photo/yixian/ly90.bmp HTTP/1.1" 304 - "-" "Googlebot-Image/1.0"
61.149.37.106 - - [17/Apr/2013:13:35:02 +0800] "GET / HTTP/1.1" 302 - "-" "Jakarta Commons-HttpClient/3.1"
61.149.37.106 - - [17/Apr/2013:13:35:02 +0800] "GET /sxzn/index.action HTTP/1.1" 200 18352 "-" "Jakarta Commons-HttpClient/3.1"
111.206.71.117 - - [17/Apr/2013:13:35:27 +0800] "GET / HTTP/1.1" 302 - "-" "Mozilla/5.0 (compatible; Baiduspider/2.0; +http://www.baidu.com/search/spider.html)"
111.206.71.73 - - [17/Apr/2013:13:35:27 +0800] "GET /sxzn/index.action HTTP/1.1" 200 18352 "-" "Mozilla/5.0 (compatible; Baiduspider/2.0; +http://www.baidu.com/search/spider.html)"
61.149.37.239 - - [17/Apr/2013:13:35:28 +0800] "GET / HTTP/1.1" 302 - "-" "Jakarta Commons-HttpClient/3.1"
61.149.37.239 - - [17/Apr/2013:13:35:28 +0800] "GET /sxzn/index.action HTTP/1.1" 200 18352 "-" "Jakarta Commons-HttpClient/3.1"
111.206.71.43 - - [17/Apr/2013:13:35:31 +0800] "GET /http_type/tm/docments/LT41160281989009XXX02%20Metadata.htm HTTP/1.1" 200 16139 "-" "Mozilla/5.0 (compatible; Baiduspider/2.0; +http://www.baidu.com/search/spider.html)"
114.138.228.73 - - [17/Apr/2013:13:39:24 +0800] "GET /favicon.ico HTTP/1.1" 404 209 "-" "Mozilla/4.0 (compatible; MSIE 7.0; Windows NT 5.1; Trident/4.0; .NET CLR 2.0.50727; 360space)"
61.149.37.106 - - [17/Apr/2013:13:40:06 +0800] "GET / HTTP/1.1" 302 - "-" "Jakarta Commons-HttpClient/3.1"
61.149.37.106 - - [17/Apr/2013:13:40:06 +0800] "GET /sxzn/index.action HTTP/1.1" 200 18352 "-" "Jakarta Commons-HttpClient/3.1"
199.30.16.3 - - [17/Apr/2013:13:40:37 +0800] "GET /robots.txt HTTP/1.1" 404 208 "-" "msnbot-media/1.1 (+http://search.msn.com/msnbot.htm)"
199.30.16.3 - - [17/Apr/2013:13:40:38 +0800] "GET /zszx/handbook/notes.docs/image086.jpg HTTP/1.1" 200 3941 "-" "msnbot-media/1.1 (+http://search.msn.com/msnbot.htm)"
61.149.37.239 - - [17/Apr/2013:13:40:47 +0800] "GET / HTTP/1.1" 302 - "-" "Jakarta Commons-HttpClient/3.1"
61.149.37.239 - - [17/Apr/2013:13:40:47 +0800] "GET /sxzn/index.action HTTP/1.1" 200 18352 "-" "Jakarta Commons-HttpClient/3.1"
219.232.202.199 - - [17/Apr/2013:13:42:13 +0800] "GET /zszx/map/photo/50huangtu/plwkxsl.bmp HTTP/1.1" 200 867098 "http://image.baidu.com/i?ct=503316480&z=&tn=baiduimagedetail&word=%E9%BB%84%E6%B2%B3%E4%B8%AD%E6%B8%B8%E5%9C%B0%E5%8C%BA&ie=utf-8&in=26682&cl=2&lm=-1&st=&pn=60&rn=1&di=179846430650&ln=1994&fr=&fm=&fmq=1366177294297_R&ic=&s=&se=&sme=0&tab=&width=&height=&face=&is=&istype=&hit=" "Mozilla/5.0 (Windows NT 6.1) AppleWebKit/537.1 (KHTML, like Gecko) Chrome/7.3.2201.9 Safari/537.1"
61.178.122.54 - - [17/Apr/2013:13:42:47 +0800] "GET /zszx/map/photo/yixian/slshd.bmp HTTP/1.1" 200 867098 "http://image.baidu.com/i?ct=503316480&z=&tn=baiduimagedetail&word=%E6%A0%85%E6%A0%BC%E7%BA%B8&ie=utf-8&in=11403&cl=2&lm=-1&st=&pn=10&rn=1&di=206814996651&ln=1988&fr=&fm=&fmq=1366177221890_R&ic=&s=&se=&sme=0&tab=&width=&height=&face=&is=&istype=&hit=" "Mozilla/4.0 (compatible; MSIE 8.0; Windows NT 5.1; Trident/4.0; .NET CLR 2.0.50727; .NET CLR 3.0.04506.30; .NET CLR 1.1.4322; InfoPath.1; .NET CLR 3.0.4506.2152; .NET CLR 2.0.34991)"
114.248.162.51 - - [17/Apr/2013:13:43:17 +0800] "GET / HTTP/1.0" 302 - "-" "hqthCrawler"
220.181.108.184 - - [17/Apr/2013:13:43:18 +0800] "GET /http_type/tm/docments/LT41210361989044XXX02%20Metadata.htm HTTP/1.1" 200 16136 "-" "Mozilla/5.0 (compatible; Baiduspider/2.0; +http://www.baidu.com/search/spider.html)"
220.181.108.100 - - [17/Apr/2013:13:43:28 +0800] "GET /http_type/tm/docments/LT51170281993179XXX00%20Metadata.htm HTTP/1.1" 200 16134 "-" "Mozilla/5.0 (compatible; Baiduspider/2.0; +http://www.baidu.com/search/spider.html)"
61.135.248.215 - - [17/Apr/2013:13:43:45 +0800] "GET / HTTP/1.1" 302 - "-" "Mozilla/5.0 (compatible; YodaoBot/1.0; http://www.yodao.com/help/webmaster/spider/; )"
61.135.248.215 - - [17/Apr/2013:13:43:45 +0800] "GET /robots.txt HTTP/1.1" 404 208 "-" "Mozilla/5.0 (compatible; YodaoBot/1.0; http://www.yodao.com/help/webmaster/spider/; )"
61.135.248.215 - - [17/Apr/2013:13:43:46 +0800] "GET /sxzn/index.action HTTP/1.1" 200 18352 "-" "Mozilla/5.0 (compatible; YodaoBot/1.0; http://www.yodao.com/help/webmaster/spider/; )"
61.149.37.106 - - [17/Apr/2013:13:45:39 +0800] "GET / HTTP/1.1" 302 - "-" "Jakarta Commons-HttpClient/3.1"
61.149.37.106 - - [17/Apr/2013:13:45:39 +0800] "GET /sxzn/index.action HTTP/1.1" 200 18352 "-" "Jakarta Commons-HttpClient/3.1"
61.149.37.239 - - [17/Apr/2013:13:45:52 +0800] "GET / HTTP/1.1" 302 - "-" "Jakarta Commons-HttpClient/3.1"
61.149.37.239 - - [17/Apr/2013:13:45:52 +0800] "GET /sxzn/index.action HTTP/1.1" 200 18352 "-" "Jakarta Commons-HttpClient/3.1"
61.149.37.106 - - [17/Apr/2013:13:50:02 +0800] "GET / HTTP/1.1" 302 - "-" "Jakarta Commons-HttpClient/3.1"
61.149.37.106 - - [17/Apr/2013:13:50:02 +0800] "GET /sxzn/index.action HTTP/1.1" 200 18352 "-" "Jakarta Commons-HttpClient/3.1"
61.149.37.239 - - [17/Apr/2013:13:50:28 +0800] "GET / HTTP/1.1" 302 - "-" "Jakarta Commons-HttpClient/3.1"
61.149.37.239 - - [17/Apr/2013:13:50:28 +0800] "GET /sxzn/index.action HTTP/1.1" 200 18352 "-" "Jakarta Commons-HttpClient/3.1"
61.149.205.12 - - [17/Apr/2013:13:53:20 +0800] "GET /tlp/user/index.jsp HTTP/1.1" 200 644 "http://www.google.co.uk/url?sa=t&rct=j&q=%E9%BB%84%E6%B2%B3%E6%B5%81%E5%9F%9F%E6%B0%B4%E6%96%87%E8%B5%84%E6%96%99&source=web&cd=5&cad=rja&ved=0CEkQFjAE&url=%68%74%74%70%3a%2f%2f%77%77%77%2e%6c%6f%65%73%73%2e%63%73%64%62%2e%63%6e%2f%68%79%64%2f%75%73%65%72%2f%69%6e%64%65%78%2e%6a%73%70&ei=tjhuUYayNMLikAWr14EY&usg=AFQjCNF6ooqVGST3OGYOfxOAGkYpEgNXaQ" "Mozilla/5.0 (Windows NT 6.1; rv:20.0) Gecko/20100101 Firefox/20.0"
61.149.205.12 - - [17/Apr/2013:13:53:21 +0800] "GET /tlp/top.jsp HTTP/1.1" 500 2630 "http://www.zxsxsample.com/tlp/user/index.jsp" "Mozilla/5.0 (Windows NT 6.1; rv:20.0) Gecko/20100101 Firefox/20.0"
61.149.205.12 - - [17/Apr/2013:13:53:21 +0800] "GET /tlp/riverintro.jsp HTTP/1.1" 200 2524 "http://www.zxsxsample.com/tlp/user/index.jsp" "Mozilla/5.0 (Windows NT 6.1; rv:20.0) Gecko/20100101 Firefox/20.0"
61.149.205.12 - - [17/Apr/2013:13:53:21 +0800] "GET /tlp/user/left.jsp HTTP/1.1" 200 17528 "http://www.zxsxsample.com/tlp/user/index.jsp" "Mozilla/5.0 (Windows NT 6.1; rv:20.0) Gecko/20100101 Firefox/20.0"
61.149.205.12 - - [17/Apr/2013:13:53:21 +0800] "GET /tlp/images/riverintro1.jpg HTTP/1.1" 200 21336 "http://www.zxsxsample.com/tlp/riverintro.jsp" "Mozilla/5.0 (Windows NT 6.1; rv:20.0) Gecko/20100101 Firefox/20.0"
61.149.205.12 - - [17/Apr/2013:13:53:21 +0800] "GET /tlp/user/images/open_lastnode.gif HTTP/1.1" 200 78 "http://www.zxsxsample.com/tlp/user/left.jsp" "Mozilla/5.0 (Windows NT 6.1; rv:20.0) Gecko/20100101 Firefox/20.0"
61.149.205.12 - - [17/Apr/2013:13:53:21 +0800] "GET /tlp/user/images/Moff.gif HTTP/1.1" 200 53 "http://www.zxsxsample.com/tlp/user/left.jsp" "Mozilla/5.0 (Windows NT 6.1; rv:20.0) Gecko/20100101 Firefox/20.0"
61.149.205.12 - - [17/Apr/2013:13:53:21 +0800] "GET /tlp/user/images/grid.gif HTTP/1.1" 200 987 "http://www.zxsxsample.com/tlp/user/left.jsp" "Mozilla/5.0 (Windows NT 6.1; rv:20.0) Gecko/20100101 Firefox/20.0"
61.149.205.12 - - [17/Apr/2013:13:53:21 +0800] "GET /tlp/user/images/line_05.gif HTTP/1.1" 200 65 "http://www.zxsxsample.com/tlp/user/left.jsp" "Mozilla/5.0 (Windows NT 6.1; rv:20.0) Gecko/20100101 Firefox/20.0"
61.149.205.12 - - [17/Apr/2013:13:53:21 +0800] "GET /tlp/user/images/blank.gif HTTP/1.1" 200 135 "http://www.zxsxsample.com/tlp/user/left.jsp" "Mozilla/5.0 (Windows NT 6.1; rv:20.0) Gecko/20100101 Firefox/20.0"
61.149.205.12 - - [17/Apr/2013:13:53:21 +0800] "GET /tlp/user/images/line_05_last.gif HTTP/1.1" 200 62 "http://www.zxsxsample.com/tlp/user/left.jsp" "Mozilla/5.0 (Windows NT 6.1; rv:20.0) Gecko/20100101 Firefox/20.0"
61.149.205.12 - - [17/Apr/2013:13:53:21 +0800] "GET /tlp/user/images/doc.gif HTTP/1.1" 200 1014 "http://www.zxsxsample.com/tlp/user/left.jsp" "Mozilla/5.0 (Windows NT 6.1; rv:20.0) Gecko/20100101 Firefox/20.0"
61.149.205.12 - - [17/Apr/2013:13:53:21 +0800] "GET /tlp/images/riverintro2.gif HTTP/1.1" 200 100899 "http://www.zxsxsample.com/tlp/riverintro.jsp" "Mozilla/5.0 (Windows NT 6.1; rv:20.0) Gecko/20100101 Firefox/20.0"
61.149.205.12 - - [17/Apr/2013:13:53:24 +0800] "GET /favicon.ico HTTP/1.1" 404 209 "-" "Mozilla/5.0 (Windows NT 6.1; rv:20.0) Gecko/20100101 Firefox/20.0"
61.149.205.12 - - [17/Apr/2013:13:53:24 +0800] "GET /favicon.ico HTTP/1.1" 404 209 "-" "Mozilla/5.0 (Windows NT 6.1; rv:20.0) Gecko/20100101 Firefox/20.0"
61.149.205.12 - - [17/Apr/2013:13:53:21 +0800] "GET /tlp/user/images/open_folder.gif HTTP/1.1" 200 568 "http://www.zxsxsample.com/tlp/user/left.jsp" "Mozilla/5.0 (Windows NT 6.1; rv:20.0) Gecko/20100101 Firefox/20.0"
61.149.205.12 - - [17/Apr/2013:13:54:32 +0800] "GET /tlp/user/images/Mon.gif HTTP/1.1" 200 293 "http://www.zxsxsample.com/tlp/user/left.jsp" "Mozilla/5.0 (Windows NT 6.1; rv:20.0) Gecko/20100101 Firefox/20.0"
61.149.205.12 - - [17/Apr/2013:13:54:32 +0800] "GET /tlp/user/main.jsp?table=m_rjs HTTP/1.1" 200 23909 "http://www.zxsxsample.com/tlp/user/left.jsp" "Mozilla/5.0 (Windows NT 6.1; rv:20.0) Gecko/20100101 Firefox/20.0"
61.149.205.12 - - [17/Apr/2013:13:54:33 +0800] "GET /tlp/user/navigation/style.css HTTP/1.1" 200 4724 "http://www.zxsxsample.com/tlp/user/main.jsp?table=m_rjs" "Mozilla/5.0 (Windows NT 6.1; rv:20.0) Gecko/20100101 Firefox/20.0"
61.149.205.12 - - [17/Apr/2013:13:54:33 +0800] "GET /tlp/user/js/pageViewer.js HTTP/1.1" 200 612 "http://www.zxsxsample.com/tlp/user/main.jsp?table=m_rjs" "Mozilla/5.0 (Windows NT 6.1; rv:20.0) Gecko/20100101 Firefox/20.0"
61.149.205.12 - - [17/Apr/2013:13:54:34 +0800] "GET /tlp/user/navigation/images/field.gif HTTP/1.1" 200 68 "http://www.zxsxsample.com/tlp/user/navigation/style.css" "Mozilla/5.0 (Windows NT 6.1; rv:20.0) Gecko/20100101 Firefox/20.0"
61.149.205.12 - - [17/Apr/2013:13:54:34 +0800] "GET /tlp/user/navigation/images/field1.gif HTTP/1.1" 200 67 "http://www.zxsxsample.com/tlp/user/navigation/style.css" "Mozilla/5.0 (Windows NT 6.1; rv:20.0) Gecko/20100101 Firefox/20.0"
61.149.205.12 - - [17/Apr/2013:13:54:54 +0800] "POST /tlp/user/main.jsp HTTP/1.1" 200 23988 "http://www.zxsxsample.com/tlp/user/main.jsp?table=m_rjs" "Mozilla/5.0 (Windows NT 6.1; rv:20.0) Gecko/20100101 Firefox/20.0"
61.149.205.12 - - [17/Apr/2013:13:55:02 +0800] "GET /tlp/user/yzf.jsp?table=yzf HTTP/1.1" 200 7869 "http://www.zxsxsample.com/tlp/user/left.jsp" "Mozilla/5.0 (Windows NT 6.1; rv:20.0) Gecko/20100101 Firefox/20.0"
61.149.37.106 - - [17/Apr/2013:13:55:04 +0800] "GET / HTTP/1.1" 302 - "-" "Jakarta Commons-HttpClient/3.1"
61.149.37.106 - - [17/Apr/2013:13:55:04 +0800] "GET /sxzn/index.action HTTP/1.1" 200 18352 "-" "Jakarta Commons-HttpClient/3.1"
61.149.205.12 - - [17/Apr/2013:13:55:07 +0800] "POST /tlp/user/yzf.jsp HTTP/1.1" 200 8961 "http://www.zxsxsample.com/tlp/user/yzf.jsp?table=yzf" "Mozilla/5.0 (Windows NT 6.1; rv:20.0) Gecko/20100101 Firefox/20.0"
61.149.37.239 - - [17/Apr/2013:13:55:31 +0800] "GET / HTTP/1.1" 302 - "-" "Jakarta Commons-HttpClient/3.1"
61.149.37.239 - - [17/Apr/2013:13:55:31 +0800] "GET /sxzn/index.action HTTP/1.1" 200 18352 "-" "Jakarta Commons-HttpClient/3.1"
183.60.214.124 - - [17/Apr/2013:13:55:32 +0800] "GET /sxzn/foreground/listDataOfMD.action?id=2 HTTP/1.1" 302 - "-" "Mozilla/5.0 (compatible; EasouSpider; +http://www.easou.com/search/spider.html)"
183.60.214.124 - - [17/Apr/2013:13:55:45 +0800] "GET /sxzn/css/login.css HTTP/1.1" 200 199 "-" "Mozilla/5.0 (compatible; EasouSpider; +http://www.easou.com/search/spider.html)"
111.206.71.72 - - [17/Apr/2013:13:57:51 +0800] "GET /http_type/tm/docments/LT51170262007202MGR01%20Metadata.htm HTTP/1.1" 200 16134 "-" "Mozilla/5.0 (compatible; Baiduspider/2.0; +http://www.baidu.com/search/spider.html)"
220.181.108.78 - - [17/Apr/2013:13:58:12 +0800] "GET /http_type/tm/docments/LT41230391989042XXX02%20Metadata.htm HTTP/1.1" 200 16140 "-" "Mozilla/5.0 (compatible; Baiduspider/2.0; +http://www.baidu.com/search/spider.html)"
114.248.162.51 - - [17/Apr/2013:13:58:14 +0800] "GET / HTTP/1.1" 302 - "-" "Java/1.6.0_10-rc2"
114.248.162.51 - - [17/Apr/2013:13:58:14 +0800] "GET /sxzn/index.action HTTP/1.1" 200 18528 "-" "Java/1.6.0_10-rc2"
61.149.37.106 - - [17/Apr/2013:14:00:02 +0800] "GET / HTTP/1.1" 302 - "-" "Jakarta Commons-HttpClient/3.1"
61.149.37.106 - - [17/Apr/2013:14:00:02 +0800] "GET /sxzn/index.action HTTP/1.1" 200 18352 "-" "Jakarta Commons-HttpClient/3.1"
61.149.12.161 - - [17/Apr/2013:14:00:19 +0800] "GET / HTTP/1.1" 302 - "-" "Jakarta Commons-HttpClient/3.0"
61.149.12.161 - - [17/Apr/2013:14:00:19 +0800] "GET /sxzn/index.action HTTP/1.1" 200 18352 "-" "Jakarta Commons-HttpClient/3.0"
61.149.37.239 - - [17/Apr/2013:14:00:27 +0800] "GET / HTTP/1.1" 302 - "-" "Jakarta Commons-HttpClient/3.1"
61.149.37.239 - - [17/Apr/2013:14:00:27 +0800] "GET /sxzn/index.action HTTP/1.1" 200 18352 "-" "Jakarta Commons-HttpClient/3.1"
218.30.116.98 - - [17/Apr/2013:14:00:28 +0800] "GET /stat/ HTTP/1.1" 200 713 "http://www.zxsxsample.com/" "Mozilla/4.0 (compatible; MSIE 8.0; Windows NT 6.1; Trident/4.0; MLDD1; .NET CLR 2.0.50727; .NET CLR 2.0.34991; .NET CLR 3.0.30729; Media Center PC 6.0; Tablet PC 2.0)"
218.30.116.98 - - [17/Apr/2013:14:00:28 +0800] "GET /zszx/ HTTP/1.1" 200 574 "http://www.zxsxsample.com/" "Mozilla/4.0 (compatible; MSIE 8.0; Windows NT 6.1; Trident/4.0; MLDD1; .NET CLR 2.0.50727; .NET CLR 2.0.34991; .NET CLR 3.0.30729; Media Center PC 6.0; Tablet PC 2.0)"
218.30.116.98 - - [17/Apr/2013:14:00:28 +0800] "GET /sxzn/index.action HTTP/1.1" 200 18528 "http://www.zxsxsample.com/" "Mozilla/4.0 (compatible; MSIE 8.0; Windows NT 6.1; Trident/4.0; MLDD1; .NET CLR 2.0.50727; .NET CLR 2.0.34991; .NET CLR 3.0.30729; Media Center PC 6.0; Tablet PC 2.0)"
210.77.22.80 - - [17/Apr/2013:14:00:31 +0800] "GET /zszx/map/photo/cw/veg.bmp HTTP/1.1" 200 867098 "http://image.baidu.com/i?ct=503316480&z=&tn=baiduimagedetail&word=%E6%95%B0%E6%8D%AE%E5%9B%BE&ie=utf-8&in=24369&cl=2&lm=-1&st=-1&pn=32&rn=1&di=277959889960&ln=1947&fr=&fm=index&fmq=1366178276486_R&ic=0&s=&se=&sme=0&tab=&width=&height=&face=&is=&istype=2&hit=" "Mozilla/5.0 (Windows NT 6.1; WOW64) AppleWebKit/537.22 (KHTML, like Gecko) Chrome/25.0.1364.97 Safari/537.22"
66.249.75.1 - - [17/Apr/2013:14:01:40 +0800] "GET /http_type/tm/html/html/pic/LT51320341995162XXX01.jpg HTTP/1.1" 404 250 "-" "Googlebot-Image/1.0"
61.149.37.106 - - [17/Apr/2013:14:05:07 +0800] "GET / HTTP/1.1" 302 - "-" "Jakarta Commons-HttpClient/3.1"
61.149.37.106 - - [17/Apr/2013:14:05:07 +0800] "GET /sxzn/index.action HTTP/1.1" 200 18352 "-" "Jakarta Commons-HttpClient/3.1"
61.149.37.239 - - [17/Apr/2013:14:05:28 +0800] "GET / HTTP/1.1" 302 - "-" "Jakarta Commons-HttpClient/3.1"
61.149.37.239 - - [17/Apr/2013:14:05:28 +0800] "GET /sxzn/index.action HTTP/1.1" 200 18352 "-" "Jakarta Commons-HttpClient/3.1"
202.120.8.2 - - [17/Apr/2013:14:07:34 +0800] "GET / HTTP/1.1" 302 - "http://www.baidu.com/s?wd=%E4%B8%AA%E4%BA%BA%E6%95%B0%E6%8D%AE%E7%BD%91%E7%AB%99&rsv_spt=1&issp=1&rsv_bp=0&ie=utf-8&tn=baiduhome_pg&rsv_sug3=8&rsv_sug=0&rsv_sug4=723&rsv_sug1=4" "Mozilla/5.0 (Windows NT 6.1) AppleWebKit/537.33 (KHTML, like Gecko) Chrome/27.0.1430.0 Safari/537.33"
202.120.8.2 - - [17/Apr/2013:14:07:34 +0800] "GET /sxzn/index.action HTTP/1.1" 200 18352 "http://www.baidu.com/s?wd=%E4%B8%AA%E4%BA%BA%E6%95%B0%E6%8D%AE%E7%BD%91%E7%AB%99&rsv_spt=1&issp=1&rsv_bp=0&ie=utf-8&tn=baiduhome_pg&rsv_sug3=8&rsv_sug=0&rsv_sug4=723&rsv_sug1=4" "Mozilla/5.0 (Windows NT 6.1) AppleWebKit/537.33 (KHTML, like Gecko) Chrome/27.0.1430.0 Safari/537.33"
202.120.8.2 - - [17/Apr/2013:14:07:34 +0800] "GET /sxzn/css/index.css HTTP/1.1" 200 1730 "http://www.zxsxsample.com/sxzn/index.action" "Mozilla/5.0 (Windows NT 6.1) AppleWebKit/537.33 (KHTML, like Gecko) Chrome/27.0.1430.0 Safari/537.33"
202.120.8.2 - - [17/Apr/2013:14:07:34 +0800] "GET /sxzn/css/layout.css HTTP/1.1" 200 6591 "http://www.zxsxsample.com/sxzn/index.action" "Mozilla/5.0 (Windows NT 6.1) AppleWebKit/537.33 (KHTML, like Gecko) Chrome/27.0.1430.0 Safari/537.33"
202.120.8.2 - - [17/Apr/2013:14:07:34 +0800] "GET /sxzn/images/doc_02.gif HTTP/1.1" 200 55 "http://www.zxsxsample.com/sxzn/index.action" "Mozilla/5.0 (Windows NT 6.1) AppleWebKit/537.33 (KHTML, like Gecko) Chrome/27.0.1430.0 Safari/537.33"
202.120.8.2 - - [17/Apr/2013:14:07:35 +0800] "GET /sxzn/images/point.gif HTTP/1.1" 200 134 "http://www.zxsxsample.com/sxzn/index.action" "Mozilla/5.0 (Windows NT 6.1) AppleWebKit/537.33 (KHTML, like Gecko) Chrome/27.0.1430.0 Safari/537.33"
202.120.8.2 - - [17/Apr/2013:14:07:35 +0800] "GET /sxzn/images/zh-cn.gif HTTP/1.1" 200 891 "http://www.zxsxsample.com/sxzn/index.action" "Mozilla/5.0 (Windows NT 6.1) AppleWebKit/537.33 (KHTML, like Gecko) Chrome/27.0.1430.0 Safari/537.33"
202.120.8.2 - - [17/Apr/2013:14:07:35 +0800] "GET /sxzn/images/leftSubTitle_bg.gif HTTP/1.1" 200 53 "http://www.zxsxsample.com/sxzn/index.action" "Mozilla/5.0 (Windows NT 6.1) AppleWebKit/537.33 (KHTML, like Gecko) Chrome/27.0.1430.0 Safari/537.33"
202.120.8.2 - - [17/Apr/2013:14:07:34 +0800] "GET /sxzn/images/banner_home.jpg HTTP/1.1" 200 52917 "http://www.zxsxsample.com/sxzn/index.action" "Mozilla/5.0 (Windows NT 6.1) AppleWebKit/537.33 (KHTML, like Gecko) Chrome/27.0.1430.0 Safari/537.33"
202.120.8.2 - - [17/Apr/2013:14:07:35 +0800] "GET /sxzn/images/options.png HTTP/1.1" 200 615 "http://www.zxsxsample.com/sxzn/index.action" "Mozilla/5.0 (Windows NT 6.1) AppleWebKit/537.33 (KHTML, like Gecko) Chrome/27.0.1430.0 Safari/537.33"
202.120.8.2 - - [17/Apr/2013:14:07:35 +0800] "GET /sxzn/rand.action HTTP/1.1" 200 1211 "http://www.zxsxsample.com/sxzn/index.action" "Mozilla/5.0 (Windows NT 6.1) AppleWebKit/537.33 (KHTML, like Gecko) Chrome/27.0.1430.0 Safari/537.33"
202.120.8.2 - - [17/Apr/2013:14:07:34 +0800] "GET /sxzn/images/banner.jpg HTTP/1.1" 200 43424 "http://www.zxsxsample.com/sxzn/index.action" "Mozilla/5.0 (Windows NT 6.1) AppleWebKit/537.33 (KHTML, like Gecko) Chrome/27.0.1430.0 Safari/537.33"
202.120.8.2 - - [17/Apr/2013:14:07:35 +0800] "GET /sxzn/images/icon.gif HTTP/1.1" 200 119 "http://www.zxsxsample.com/sxzn/index.action" "Mozilla/5.0 (Windows NT 6.1) AppleWebKit/537.33 (KHTML, like Gecko) Chrome/27.0.1430.0 Safari/537.33"
202.120.8.2 - - [17/Apr/2013:14:07:35 +0800] "GET /sxzn/images/bg.jpg HTTP/1.1" 200 19679 "http://www.zxsxsample.com/sxzn/index.action" "Mozilla/5.0 (Windows NT 6.1) AppleWebKit/537.33 (KHTML, like Gecko) Chrome/27.0.1430.0 Safari/537.33"
202.120.8.2 - - [17/Apr/2013:14:07:35 +0800] "GET /sxzn/images/new.gif HTTP/1.1" 200 1816 "http://www.zxsxsample.com/sxzn/index.action" "Mozilla/5.0 (Windows NT 6.1) AppleWebKit/537.33 (KHTML, like Gecko) Chrome/27.0.1430.0 Safari/537.33"
202.120.8.2 - - [17/Apr/2013:14:07:35 +0800] "GET /sxzn/images/new1.gif HTTP/1.1" 200 1724 "http://www.zxsxsample.com/sxzn/index.action" "Mozilla/5.0 (Windows NT 6.1) AppleWebKit/537.33 (KHTML, like Gecko) Chrome/27.0.1430.0 Safari/537.33"
202.120.8.2 - - [17/Apr/2013:14:07:35 +0800] "GET /sxzn/images/yonghu.jpg HTTP/1.1" 200 31309 "http://www.zxsxsample.com/sxzn/index.action" "Mozilla/5.0 (Windows NT 6.1) AppleWebKit/537.33 (KHTML, like Gecko) Chrome/27.0.1430.0 Safari/537.33"
202.120.8.2 - - [17/Apr/2013:14:07:35 +0800] "GET /favicon.ico HTTP/1.1" 404 209 "-" "Mozilla/5.0 (Windows NT 6.1) AppleWebKit/537.33 (KHTML, like Gecko) Chrome/27.0.1430.0 Safari/537.33"
202.120.8.2 - - [17/Apr/2013:14:07:35 +0800] "GET /sxzn/images/Search_icon.gif HTTP/1.1" 200 344 "http://www.zxsxsample.com/sxzn/index.action" "Mozilla/5.0 (Windows NT 6.1) AppleWebKit/537.33 (KHTML, like Gecko) Chrome/27.0.1430.0 Safari/537.33"
61.149.37.106 - - [17/Apr/2013:14:10:03 +0800] "GET / HTTP/1.1" 302 - "-" "Jakarta Commons-HttpClient/3.1"
219.140.167.90 - - [17/Apr/2013:14:10:03 +0800] "GET / HTTP/1.1" 302 - "-" "Mozilla/5.0 (Windows NT 6.1) AppleWebKit/535.11 (KHTML, like Gecko) Chrome/17.0.963.84 Safari/535.11 SE 2.X SiplDe 1.0"
61.149.37.106 - - [17/Apr/2013:14:10:03 +0800] "GET /sxzn/index.action HTTP/1.1" 200 18352 "-" "Jakarta Commons-HttpClient/3.1"
219.140.167.90 - - [17/Apr/2013:14:10:03 +0800] "GET /sxzn/index.action HTTP/1.1" 200 18352 "-" "Mozilla/5.0 (Windows NT 6.1) AppleWebKit/535.11 (KHTML, like Gecko) Chrome/17.0.963.84 Safari/535.11 SE 2.X SiplDe 1.0"
219.140.167.90 - - [17/Apr/2013:14:10:03 +0800] "GET /favicon.ico HTTP/1.1" 404 209 "-" "Mozilla/5.0 (Windows NT 6.1) AppleWebKit/535.11 (KHTML, like Gecko) Chrome/17.0.963.84 Safari/535.11 SE 2.X SiplDe 1.0"
61.149.37.239 - - [17/Apr/2013:14:10:27 +0800] "GET / HTTP/1.1" 302 - "-" "Jakarta Commons-HttpClient/3.1"
61.149.37.239 - - [17/Apr/2013:14:10:27 +0800] "GET /sxzn/index.action HTTP/1.1" 200 18352 "-" "Jakarta Commons-HttpClient/3.1"
124.114.98.78 - - [17/Apr/2013:14:11:22 +0800] "GET /clim/images/climintro2.jpg HTTP/1.0" 200 11519 "http://image.baidu.com/i?ct=503316480&z=0&tn=baiduimagedetail&cl=2&cm=1&sc=0&lm=-1&fr=ala2&pn=2&rn=1&di=75048374550&ln=1953&word=%BB%C6%CD%C1%B8%DF%D4%AD%C6%F8%BA%F2%CD%BC" "Mozilla/4.0 (compatible; MSIE 7.0; Windows NT 5.1; .NET CLR 2.0.50727; .NET CLR 3.0.04506.30; .NET CLR 3.0.4506.2152; .NET CLR 2.0.34991)"
124.114.98.78 - - [17/Apr/2013:14:11:25 +0800] "GET /clim/images/climintro4.jpg HTTP/1.0" 200 29824 "http://image.baidu.com/i?ct=503316480&z=0&tn=baiduimagedetail&cl=2&cm=1&sc=0&lm=-1&fr=ala2&pn=2&rn=1&di=75048374550&ln=1953&word=%BB%C6%CD%C1%B8%DF%D4%AD%C6%F8%BA%F2%CD%BC" "Mozilla/4.0 (compatible; MSIE 7.0; Windows NT 5.1; .NET CLR 2.0.50727; .NET CLR 3.0.04506.30; .NET CLR 3.0.4506.2152; .NET CLR 2.0.34991)"
220.181.108.177 - - [17/Apr/2013:14:12:12 +0800] "GET /http_type/tm/docments/LT51170262006231IKR00%20Metadata.htm HTTP/1.1" 200 16134 "-" "Mozilla/5.0 (compatible; Baiduspider/2.0; +http://www.baidu.com/search/spider.html)"
71.70.231.106 - - [17/Apr/2013:14:12:48 +0800] "GET /stat/images/m2.jpg HTTP/1.1" 200 412227 "http://www.bing.com/images/search?q=%e9%bb%83%e6%b2%b3+picture&qpvt=%e9%bb%83%e6%b2%b3+picture&FORM=IGRE" "Mozilla/5.0 (compatible; MSIE 9.0; Windows NT 6.1; WOW64; Trident/5.0)"
111.206.71.35 - - [17/Apr/2013:14:12:59 +0800] "GET /http_type/tm/docments/LT41230431989042XXX02%20Metadata.htm HTTP/1.1" 200 16141 "-" "Mozilla/5.0 (compatible; Baiduspider/2.0; +http://www.baidu.com/search/spider.html)"
61.149.37.106 - - [17/Apr/2013:14:15:02 +0800] "GET / HTTP/1.1" 302 - "-" "Jakarta Commons-HttpClient/3.1"
61.149.37.106 - - [17/Apr/2013:14:15:02 +0800] "GET /sxzn/index.action HTTP/1.1" 200 18352 "-" "Jakarta Commons-HttpClient/3.1"
61.149.37.239 - - [17/Apr/2013:14:15:43 +0800] "GET / HTTP/1.1" 302 - "-" "Jakarta Commons-HttpClient/3.1"
61.149.37.239 - - [17/Apr/2013:14:15:43 +0800] "GET /sxzn/index.action HTTP/1.1" 200 18352 "-" "Jakarta Commons-HttpClient/3.1"
114.248.162.51 - - [17/Apr/2013:14:16:13 +0800] "GET / HTTP/1.0" 302 - "-" "hqthCrawler"
61.149.37.106 - - [17/Apr/2013:14:20:02 +0800] "GET / HTTP/1.1" 302 - "-" "Jakarta Commons-HttpClient/3.1"
61.149.37.106 - - [17/Apr/2013:14:20:02 +0800] "GET /sxzn/index.action HTTP/1.1" 200 18352 "-" "Jakarta Commons-HttpClient/3.1"
61.149.37.239 - - [17/Apr/2013:14:20:27 +0800] "GET / HTTP/1.1" 302 - "-" "Jakarta Commons-HttpClient/3.1"
61.149.37.239 - - [17/Apr/2013:14:20:27 +0800] "GET /sxzn/index.action HTTP/1.1" 200 18352 "-" "Jakarta Commons-HttpClient/3.1"
114.248.162.51 - - [17/Apr/2013:14:22:10 +0800] "GET / HTTP/1.1" 302 - "-" "Java/1.6.0_10-rc2"
114.248.162.51 - - [17/Apr/2013:14:22:10 +0800] "GET /sxzn/index.action HTTP/1.1" 200 18528 "-" "Java/1.6.0_10-rc2"
61.149.37.239 - - [17/Apr/2013:14:25:29 +0800] "GET / HTTP/1.1" 302 - "-" "Jakarta Commons-HttpClient/3.1"
61.149.37.239 - - [17/Apr/2013:14:25:29 +0800] "GET /sxzn/index.action HTTP/1.1" 200 18352 "-" "Jakarta Commons-HttpClient/3.1"
61.149.37.106 - - [17/Apr/2013:14:25:34 +0800] "GET / HTTP/1.1" 302 - "-" "Jakarta Commons-HttpClient/3.1"
61.149.37.106 - - [17/Apr/2013:14:25:34 +0800] "GET /sxzn/index.action HTTP/1.1" 200 18352 "-" "Jakarta Commons-HttpClient/3.1"
113.9.210.133 - - [17/Apr/2013:14:25:33 +0800] "GET /zszx/map/photo/cgzai/ajw.bmp HTTP/1.1" 200 867098 "http://image.baidu.com/i?ct=503316480&z=0&tn=baiduimagedetail&cl=2&cm=1&sc=0&lm=-1&fr=ala2&pn=0&rn=1&di=176380914301&ln=1997&word=%B1%F6%CF%D8%C7%F8%D3%F2%BB%FD%CE%C2%CD%BC" "Mozilla/4.0 (compatible; MSIE 6.0; Windows NT 5.1; SV1; qdesk 2.4.1264.203; .NET CLR 2.0.50727)"
220.181.108.181 - - [17/Apr/2013:14:26:33 +0800] "GET /http_type/tm/docments/LT51150301991112XXX04%20Metadata.htm HTTP/1.1" 200 16139 "-" "Mozilla/5.0 (compatible; Baiduspider/2.0; +http://www.baidu.com/search/spider.html)"
113.9.210.133 - - [17/Apr/2013:14:27:04 +0800] "GET /zszx/map/photo/cgzai/ajw.bmp HTTP/1.1" 304 - "http://image.baidu.com/i?ct=503316480&z=0&tn=baiduimagedetail&cl=2&cm=1&sc=0&lm=-1&fr=ala2&pn=4&rn=1&di=109044293851&ln=1997&word=%B1%F6%CF%D8%C7%F8%D3%F2%BB%FD%CE%C2%CD%BC" "Mozilla/4.0 (compatible; MSIE 6.0; Windows NT 5.1; SV1; qdesk 2.4.1264.203; .NET CLR 2.0.50727)"
111.206.71.74 - - [17/Apr/2013:14:27:40 +0800] "GET /http_type/tm/docments/LT41230471989138XXX01%20Metadata.htm HTTP/1.1" 200 16137 "-" "Mozilla/5.0 (compatible; Baiduspider/2.0; +http://www.baidu.com/search/spider.html)"
124.114.25.129 - - [17/Apr/2013:14:28:12 +0800] "GET /zszx/map/photo/as/geom.bmp HTTP/1.1" 200 867098 "http://image.baidu.com/i?ct=503316480&z=&tn=baiduimagedetail&word=%E6%88%B7%E5%8E%BF%E5%9C%B0%E8%B2%8C%E5%9B%BE&ie=utf-8&in=3489&cl=2&lm=-1&st=&pn=135&rn=1&di=169421902352&ln=1997&fr=ala1&fm=ala1&fmq=1366179979843_R&ic=&s=&se=&sme=0&tab=&width=&height=&face=&is=&istype=&hit=" "Mozilla/4.0 (compatible; MSIE 7.0; Windows NT 6.2; WOW64; Trident/6.0; .NET4.0E; .NET4.0C; .NET CLR 2.0.34991; .NET CLR 2.0.50727; .NET CLR 3.0.30729; MALNJS)"
178.154.179.250 - - [17/Apr/2013:14:28:31 +0800] "GET /clim/advanced/left.jsp HTTP/1.1" 200 20497 "-" "Mozilla/5.0 (compatible; YandexBot/3.0; +http://yandex.com/bots)"
61.149.37.106 - - [17/Apr/2013:14:30:02 +0800] "GET / HTTP/1.1" 302 - "-" "Jakarta Commons-HttpClient/3.1"
61.149.37.106 - - [17/Apr/2013:14:30:02 +0800] "GET /sxzn/index.action HTTP/1.1" 200 18352 "-" "Jakarta Commons-HttpClient/3.1"
111.206.244.210 - - [17/Apr/2013:14:30:23 +0800] "GET / HTTP/1.1" 302 - "-" "Mozilla/4.0 (compatible; MSIE 6.0; Windows NT 5.1; SV1; iCafeMedia; .NET CLR 2.0.50727; NUCO)"
111.206.244.210 - - [17/Apr/2013:14:30:23 +0800] "GET /sxzn/index.action HTTP/1.1" 200 18528 "-" "Mozilla/4.0 (compatible; MSIE 6.0; Windows NT 5.1; SV1; iCafeMedia; .NET CLR 2.0.50727; NUCO)"
61.149.37.239 - - [17/Apr/2013:14:30:27 +0800] "GET / HTTP/1.1" 302 - "-" "Jakarta Commons-HttpClient/3.1"
61.149.37.239 - - [17/Apr/2013:14:30:27 +0800] "GET /sxzn/index.action HTTP/1.1" 200 18352 "-" "Jakarta Commons-HttpClient/3.1"
66.249.75.3 - - [17/Apr/2013:14:30:38 +0800] "GET /http_type/tm/html/html/pic/LT41340331989039XXX03.jpg HTTP/1.1" 404 250 "-" "Googlebot-Image/1.0"
1.202.218.92 - - [17/Apr/2013:14:35:04 +0800] "HEAD /sxzn/index.action HTTP/1.1" 200 - "-" "Mozilla/5.0 (compatible; JikeSpider; +http://shoulu.jike.com/spider.html)"
61.149.37.106 - - [17/Apr/2013:14:35:25 +0800] "GET / HTTP/1.1" 302 - "-" "Jakarta Commons-HttpClient/3.1"
61.149.37.106 - - [17/Apr/2013:14:35:25 +0800] "GET /sxzn/index.action HTTP/1.1" 200 18352 "-" "Jakarta Commons-HttpClient/3.1"
1.202.218.99 - - [17/Apr/2013:14:35:40 +0800] "GET /sxzn/index.action HTTP/1.1" 200 18352 "-" "Mozilla/5.0 (compatible; JikeSpider; +http://shoulu.jike.com/spider.html)"
61.149.37.239 - - [17/Apr/2013:14:35:50 +0800] "GET / HTTP/1.1" 302 - "-" "Jakarta Commons-HttpClient/3.1"
61.149.37.239 - - [17/Apr/2013:14:35:50 +0800] "GET /sxzn/index.action HTTP/1.1" 200 18352 "-" "Jakarta Commons-HttpClient/3.1"
61.149.37.106 - - [17/Apr/2013:14:40:02 +0800] "GET / HTTP/1.1" 302 - "-" "Jakarta Commons-HttpClient/3.1"
61.149.37.106 - - [17/Apr/2013:14:40:02 +0800] "GET /sxzn/index.action HTTP/1.1" 200 18352 "-" "Jakarta Commons-HttpClient/3.1"
61.149.37.239 - - [17/Apr/2013:14:40:27 +0800] "GET / HTTP/1.1" 302 - "-" "Jakarta Commons-HttpClient/3.1"
61.149.37.239 - - [17/Apr/2013:14:40:27 +0800] "GET /sxzn/index.action HTTP/1.1" 200 18352 "-" "Jakarta Commons-HttpClient/3.1"
111.206.71.54 - - [17/Apr/2013:14:40:57 +0800] "GET /http_type/tm/docments/LT41230421989042XXX02%20Metadata.htm HTTP/1.1" 200 16140 "-" "Mozilla/5.0 (compatible; Baiduspider/2.0; +http://www.baidu.com/search/spider.html)"
111.206.71.91 - - [17/Apr/2013:14:42:15 +0800] "GET /http_type/tm/docments/LT51140282007165IKR00%20Metadata.htm HTTP/1.1" 200 16134 "-" "Mozilla/5.0 (compatible; Baiduspider/2.0; +http://www.baidu.com/search/spider.html)"
66.249.75.1 - - [17/Apr/2013:14:44:32 +0800] "GET /sxzn/foreground/viewMetadata.action?id=22 HTTP/1.1" 200 9076 "-" "Mozilla/5.0 (iPhone; U; CPU iPhone OS 4_1 like Mac OS X; en-us) AppleWebKit/532.9 (KHTML, like Gecko) Version/4.0.5 Mobile/8B117 Safari/6531.22.7 (compatible; Googlebot-Mobile/2.1; +http://www.google.com/bot.html)"
61.149.37.106 - - [17/Apr/2013:14:45:02 +0800] "GET / HTTP/1.1" 302 - "-" "Jakarta Commons-HttpClient/3.1"
61.149.37.106 - - [17/Apr/2013:14:45:03 +0800] "GET /sxzn/index.action HTTP/1.1" 200 18352 "-" "Jakarta Commons-HttpClient/3.1"
61.149.37.239 - - [17/Apr/2013:14:45:28 +0800] "GET / HTTP/1.1" 302 - "-" "Jakarta Commons-HttpClient/3.1"
61.149.37.239 - - [17/Apr/2013:14:45:28 +0800] "GET /sxzn/index.action HTTP/1.1" 200 18352 "-" "Jakarta Commons-HttpClient/3.1"
114.248.162.51 - - [17/Apr/2013:14:47:41 +0800] "GET / HTTP/1.1" 302 - "-" "Java/1.6.0_10-rc2"
114.248.162.51 - - [17/Apr/2013:14:47:41 +0800] "GET /sxzn/index.action HTTP/1.1" 200 18528 "-" "Java/1.6.0_10-rc2"
220.181.108.118 - - [17/Apr/2013:14:48:09 +0800] "GET /http_type/tm/docments/LT41230301989010XXX02%20Metadata.htm HTTP/1.1" 200 16136 "-" "Mozilla/5.0 (compatible; Baiduspider/2.0; +http://www.baidu.com/search/spider.html)"
121.18.98.182 - - [17/Apr/2013:14:50:05 +0800] "GET /zszx/map/photo/80huagtu/trsyx.bmp HTTP/1.1" 200 867098 "http://image.baidu.com/i?ct=503316480&z=&tn=baiduimagedetail&word=%E5%9C%9F%E5%A3%A4&ie=utf-8&in=17869&cl=2&lm=-1&st=&pn=0&rn=1&di=48073153600&ln=1996&fr=&fm=&fmq=1366181248609_R&ic=&s=&se=&sme=0&tab=&width=&height=&face=&is=&istype=&hit=" "Mozilla/4.0 (compatible; MSIE 6.0; Windows NT 5.1; SV1)"
61.149.37.106 - - [17/Apr/2013:14:50:13 +0800] "GET / HTTP/1.1" 302 - "-" "Jakarta Commons-HttpClient/3.1"
61.149.37.106 - - [17/Apr/2013:14:50:13 +0800] "GET /sxzn/index.action HTTP/1.1" 200 18352 "-" "Jakarta Commons-HttpClient/3.1"
121.18.132.52 - - [17/Apr/2013:14:50:20 +0800] "GET /zszx/map/photo/cw/soil.bmp HTTP/1.1" 200 867098 "http://image.baidu.com/i?ct=503316480&z=&tn=baiduimagedetail&word=%E5%9C%9F%E5%A3%A4&ie=utf-8&in=17869&cl=2&lm=-1&st=&pn=0&rn=1&di=48073153600&ln=1996&fr=&fm=&fmq=1366181248609_R&ic=&s=&se=&sme=0&tab=&width=&height=&face=&is=&istype=&hit=" "Mozilla/4.0 (compatible; MSIE 6.0; Windows NT 5.1; SV1)"
121.18.132.52 - - [17/Apr/2013:14:50:23 +0800] "GET /zszx/map/photo/cw/soil.bmp HTTP/1.1" 200 867098 "http://image.baidu.com/i?ct=503316480&z=&tn=baiduimagedetail&word=%E5%9C%9F%E5%A3%A4&ie=utf-8&in=17869&cl=2&lm=-1&st=&pn=0&rn=1&di=48073153600&ln=1996&fr=&fm=&fmq=1366181248609_R&ic=&s=&se=&sme=0&tab=&width=&height=&face=&is=&istype=&hit=" "Mozilla/4.0 (compatible; MSIE 6.0; Windows NT 5.1; SV1)"
61.149.37.239 - - [17/Apr/2013:14:50:39 +0800] "GET / HTTP/1.1" 302 - "-" "Jakarta Commons-HttpClient/3.1"
61.149.37.239 - - [17/Apr/2013:14:50:39 +0800] "GET /sxzn/index.action HTTP/1.1" 200 18352 "-" "Jakarta Commons-HttpClient/3.1"
114.248.162.51 - - [17/Apr/2013:14:52:58 +0800] "GET / HTTP/1.0" 302 - "-" "hqthCrawler"
117.32.153.161 - - [17/Apr/2013:14:54:13 +0800] "GET / HTTP/1.1" 302 - "-" "Mozilla/4.0 (compatible; MSIE 5.00; Windows 98)"
117.32.153.161 - - [17/Apr/2013:14:54:17 +0800] "GET /sxzn/index.action HTTP/1.1" 200 18352 "-" "Mozilla/4.0 (compatible; MSIE 5.00; Windows 98)"
117.32.153.161 - - [17/Apr/2013:14:54:17 +0800] "GET /favicon.ico HTTP/1.1" 404 209 "-" "Mozilla/4.0 (compatible; MSIE 5.00; Windows 98)"
61.149.37.106 - - [17/Apr/2013:14:55:24 +0800] "GET / HTTP/1.1" 302 - "-" "Jakarta Commons-HttpClient/3.1"
61.149.37.106 - - [17/Apr/2013:14:55:24 +0800] "GET /sxzn/index.action HTTP/1.1" 200 18352 "-" "Jakarta Commons-HttpClient/3.1"
61.149.37.239 - - [17/Apr/2013:14:55:43 +0800] "GET / HTTP/1.1" 302 - "-" "Jakarta Commons-HttpClient/3.1"
61.149.37.239 - - [17/Apr/2013:14:55:43 +0800] "GET /sxzn/index.action HTTP/1.1" 200 18352 "-" "Jakarta Commons-HttpClient/3.1"
111.206.71.41 - - [17/Apr/2013:14:56:49 +0800] "GET /http_type/tm/docments/LT51150292006217IKR00%20Metadata.htm HTTP/1.1" 200 16138 "-" "Mozilla/5.0 (compatible; Baiduspider/2.0; +http://www.baidu.com/search/spider.html)"
115.61.245.172 - - [17/Apr/2013:14:58:56 +0800] "GET /zszx/map/photo/50huangtu/plwkxsl.bmp HTTP/1.1" 200 867098 "http://image.baidu.com/i?ct=503316480&z=0&tn=baiduimagedetail&word=%E6%B2%B3%E5%8D%97%E7%9A%84%E5%9C%9F%E5%A3%A4%E7%A7%8D%E7%B1%BB&ie=utf-8&in=32047&cl=2&lm=-1&st=&pn=16&rn=1&di=268427268900&ln=1996&fr=map0000&fm=map0000&fmq=1366181886046_R&ic=&s=&se=&sme=0&tab=&width=&height=&face=&is=&istype=&hit=" "Mozilla/4.0 (compatible; MSIE 8.0; Windows NT 5.1; Trident/4.0; .NET CLR 1.1.4322)"
210.26.50.117 - - [17/Apr/2013:14:59:50 +0800] "GET /favicon.ico HTTP/1.1" 404 209 "-" "Mozilla/4.0 (compatible; MSIE 7.0; Windows NT 5.1; Trident/4.0; .NET CLR 2.0.50727; 360space)"
61.149.37.106 - - [17/Apr/2013:15:00:31 +0800] "GET / HTTP/1.1" 302 - "-" "Jakarta Commons-HttpClient/3.1"
61.149.37.106 - - [17/Apr/2013:15:00:31 +0800] "GET /sxzn/index.action HTTP/1.1" 200 18352 "-" "Jakarta Commons-HttpClient/3.1"
113.140.84.107 - - [17/Apr/2013:15:00:40 +0800] "GET /favicon.ico HTTP/1.1" 404 209 "-" "Mozilla/4.0 (compatible; MSIE 7.0; Windows NT 5.1; Trident/4.0; .NET CLR 2.0.50727; 360space)"
66.249.75.8 - - [17/Apr/2013:15:00:50 +0800] "GET /http_type/tm/html/html/pic/LT51320331995162XXX02.jpg HTTP/1.1" 404 250 "-" "Googlebot-Image/1.0"
61.149.37.239 - - [17/Apr/2013:15:00:51 +0800] "GET / HTTP/1.1" 302 - "-" "Jakarta Commons-HttpClient/3.1"
61.149.37.239 - - [17/Apr/2013:15:00:51 +0800] "GET /sxzn/index.action HTTP/1.1" 200 18352 "-" "Jakarta Commons-HttpClient/3.1"
61.149.12.161 - - [17/Apr/2013:15:01:15 +0800] "GET / HTTP/1.1" 302 - "-" "Jakarta Commons-HttpClient/3.0"
61.149.12.161 - - [17/Apr/2013:15:01:15 +0800] "GET /sxzn/index.action HTTP/1.1" 200 18352 "-" "Jakarta Commons-HttpClient/3.0"
111.206.71.109 - - [17/Apr/2013:15:02:30 +0800] "GET /http_type/tm/docments/LT41210321989044XXX02%20Metadata.htm HTTP/1.1" 200 16136 "-" "Mozilla/5.0 (compatible; Baiduspider/2.0; +http://www.baidu.com/search/spider.html)"
111.206.71.30 - - [17/Apr/2013:15:04:03 +0800] "GET /http_type/tm/docments/LT51160272004267BJC00%20Metadata.htm HTTP/1.1" 200 16155 "-" "Mozilla/5.0 (compatible; Baiduspider/2.0; +http://www.baidu.com/search/spider.html)"
61.149.37.106 - - [17/Apr/2013:15:05:02 +0800] "GET / HTTP/1.1" 302 - "-" "Jakarta Commons-HttpClient/3.1"
61.149.37.106 - - [17/Apr/2013:15:05:02 +0800] "GET /sxzn/index.action HTTP/1.1" 200 18352 "-" "Jakarta Commons-HttpClient/3.1"
61.149.37.239 - - [17/Apr/2013:15:05:28 +0800] "GET / HTTP/1.1" 302 - "-" "Jakarta Commons-HttpClient/3.1"
61.149.37.239 - - [17/Apr/2013:15:05:28 +0800] "GET /sxzn/index.action HTTP/1.1" 200 18352 "-" "Jakarta Commons-HttpClient/3.1"
114.138.228.73 - - [17/Apr/2013:15:05:51 +0800] "GET /clim/advanced/index.jsp HTTP/1.1" 200 719 "-" "Mozilla/5.0 (Windows NT 5.1) AppleWebKit/537.1 (KHTML, like Gecko) Chrome/7.3.2201.9 Safari/537.1"
114.138.228.73 - - [17/Apr/2013:15:05:51 +0800] "GET /sxzn/inc/topFrame.jsp HTTP/1.1" 200 2567 "http://www.zxsxsample.com/clim/advanced/index.jsp" "Mozilla/5.0 (Windows NT 5.1) AppleWebKit/537.1 (KHTML, like Gecko) Chrome/7.3.2201.9 Safari/537.1"
114.138.228.73 - - [17/Apr/2013:15:05:51 +0800] "GET /clim/climintro.jsp HTTP/1.1" 200 3270 "http://www.zxsxsample.com/clim/advanced/index.jsp" "Mozilla/5.0 (Windows NT 5.1) AppleWebKit/537.1 (KHTML, like Gecko) Chrome/7.3.2201.9 Safari/537.1"
114.138.228.73 - - [17/Apr/2013:15:05:51 +0800] "GET /clim/navigation/style.css HTTP/1.1" 404 223 "http://www.zxsxsample.com/clim/climintro.jsp" "Mozilla/5.0 (Windows NT 5.1) AppleWebKit/537.1 (KHTML, like Gecko) Chrome/7.3.2201.9 Safari/537.1"
114.138.228.73 - - [17/Apr/2013:15:05:51 +0800] "GET /sxzn/css/layout.css HTTP/1.1" 200 6591 "http://www.zxsxsample.com/sxzn/inc/topFrame.jsp" "Mozilla/5.0 (Windows NT 5.1) AppleWebKit/537.1 (KHTML, like Gecko) Chrome/7.3.2201.9 Safari/537.1"
114.138.228.73 - - [17/Apr/2013:15:05:51 +0800] "GET /sxzn/css/index.css HTTP/1.1" 200 1730 "http://www.zxsxsample.com/sxzn/inc/topFrame.jsp" "Mozilla/5.0 (Windows NT 5.1) AppleWebKit/537.1 (KHTML, like Gecko) Chrome/7.3.2201.9 Safari/537.1"
114.138.228.73 - - [17/Apr/2013:15:05:51 +0800] "GET /clim/advanced/left.jsp HTTP/1.1" 200 20497 "http://www.zxsxsample.com/clim/advanced/index.jsp" "Mozilla/5.0 (Windows NT 5.1) AppleWebKit/537.1 (KHTML, like Gecko) Chrome/7.3.2201.9 Safari/537.1"
114.138.228.73 - - [17/Apr/2013:15:05:53 +0800] "GET /clim/images/climintro1.jpg HTTP/1.1" 200 9023 "http://www.zxsxsample.com/clim/climintro.jsp" "Mozilla/5.0 (Windows NT 5.1) AppleWebKit/537.1 (KHTML, like Gecko) Chrome/7.3.2201.9 Safari/537.1"
114.138.228.73 - - [17/Apr/2013:15:05:53 +0800] "GET /clim/images/climintro2.jpg HTTP/1.1" 200 11519 "http://www.zxsxsample.com/clim/climintro.jsp" "Mozilla/5.0 (Windows NT 5.1) AppleWebKit/537.1 (KHTML, like Gecko) Chrome/7.3.2201.9 Safari/537.1"
114.138.228.73 - - [17/Apr/2013:15:05:53 +0800] "GET /clim/images/pretty2.jpg HTTP/1.1" 200 23317 "http://www.zxsxsample.com/clim/climintro.jsp" "Mozilla/5.0 (Windows NT 5.1) AppleWebKit/537.1 (KHTML, like Gecko) Chrome/7.3.2201.9 Safari/537.1"
114.138.228.73 - - [17/Apr/2013:15:05:53 +0800] "GET /clim/images/climintro4.jpg HTTP/1.1" 200 29824 "http://www.zxsxsample.com/clim/climintro.jsp" "Mozilla/5.0 (Windows NT 5.1) AppleWebKit/537.1 (KHTML, like Gecko) Chrome/7.3.2201.9 Safari/537.1"
114.138.228.73 - - [17/Apr/2013:15:05:54 +0800] "GET /clim/advanced/images/Moff.gif HTTP/1.1" 200 53 "http://www.zxsxsample.com/clim/advanced/left.jsp" "Mozilla/5.0 (Windows NT 5.1) AppleWebKit/537.1 (KHTML, like Gecko) Chrome/7.3.2201.9 Safari/537.1"
114.138.228.73 - - [17/Apr/2013:15:05:54 +0800] "GET /clim/advanced/images/open_node.gif HTTP/1.1" 200 79 "http://www.zxsxsample.com/clim/advanced/left.jsp" "Mozilla/5.0 (Windows NT 5.1) AppleWebKit/537.1 (KHTML, like Gecko) Chrome/7.3.2201.9 Safari/537.1"
114.138.228.73 - - [17/Apr/2013:15:05:54 +0800] "GET /clim/advanced/images/vertline.gif HTTP/1.1" 200 63 "http://www.zxsxsample.com/clim/advanced/left.jsp" "Mozilla/5.0 (Windows NT 5.1) AppleWebKit/537.1 (KHTML, like Gecko) Chrome/7.3.2201.9 Safari/537.1"
114.138.228.73 - - [17/Apr/2013:15:05:54 +0800] "GET /clim/advanced/images/line_05.gif HTTP/1.1" 200 65 "http://www.zxsxsample.com/clim/advanced/left.jsp" "Mozilla/5.0 (Windows NT 5.1) AppleWebKit/537.1 (KHTML, like Gecko) Chrome/7.3.2201.9 Safari/537.1"
114.138.228.73 - - [17/Apr/2013:15:05:54 +0800] "GET /clim/advanced/images/grid.gif HTTP/1.1" 200 987 "http://www.zxsxsample.com/clim/advanced/left.jsp" "Mozilla/5.0 (Windows NT 5.1) AppleWebKit/537.1 (KHTML, like Gecko) Chrome/7.3.2201.9 Safari/537.1"
114.138.228.73 - - [17/Apr/2013:15:05:54 +0800] "GET /clim/advanced/images/line_05_last.gif HTTP/1.1" 200 62 "http://www.zxsxsample.com/clim/advanced/left.jsp" "Mozilla/5.0 (Windows NT 5.1) AppleWebKit/537.1 (KHTML, like Gecko) Chrome/7.3.2201.9 Safari/537.1"
114.138.228.73 - - [17/Apr/2013:15:05:54 +0800] "GET /clim/advanced/images/open_folder.gif HTTP/1.1" 200 568 "http://www.zxsxsample.com/clim/advanced/left.jsp" "Mozilla/5.0 (Windows NT 5.1) AppleWebKit/537.1 (KHTML, like Gecko) Chrome/7.3.2201.9 Safari/537.1"
114.138.228.73 - - [17/Apr/2013:15:05:54 +0800] "GET /clim/advanced/images/open_lastnode.gif HTTP/1.1" 200 78 "http://www.zxsxsample.com/clim/advanced/left.jsp" "Mozilla/5.0 (Windows NT 5.1) AppleWebKit/537.1 (KHTML, like Gecko) Chrome/7.3.2201.9 Safari/537.1"
114.138.228.73 - - [17/Apr/2013:15:05:54 +0800] "GET /clim/advanced/images/node.gif HTTP/1.1" 200 82 "http://www.zxsxsample.com/clim/advanced/left.jsp" "Mozilla/5.0 (Windows NT 5.1) AppleWebKit/537.1 (KHTML, like Gecko) Chrome/7.3.2201.9 Safari/537.1"
114.138.228.73 - - [17/Apr/2013:15:05:54 +0800] "GET /clim/advanced/images/blank.gif HTTP/1.1" 200 135 "http://www.zxsxsample.com/clim/advanced/left.jsp" "Mozilla/5.0 (Windows NT 5.1) AppleWebKit/537.1 (KHTML, like Gecko) Chrome/7.3.2201.9 Safari/537.1"
114.138.228.73 - - [17/Apr/2013:15:05:54 +0800] "GET /clim/advanced/images/tf.gif HTTP/1.1" 200 992 "http://www.zxsxsample.com/clim/advanced/left.jsp" "Mozilla/5.0 (Windows NT 5.1) AppleWebKit/537.1 (KHTML, like Gecko) Chrome/7.3.2201.9 Safari/537.1"
114.138.228.73 - - [17/Apr/2013:15:05:54 +0800] "GET /clim/advanced/images/doc.gif HTTP/1.1" 200 1014 "http://www.zxsxsample.com/clim/advanced/left.jsp" "Mozilla/5.0 (Windows NT 5.1) AppleWebKit/537.1 (KHTML, like Gecko) Chrome/7.3.2201.9 Safari/537.1"
114.138.228.73 - - [17/Apr/2013:15:05:54 +0800] "GET /clim/advanced/images/lastnode.gif HTTP/1.1" 200 80 "http://www.zxsxsample.com/clim/advanced/left.jsp" "Mozilla/5.0 (Windows NT 5.1) AppleWebKit/537.1 (KHTML, like Gecko) Chrome/7.3.2201.9 Safari/537.1"
114.138.228.73 - - [17/Apr/2013:15:05:54 +0800] "GET /sxzn/inc/topFrame.jsp HTTP/1.1" 200 2479 "http://www.zxsxsample.com/sxzn/inc/topFrame.jsp" "Mozilla/5.0 (Windows NT 5.1) AppleWebKit/537.1 (KHTML, like Gecko) Chrome/7.3.2201.9 Safari/537.1"
114.138.228.73 - - [17/Apr/2013:15:05:54 +0800] "GET /sxzn/images/doc_02.gif HTTP/1.1" 200 55 "http://www.zxsxsample.com/sxzn/inc/topFrame.jsp" "Mozilla/5.0 (Windows NT 5.1) AppleWebKit/537.1 (KHTML, like Gecko) Chrome/7.3.2201.9 Safari/537.1"
114.138.228.73 - - [17/Apr/2013:15:05:54 +0800] "GET /clim/advanced/images/folder.gif HTTP/1.1" 200 560 "http://www.zxsxsample.com/clim/advanced/left.jsp" "Mozilla/5.0 (Windows NT 5.1) AppleWebKit/537.1 (KHTML, like Gecko) Chrome/7.3.2201.9 Safari/537.1"
114.138.228.73 - - [17/Apr/2013:15:05:54 +0800] "GET /sxzn/images/logo.jpg HTTP/1.1" 200 41120 "http://www.zxsxsample.com/sxzn/inc/topFrame.jsp" "Mozilla/5.0 (Windows NT 5.1) AppleWebKit/537.1 (KHTML, like Gecko) Chrome/7.3.2201.9 Safari/537.1"
114.138.228.73 - - [17/Apr/2013:15:05:55 +0800] "GET /favicon.ico HTTP/1.1" 404 209 "-" "Mozilla/5.0 (Windows NT 5.1) AppleWebKit/537.1 (KHTML, like Gecko) Chrome/7.3.2201.9 Safari/537.1"
61.149.37.106 - - [17/Apr/2013:15:10:02 +0800] "GET / HTTP/1.1" 302 - "-" "Jakarta Commons-HttpClient/3.1"
61.149.37.106 - - [17/Apr/2013:15:10:02 +0800] "GET /sxzn/index.action HTTP/1.1" 200 18352 "-" "Jakarta Commons-HttpClient/3.1"
61.149.37.239 - - [17/Apr/2013:15:10:27 +0800] "GET / HTTP/1.1" 302 - "-" "Jakarta Commons-HttpClient/3.1"
61.149.37.239 - - [17/Apr/2013:15:10:27 +0800] "GET /sxzn/index.action HTTP/1.1" 200 18352 "-" "Jakarta Commons-HttpClient/3.1"
114.248.162.51 - - [17/Apr/2013:15:12:08 +0800] "GET / HTTP/1.1" 302 - "-" "Java/1.6.0_10-rc2"
114.248.162.51 - - [17/Apr/2013:15:12:08 +0800] "GET /sxzn/index.action HTTP/1.1" 200 18528 "-" "Java/1.6.0_10-rc2"
113.134.89.156 - - [17/Apr/2013:15:12:41 +0800] "GET /zszx/map/photo/cgzai/ajs.bmp HTTP/1.1" 200 867098 "http://image.baidu.com/i?ct=503316480&z=3&tn=baiduimagedetail&word=%E9%BB%84%E5%9C%9F%E9%AB%98%E5%8E%9F%E5%9B%BD%E7%94%BB&ie=utf-8&in=24752&cl=2&lm=-1&st=-1&pn=217&rn=1&di=72450816812&ln=2000&fr=&fm=result&fmq=1366182500125_R&ic=0&s=&se=1&sme=0&tab=&width=0&height=0&face=0&is=&istype=2&hit=" "Mozilla/4.0 (compatible; MSIE 8.0; Windows NT 5.1; Trident/4.0)"
111.90.152.110 - - [17/Apr/2013:15:14:15 +0800] "GET / HTTP/1.1" 302 - "-" "Mozilla/4.0 (compatible; MSIE 5.0; Windows NT; DigExt; DTS Agent"
61.149.37.106 - - [17/Apr/2013:15:15:22 +0800] "GET / HTTP/1.1" 302 - "-" "Jakarta Commons-HttpClient/3.1"
61.149.37.106 - - [17/Apr/2013:15:15:22 +0800] "GET /sxzn/index.action HTTP/1.1" 200 18352 "-" "Jakarta Commons-HttpClient/3.1"
61.149.37.239 - - [17/Apr/2013:15:15:29 +0800] "GET / HTTP/1.1" 302 - "-" "Jakarta Commons-HttpClient/3.1"
61.149.37.239 - - [17/Apr/2013:15:15:29 +0800] "GET /sxzn/index.action HTTP/1.1" 200 18352 "-" "Jakarta Commons-HttpClient/3.1"
111.206.71.36 - - [17/Apr/2013:15:16:52 +0800] "GET /http_type/tm/docments/LT41200351989069XXX02%20Metadata.htm HTTP/1.1" 200 16135 "-" "Mozilla/5.0 (compatible; Baiduspider/2.0; +http://www.baidu.com/search/spider.html)"
123.151.148.207 - - [17/Apr/2013:15:18:00 +0800] "GET /clim/advanced/index.jsp HTTP/1.1" 200 719 "http://www.zxsxsample.com/" "Sosospider+(+http://help.soso.com/webspider.htm)"
123.151.148.207 - - [17/Apr/2013:15:18:10 +0800] "GET /sxzn/index.action HTTP/1.1" 200 18528 "http://www.zxsxsample.com/" "Sosospider+(+http://help.soso.com/webspider.htm)"
123.151.148.207 - - [17/Apr/2013:15:18:20 +0800] "GET /clim/advanced/about:black HTTP/1.1" 403 227 "http://www.zxsxsample.com/clim/advanced/index.jsp" "Sosospider+(+http://help.soso.com/webspider.htm)"
123.151.148.207 - - [17/Apr/2013:15:18:30 +0800] "GET /clim/advanced/left.jsp HTTP/1.1" 200 20497 "http://www.zxsxsample.com/clim/advanced/index.jsp" "Sosospider+(+http://help.soso.com/webspider.htm)"
111.206.71.41 - - [17/Apr/2013:15:18:32 +0800] "GET /http_type/tm/docments/LT51160292007195MGR01%20Metadata.htm HTTP/1.1" 200 16137 "-" "Mozilla/5.0 (compatible; Baiduspider/2.0; +http://www.baidu.com/search/spider.html)"
61.149.37.106 - - [17/Apr/2013:15:20:03 +0800] "GET / HTTP/1.1" 302 - "-" "Jakarta Commons-HttpClient/3.1"
61.149.37.106 - - [17/Apr/2013:15:20:03 +0800] "GET /sxzn/index.action HTTP/1.1" 200 18352 "-" "Jakarta Commons-HttpClient/3.1"
61.149.37.239 - - [17/Apr/2013:15:20:27 +0800] "GET / HTTP/1.1" 302 - "-" "Jakarta Commons-HttpClient/3.1"
61.149.37.239 - - [17/Apr/2013:15:20:27 +0800] "GET /sxzn/index.action HTTP/1.1" 200 18352 "-" "Jakarta Commons-HttpClient/3.1"
116.21.140.154 - - [17/Apr/2013:15:22:00 +0800] "GET /zszx/map/photo/cgzai/ajs.bmp HTTP/1.1" 200 867098 "http://image.baidu.com/i?ct=503316480&z=&tn=baiduimagedetail&word=%E6%95%B0%E6%8D%AE%E6%A0%87%E5%87%86&ie=utf-8&in=7502&cl=2&lm=-1&st=&pn=82&rn=1&di=135764775300&ln=1980&fr=&fm=&fmq=1366183210437_R&ic=&s=&se=&sme=0&tab=&width=&height=&face=&is=&istype=&hit=" "Mozilla/4.0 (compatible; MSIE 8.0; Windows NT 5.1; Trident/4.0; .NET CLR 2.0.50727; .NET4.0C; .NET4.0E)"
61.149.37.106 - - [17/Apr/2013:15:25:02 +0800] "GET / HTTP/1.1" 302 - "-" "Jakarta Commons-HttpClient/3.1"
61.149.37.106 - - [17/Apr/2013:15:25:02 +0800] "GET /sxzn/index.action HTTP/1.1" 200 18352 "-" "Jakarta Commons-HttpClient/3.1"
61.149.37.239 - - [17/Apr/2013:15:25:27 +0800] "GET / HTTP/1.1" 302 - "-" "Jakarta Commons-HttpClient/3.1"
61.149.37.239 - - [17/Apr/2013:15:25:27 +0800] "GET /sxzn/index.action HTTP/1.1" 200 18352 "-" "Jakarta Commons-HttpClient/3.1"
66.249.75.6 - - [17/Apr/2013:15:28:01 +0800] "GET /http_type/tm/html/html/pic/LT51370301990247XXX01.jpg HTTP/1.1" 404 250 "-" "Googlebot-Image/1.0"
210.72.146.242 - - [17/Apr/2013:15:28:47 +0800] "GET /stat/stat_txt_1.htm HTTP/1.1" 200 5251 "http://www.google.com.hk/search?q=%E9%BB%84%E5%9C%9F%E9%AB%98%E5%8E%9F%E9%9D%A2%E7%A7%AF&um=1&newwindow=1&safe=strict&hl=zh-CN&gbv=2&ie=UTF-8&sa=N&tab=iw" "Mozilla/4.0 (compatible; MSIE 7.0; Windows NT 5.1)"
210.72.146.242 - - [17/Apr/2013:15:28:48 +0800] "GET /favicon.ico HTTP/1.1" 404 209 "-" "Mozilla/4.0 (compatible; MSIE 7.0; Windows NT 5.1)"
210.72.146.242 - - [17/Apr/2013:15:28:48 +0800] "GET /favicon.ico HTTP/1.1" 404 209 "-" "Youdao Toolbar (http://toolbar.youdao.com/)"
114.248.162.51 - - [17/Apr/2013:15:29:48 +0800] "GET / HTTP/1.0" 302 - "-" "hqthCrawler"
61.149.37.106 - - [17/Apr/2013:15:30:22 +0800] "GET / HTTP/1.1" 302 - "-" "Jakarta Commons-HttpClient/3.1"
